Archive member included to satisfy reference by file (symbol)

E:/STM32CubeIDE_1.13.1/STM32CubeIDE/plugins/com.st.stm32cube.ide.mcu.externaltools.gnu-tools-for-stm32.11.3.rel1.win32_1.1.0.202305231506/tools/bin/../lib/gcc/arm-none-eabi/11.3.1/../../../../arm-none-eabi/lib/thumb/v7e-m+fp/hard\libc_nano.a(libc_a-atoi.o)
                              ./Application/User/gatt_db.o (atoi)
E:/STM32CubeIDE_1.13.1/STM32CubeIDE/plugins/com.st.stm32cube.ide.mcu.externaltools.gnu-tools-for-stm32.11.3.rel1.win32_1.1.0.202305231506/tools/bin/../lib/gcc/arm-none-eabi/11.3.1/../../../../arm-none-eabi/lib/thumb/v7e-m+fp/hard\libc_nano.a(libc_a-exit.o)
                              E:/STM32CubeIDE_1.13.1/STM32CubeIDE/plugins/com.st.stm32cube.ide.mcu.externaltools.gnu-tools-for-stm32.11.3.rel1.win32_1.1.0.202305231506/tools/bin/../lib/gcc/arm-none-eabi/11.3.1/../../../../arm-none-eabi/lib/thumb/v7e-m+fp/hard/crt0.o (exit)
E:/STM32CubeIDE_1.13.1/STM32CubeIDE/plugins/com.st.stm32cube.ide.mcu.externaltools.gnu-tools-for-stm32.11.3.rel1.win32_1.1.0.202305231506/tools/bin/../lib/gcc/arm-none-eabi/11.3.1/../../../../arm-none-eabi/lib/thumb/v7e-m+fp/hard\libc_nano.a(libc_a-rand.o)
                              ./Application/User/app_bluenrg_2.o (srand)
E:/STM32CubeIDE_1.13.1/STM32CubeIDE/plugins/com.st.stm32cube.ide.mcu.externaltools.gnu-tools-for-stm32.11.3.rel1.win32_1.1.0.202305231506/tools/bin/../lib/gcc/arm-none-eabi/11.3.1/../../../../arm-none-eabi/lib/thumb/v7e-m+fp/hard\libc_nano.a(libc_a-strtol.o)
                              E:/STM32CubeIDE_1.13.1/STM32CubeIDE/plugins/com.st.stm32cube.ide.mcu.externaltools.gnu-tools-for-stm32.11.3.rel1.win32_1.1.0.202305231506/tools/bin/../lib/gcc/arm-none-eabi/11.3.1/../../../../arm-none-eabi/lib/thumb/v7e-m+fp/hard\libc_nano.a(libc_a-atoi.o) (_strtol_r)
E:/STM32CubeIDE_1.13.1/STM32CubeIDE/plugins/com.st.stm32cube.ide.mcu.externaltools.gnu-tools-for-stm32.11.3.rel1.win32_1.1.0.202305231506/tools/bin/../lib/gcc/arm-none-eabi/11.3.1/../../../../arm-none-eabi/lib/thumb/v7e-m+fp/hard\libc_nano.a(libc_a-ctype_.o)
                              E:/STM32CubeIDE_1.13.1/STM32CubeIDE/plugins/com.st.stm32cube.ide.mcu.externaltools.gnu-tools-for-stm32.11.3.rel1.win32_1.1.0.202305231506/tools/bin/../lib/gcc/arm-none-eabi/11.3.1/../../../../arm-none-eabi/lib/thumb/v7e-m+fp/hard\libc_nano.a(libc_a-strtol.o) (_ctype_)
E:/STM32CubeIDE_1.13.1/STM32CubeIDE/plugins/com.st.stm32cube.ide.mcu.externaltools.gnu-tools-for-stm32.11.3.rel1.win32_1.1.0.202305231506/tools/bin/../lib/gcc/arm-none-eabi/11.3.1/../../../../arm-none-eabi/lib/thumb/v7e-m+fp/hard\libc_nano.a(libc_a-findfp.o)
                              E:/STM32CubeIDE_1.13.1/STM32CubeIDE/plugins/com.st.stm32cube.ide.mcu.externaltools.gnu-tools-for-stm32.11.3.rel1.win32_1.1.0.202305231506/tools/bin/../lib/gcc/arm-none-eabi/11.3.1/../../../../arm-none-eabi/lib/thumb/v7e-m+fp/hard\libc_nano.a(libc_a-exit.o) (__stdio_exit_handler)
E:/STM32CubeIDE_1.13.1/STM32CubeIDE/plugins/com.st.stm32cube.ide.mcu.externaltools.gnu-tools-for-stm32.11.3.rel1.win32_1.1.0.202305231506/tools/bin/../lib/gcc/arm-none-eabi/11.3.1/../../../../arm-none-eabi/lib/thumb/v7e-m+fp/hard\libc_nano.a(libc_a-fwalk.o)
                              E:/STM32CubeIDE_1.13.1/STM32CubeIDE/plugins/com.st.stm32cube.ide.mcu.externaltools.gnu-tools-for-stm32.11.3.rel1.win32_1.1.0.202305231506/tools/bin/../lib/gcc/arm-none-eabi/11.3.1/../../../../arm-none-eabi/lib/thumb/v7e-m+fp/hard\libc_nano.a(libc_a-findfp.o) (_fwalk_sglue)
E:/STM32CubeIDE_1.13.1/STM32CubeIDE/plugins/com.st.stm32cube.ide.mcu.externaltools.gnu-tools-for-stm32.11.3.rel1.win32_1.1.0.202305231506/tools/bin/../lib/gcc/arm-none-eabi/11.3.1/../../../../arm-none-eabi/lib/thumb/v7e-m+fp/hard\libc_nano.a(libc_a-printf.o)
                              ./Application/User/OTA.o (printf)
E:/STM32CubeIDE_1.13.1/STM32CubeIDE/plugins/com.st.stm32cube.ide.mcu.externaltools.gnu-tools-for-stm32.11.3.rel1.win32_1.1.0.202305231506/tools/bin/../lib/gcc/arm-none-eabi/11.3.1/../../../../arm-none-eabi/lib/thumb/v7e-m+fp/hard\libc_nano.a(libc_a-puts.o)
                              ./Application/User/OTA.o (puts)
E:/STM32CubeIDE_1.13.1/STM32CubeIDE/plugins/com.st.stm32cube.ide.mcu.externaltools.gnu-tools-for-stm32.11.3.rel1.win32_1.1.0.202305231506/tools/bin/../lib/gcc/arm-none-eabi/11.3.1/../../../../arm-none-eabi/lib/thumb/v7e-m+fp/hard\libc_nano.a(libc_a-sprintf.o)
                              ./Application/User/gatt_db.o (sprintf)
E:/STM32CubeIDE_1.13.1/STM32CubeIDE/plugins/com.st.stm32cube.ide.mcu.externaltools.gnu-tools-for-stm32.11.3.rel1.win32_1.1.0.202305231506/tools/bin/../lib/gcc/arm-none-eabi/11.3.1/../../../../arm-none-eabi/lib/thumb/v7e-m+fp/hard\libc_nano.a(libc_a-stdio.o)
[...]
Memory Configuration

Name             Origin             Length             Attributes
RAM              0x0000000020000000 0x0000000000018000 xrw
RAM2             0x0000000010000000 0x0000000000008000 xrw
FLASH            0x0000000008004000 0x0000000000100000 xr
*default*        0x0000000000000000 0xffffffffffffffff

Linker script and memory map

LOAD E:/STM32CubeIDE_1.13.1/STM32CubeIDE/plugins/com.st.stm32cube.ide.mcu.externaltools.gnu-tools-for-stm32.11.3.rel1.win32_1.1.0.202305231506/tools/bin/../lib/gcc/arm-none-eabi/11.3.1/thumb/v7e-m+fp/hard/crti.o
LOAD E:/STM32CubeIDE_1.13.1/STM32CubeIDE/plugins/com.st.stm32cube.ide.mcu.externaltools.gnu-tools-for-stm32.11.3.rel1.win32_1.1.0.202305231506/tools/bin/../lib/gcc/arm-none-eabi/11.3.1/thumb/v7e-m+fp/hard/crtbegin.o
LOAD E:/STM32CubeIDE_1.13.1/STM32CubeIDE/plugins/com.st.stm32cube.ide.mcu.externaltools.gnu-tools-for-stm32.11.3.rel1.win32_1.1.0.202305231506/tools/bin/../lib/gcc/arm-none-eabi/11.3.1/../../../../arm-none-eabi/lib/thumb/v7e-m+fp/hard/crt0.o
LOAD ./Application/Startup/startup_stm32l476rgtx.o
LOAD ./Application/User/OTA.o
LOAD ./Application/User/app_bluenrg_2.o
LOAD ./Application/User/gatt_db.o
LOAD ./Application/User/hci_tl_interface.o
LOAD ./Application/User/main.o
LOAD ./Application/User/sensor.o
LOAD ./Application/User/stm32l4xx_hal_msp.o
LOAD ./Application/User/stm32l4xx_it.o
LOAD ./Application/User/stm32l4xx_nucleo_bus.o
LOAD ./Application/User/syscalls.o
LOAD ./Application/User/sysmem.o
LOAD ./Application/User/target_platform.o
LOAD ./Drivers/BSP/STM32L4xx_Nucleo/stm32l4xx_nucleo.o
LOAD ./Drivers/CMSIS/system_stm32l4xx.o
LOAD ./Drivers/STM32L4xx_HAL_Driver/stm32l4xx_hal.o
LOAD ./Drivers/STM32L4xx_HAL_Driver/stm32l4xx_hal_adc.o
LOAD ./Drivers/STM32L4xx_HAL_Driver/stm32l4xx_hal_adc_ex.o
LOAD ./Drivers/STM32L4xx_HAL_Driver/stm32l4xx_hal_cortex.o
LOAD ./Drivers/STM32L4xx_HAL_Driver/stm32l4xx_hal_crc.o
LOAD ./Drivers/STM32L4xx_HAL_Driver/stm32l4xx_hal_crc_ex.o
LOAD ./Drivers/STM32L4xx_HAL_Driver/stm32l4xx_hal_dma.o
LOAD ./Drivers/STM32L4xx_HAL_Driver/stm32l4xx_hal_dma_ex.o
LOAD ./Drivers/STM32L4xx_HAL_Driver/stm32l4xx_hal_exti.o
LOAD ./Drivers/STM32L4xx_HAL_Driver/stm32l4xx_hal_flash.o
LOAD ./Drivers/STM32L4xx_HAL_Driver/stm32l4xx_hal_flash_ex.o
LOAD ./Drivers/STM32L4xx_HAL_Driver/stm32l4xx_hal_flash_ramfunc.o
LOAD ./Drivers/STM32L4xx_HAL_Driver/stm32l4xx_hal_gpio.o
LOAD ./Drivers/STM32L4xx_HAL_Driver/stm32l4xx_hal_pwr.o
LOAD ./Drivers/STM32L4xx_HAL_Driver/stm32l4xx_hal_pwr_ex.o
LOAD ./Drivers/STM32L4xx_HAL_Driver/stm32l4xx_hal_rcc.o
LOAD ./Drivers/STM32L4xx_HAL_Driver/stm32l4xx_hal_rcc_ex.o
LOAD ./Drivers/STM32L4xx_HAL_Driver/stm32l4xx_hal_spi.o
LOAD ./Drivers/STM32L4xx_HAL_Driver/stm32l4xx_hal_spi_ex.o
LOAD ./Drivers/STM32L4xx_HAL_Driver/stm32l4xx_hal_tim.o
LOAD ./Drivers/STM32L4xx_HAL_Driver/stm32l4xx_hal_tim_ex.o
LOAD ./Drivers/STM32L4xx_HAL_Driver/stm32l4xx_hal_uart.o
LOAD ./Drivers/STM32L4xx_HAL_Driver/stm32l4xx_hal_uart_ex.o
LOAD ./Middlewares/BlueNRG-2/Wireless/BlueNRG-2/Controller/bluenrg1_gap_aci.o
LOAD ./Middlewares/BlueNRG-2/Wireless/BlueNRG-2/Controller/bluenrg1_gatt_aci.o
LOAD ./Middlewares/BlueNRG-2/Wireless/BlueNRG-2/Controller/bluenrg1_hal_aci.o
LOAD ./Middlewares/BlueNRG-2/Wireless/BlueNRG-2/Controller/bluenrg1_l2cap_aci.o
LOAD ./Middlewares/BlueNRG-2/Wireless/BlueNRG-2/HCI_TL/Basic/bluenrg1_devConfig.o
LOAD ./Middlewares/BlueNRG-2/Wireless/BlueNRG-2/HCI_TL/Basic/bluenrg1_events.o
LOAD ./Middlewares/BlueNRG-2/Wireless/BlueNRG-2/HCI_TL/Basic/bluenrg1_events_cb.o
LOAD ./Middlewares/BlueNRG-2/Wireless/BlueNRG-2/HCI_TL/Basic/bluenrg1_hci_le.o
LOAD ./Middlewares/BlueNRG-2/Wireless/BlueNRG-2/HCI_TL/Basic/hci_tl.o
LOAD ./Middlewares/BlueNRG-2/Wireless/BlueNRG-2/Utils/ble_list.o
START GROUP
LOAD E:/STM32CubeIDE_1.13.1/STM32CubeIDE/plugins/com.st.stm32cube.ide.mcu.externaltools.gnu-tools-for-stm32.11.3.rel1.win32_1.1.0.202305231506/tools/bin/../lib/gcc/arm-none-eabi/11.3.1/../../../../arm-none-eabi/lib/thumb/v7e-m+fp/hard\libc_nano.a
LOAD E:/STM32CubeIDE_1.13.1/STM32CubeIDE/plugins/com.st.stm32cube.ide.mcu.externaltools.gnu-tools-for-stm32.11.3.rel1.win32_1.1.0.202305231506/tools/bin/../lib/gcc/arm-none-eabi/11.3.1/../../../../arm-none-eabi/lib/thumb/v7e-m+fp/hard\libm.a
END GROUP
START GROUP
LOAD E:/STM32CubeIDE_1.13.1/STM32CubeIDE/plugins/com.st.stm32cube.ide.mcu.externaltools.gnu-tools-for-stm32.11.3.rel1.win32_1.1.0.202305231506/tools/bin/../lib/gcc/arm-none-eabi/11.3.1/thumb/v7e-m+fp/hard\libgcc.a
LOAD E:/STM32CubeIDE_1.13.1/STM32CubeIDE/plugins/com.st.stm32cube.ide.mcu.externaltools.gnu-tools-for-stm32.11.3.rel1.win32_1.1.0.202305231506/tools/bin/../lib/gcc/arm-none-eabi/11.3.1/../../../../arm-none-eabi/lib/thumb/v7e-m+fp/hard\libc_nano.a
END GROUP
START GROUP
LOAD E:/STM32CubeIDE_1.13.1/STM32CubeIDE/plugins/com.st.stm32cube.ide.mcu.externaltools.gnu-tools-for-stm32.11.3.rel1.win32_1.1.0.202305231506/tools/bin/../lib/gcc/arm-none-eabi/11.3.1/thumb/v7e-m+fp/hard\libgcc.a
LOAD E:/STM32CubeIDE_1.13.1/STM32CubeIDE/plugins/com.st.stm32cube.ide.mcu.externaltools.gnu-tools-for-stm32.11.3.rel1.win32_1.1.0.202305231506/tools/bin/../lib/gcc/arm-none-eabi/11.3.1/../../../../arm-none-eabi/lib/thumb/v7e-m+fp/hard\libc_nano.a
LOAD E:/STM32CubeIDE_1.13.1/STM32CubeIDE/plugins/com.st.stm32cube.ide.mcu.externaltools.gnu-tools-for-stm32.11.3.rel1.win32_1.1.0.202305231506/tools/bin/../lib/gcc/arm-none-eabi/11.3.1/../../../../arm-none-eabi/lib/thumb/v7e-m+fp/hard\libnosys.a
END GROUP
START GROUP
LOAD E:/STM32CubeIDE_1.13.1/STM32CubeIDE/plugins/com.st.stm32cube.ide.mcu.externaltools.gnu-tools-for-stm32.11.3.rel1.win32_1.1.0.202305231506/tools/bin/../lib/gcc/arm-none-eabi/11.3.1/thumb/v7e-m+fp/hard\libgcc.a
LOAD E:/STM32CubeIDE_1.13.1/STM32CubeIDE/plugins/com.st.stm32cube.ide.mcu.externaltools.gnu-tools-for-stm32.11.3.rel1.win32_1.1.0.202305231506/tools/bin/../lib/gcc/arm-none-eabi/11.3.1/../../../../arm-none-eabi/lib/thumb/v7e-m+fp/hard\libc_nano.a
LOAD E:/STM32CubeIDE_1.13.1/STM32CubeIDE/plugins/com.st.stm32cube.ide.mcu.externaltools.gnu-tools-for-stm32.11.3.rel1.win32_1.1.0.202305231506/tools/bin/../lib/gcc/arm-none-eabi/11.3.1/../../../../arm-none-eabi/lib/thumb/v7e-m+fp/hard\libnosys.a
END GROUP
LOAD E:/STM32CubeIDE_1.13.1/STM32CubeIDE/plugins/com.st.stm32cube.ide.mcu.externaltools.gnu-tools-for-stm32.11.3.rel1.win32_1.1.0.202305231506/tools/bin/../lib/gcc/arm-none-eabi/11.3.1/thumb/v7e-m+fp/hard/crtend.o
LOAD E:/STM32CubeIDE_1.13.1/STM32CubeIDE/plugins/com.st.stm32cube.ide.mcu.externaltools.gnu-tools-for-stm32.11.3.rel1.win32_1.1.0.202305231506/tools/bin/../lib/gcc/arm-none-eabi/11.3.1/thumb/v7e-m+fp/hard/crtn.o
                0x0000000020018000                _estack = (ORIGIN (RAM) + LENGTH (RAM))
                0x0000000000000200                _Min_Heap_Size = 0x200
                0x0000000000000400                _Min_Stack_Size = 0x400

.isr_vector     0x0000000008004000      0x188
                0x0000000008004000                . = ALIGN (0x4)
 *(.isr_vector)
 .isr_vector    0x0000000008004000      0x188 ./Application/Startup/startup_stm32l476rgtx.o
                0x0000000008004000                g_pfnVectors
                0x0000000008004188                . = ALIGN (0x4)

.text           0x0000000008004190     0xe2c8
                0x0000000008004190                . = ALIGN (0x4)
 *(.text)
 .text          0x0000000008004190       0x40 E:/STM32CubeIDE_1.13.1/STM32CubeIDE/plugins/com.st.stm32cube.ide.mcu.externaltools.gnu-tools-for-stm32.11.3.rel1.win32_1.1.0.202305231506/tools/bin/../lib/gcc/arm-none-eabi/11.3.1/thumb/v7e-m+fp/hard/crtbegin.o
 .text          0x00000000080041d0       0xa0 E:/STM32CubeIDE_1.13.1/STM32CubeIDE/plugins/com.st.stm32cube.ide.mcu.externaltools.gnu-tools-for-stm32.11.3.rel1.win32_1.1.0.202305231506/tools/bin/../lib/gcc/arm-none-eabi/11.3.1/../../../../arm-none-eabi/lib/thumb/v7e-m+fp/hard\libc_nano.a(libc_a-memchr.o)
                0x00000000080041d0                memchr
 .text          0x0000000008004270      0x378 E:/STM32CubeIDE_1.13.1/STM32CubeIDE/plugins/com.st.stm32cube.ide.mcu.externaltools.gnu-tools-for-stm32.11.3.rel1.win32_1.1.0.202305231506/tools/bin/../lib/gcc/arm-none-eabi/11.3.1/thumb/v7e-m+fp/hard\libgcc.a(_arm_addsubdf3.o)
                0x0000000008004270                __aeabi_drsub
                0x0000000008004278                __aeabi_dsub
                0x0000000008004278                __subdf3
                0x000000000800427c                __aeabi_dadd
                0x000000000800427c                __adddf3
                0x00000000080044f4                __floatunsidf
                0x00000000080044f4                __aeabi_ui2d
                0x0000000008004514                __floatsidf
                0x0000000008004514                __aeabi_i2d
                0x0000000008004538                __aeabi_f2d
                0x0000000008004538                __extendsfdf2
                0x000000000800457c                __floatundidf
                0x000000000800457c                __aeabi_ul2d
                0x000000000800458c                __floatdidf
                0x000000000800458c                __aeabi_l2d
 .text          0x00000000080045e8       0xa0 E:/STM32CubeIDE_1.13.1/STM32CubeIDE/plugins/com.st.stm32cube.ide.mcu.externaltools.gnu-tools-for-stm32.11.3.rel1.win32_1.1.0.202305231506/tools/bin/../lib/gcc/arm-none-eabi/11.3.1/thumb/v7e-m+fp/hard\libgcc.a(_arm_truncdfsf2.o)
                0x00000000080045e8                __truncdfsf2
                0x00000000080045e8                __aeabi_d2f
 .text          0x0000000008004688       0x30 E:/STM32CubeIDE_1.13.1/STM32CubeIDE/plugins/com.st.stm32cube.ide.mcu.externaltools.gnu-tools-for-stm32.11.3.rel1.win32_1.1.0.202305231506/tools/bin/../lib/gcc/arm-none-eabi/11.3.1/thumb/v7e-m+fp/hard\libgcc.a(_aeabi_uldivmod.o)
                0x0000000008004688                __aeabi_uldivmod
 .text          0x00000000080046b8      0x2c8 E:/STM32CubeIDE_1.13.1/STM32CubeIDE/plugins/com.st.stm32cube.ide.mcu.externaltools.gnu-tools-for-stm32.11.3.rel1.win32_1.1.0.202305231506/tools/bin/../lib/gcc/arm-none-eabi/11.3.1/thumb/v7e-m+fp/hard\libgcc.a(_udivmoddi4.o)
                0x00000000080046b8                __udivmoddi4
 .text          0x0000000008004980        0x4 E:/STM32CubeIDE_1.13.1/STM32CubeIDE/plugins/com.st.stm32cube.ide.mcu.externaltools.gnu-tools-for-stm32.11.3.rel1.win32_1.1.0.202305231506/tools/bin/../lib/gcc/arm-none-eabi/11.3.1/thumb/v7e-m+fp/hard\libgcc.a(_dvmd_tls.o)
                0x0000000008004980                __aeabi_idiv0
                0x0000000008004980                __aeabi_ldiv0
 *(.text*)
 .text.Reset_Handler
                0x0000000008004984       0x50 ./Application/Startup/startup_stm32l476rgtx.o
                0x0000000008004984                Reset_Handler
 .text.Default_Handler
                0x00000000080049d4        0x2 ./Application/Startup/startup_stm32l476rgtx.o
                0x00000000080049d4                RTC_Alarm_IRQHandler
                0x00000000080049d4                EXTI2_IRQHandler
                0x00000000080049d4                TIM8_TRG_COM_IRQHandler
                0x00000000080049d4                TIM8_CC_IRQHandler
                0x00000000080049d4                TIM1_CC_IRQHandler
                0x00000000080049d4                TSC_IRQHandler
                0x00000000080049d4                TAMP_STAMP_IRQHandler
                0x00000000080049d4                EXTI3_IRQHandler
                0x00000000080049d4                LPTIM2_IRQHandler
                0x00000000080049d4                DFSDM1_FLT1_IRQHandler
                0x00000000080049d4                I2C3_ER_IRQHandler
                0x00000000080049d4                DFSDM1_FLT2_IRQHandler
                0x00000000080049d4                I2C2_EV_IRQHandler
                0x00000000080049d4                CAN1_RX0_IRQHandler
                0x00000000080049d4                FPU_IRQHandler
                0x00000000080049d4                TIM1_UP_TIM16_IRQHandler
                0x00000000080049d4                ADC1_2_IRQHandler
                0x00000000080049d4                SPI1_IRQHandler
                0x00000000080049d4                TIM6_DAC_IRQHandler
                0x00000000080049d4                TIM8_UP_IRQHandler
                0x00000000080049d4                DMA2_Channel2_IRQHandler
                0x00000000080049d4                DMA1_Channel4_IRQHandler
                0x00000000080049d4                SAI2_IRQHandler
                0x00000000080049d4                DFSDM1_FLT3_IRQHandler
                0x00000000080049d4                USART3_IRQHandler
                0x00000000080049d4                DMA1_Channel7_IRQHandler
                0x00000000080049d4                CAN1_RX1_IRQHandler
                0x00000000080049d4                LCD_IRQHandler
                0x00000000080049d4                UART5_IRQHandler
                0x00000000080049d4                ADC3_IRQHandler
                0x00000000080049d4                TIM4_IRQHandler
                0x00000000080049d4                DMA2_Channel1_IRQHandler
                0x00000000080049d4                QUADSPI_IRQHandler
                0x00000000080049d4                I2C1_EV_IRQHandler
                0x00000000080049d4                DMA1_Channel6_IRQHandler
                0x00000000080049d4                UART4_IRQHandler
                0x00000000080049d4                DMA2_Channel4_IRQHandler
                0x00000000080049d4                TIM3_IRQHandler
                0x00000000080049d4                RCC_IRQHandler
                0x00000000080049d4                DMA1_Channel1_IRQHandler
                0x00000000080049d4                Default_Handler
                0x00000000080049d4                DMA2_Channel7_IRQHandler
                0x00000000080049d4                TIM7_IRQHandler
                0x00000000080049d4                SDMMC1_IRQHandler
                0x00000000080049d4                TIM5_IRQHandler
                0x00000000080049d4                I2C3_EV_IRQHandler
                0x00000000080049d4                EXTI9_5_IRQHandler
                0x00000000080049d4                RTC_WKUP_IRQHandler
                0x00000000080049d4                PVD_PVM_IRQHandler
                0x00000000080049d4                SPI2_IRQHandler
                0x00000000080049d4                CAN1_TX_IRQHandler
                0x00000000080049d4                DMA2_Channel5_IRQHandler
                0x00000000080049d4                DMA1_Channel5_IRQHandler
                0x00000000080049d4                EXTI4_IRQHandler
                0x00000000080049d4                RNG_IRQHandler
                0x00000000080049d4                TIM1_TRG_COM_TIM17_IRQHandler
                0x00000000080049d4                DMA1_Channel3_IRQHandler
                0x00000000080049d4                COMP_IRQHandler
                0x00000000080049d4                WWDG_IRQHandler
                0x00000000080049d4                LPUART1_IRQHandler
                0x00000000080049d4                DMA2_Channel6_IRQHandler
                0x00000000080049d4                TIM2_IRQHandler
                0x00000000080049d4                EXTI1_IRQHandler
                0x00000000080049d4                USART2_IRQHandler
                0x00000000080049d4                DFSDM1_FLT0_IRQHandler
                0x00000000080049d4                I2C2_ER_IRQHandler
                0x00000000080049d4                DMA1_Channel2_IRQHandler
                0x00000000080049d4                TIM8_BRK_IRQHandler
                0x00000000080049d4                CAN1_SCE_IRQHandler
                0x00000000080049d4                FLASH_IRQHandler
                0x00000000080049d4                USART1_IRQHandler
                0x00000000080049d4                OTG_FS_IRQHandler
                0x00000000080049d4                SPI3_IRQHandler
                0x00000000080049d4                I2C1_ER_IRQHandler
                0x00000000080049d4                FMC_IRQHandler
                0x00000000080049d4                SWPMI1_IRQHandler
                0x00000000080049d4                LPTIM1_IRQHandler
                0x00000000080049d4                SAI1_IRQHandler
                0x00000000080049d4                DMA2_Channel3_IRQHandler
                0x00000000080049d4                TIM1_BRK_TIM15_IRQHandler
 *fill*         0x00000000080049d6        0x2 
 .text.CheckBootLoaderCompliance
                0x00000000080049d8      0x130 ./Application/User/OTA.o
                0x00000000080049d8                CheckBootLoaderCompliance
 .text.UpdateFWBlueNRG
                0x0000000008004b08      0x240 ./Application/User/OTA.o
                0x0000000008004b08                UpdateFWBlueNRG
 .text.StartUpdateFWBlueNRG
                0x0000000008004d48       0x98 ./Application/User/OTA.o
                0x0000000008004d48                StartUpdateFWBlueNRG
 .text.MX_BlueNRG_2_Init
                0x0000000008004de0       0x4c ./Application/User/app_bluenrg_2.o
                0x0000000008004de0                MX_BlueNRG_2_Init
 .text.MX_BlueNRG_2_Process
                0x0000000008004e2c       0x10 ./Application/User/app_bluenrg_2.o
                0x0000000008004e2c                MX_BlueNRG_2_Process
 .text.User_Init
                0x0000000008004e3c       0x1c ./Application/User/app_bluenrg_2.o
 .text.Sensor_DeviceInit
                0x0000000008004e58      0x14c ./Application/User/app_bluenrg_2.o
 .text.User_Process
                0x0000000008004fa4      0x178 ./Application/User/app_bluenrg_2.o
 .text.Set_Random_Motion_Values
                0x000000000800511c     0x10dc ./Application/User/app_bluenrg_2.o
 .text.Reset_Motion_Values
                0x00000000080061f8      0x1d4 ./Application/User/app_bluenrg_2.o
 .text.getBlueNRGVersion
                0x00000000080063cc       0x88 ./Application/User/app_bluenrg_2.o
                0x00000000080063cc                getBlueNRGVersion
 .text.BSP_PB_Callback
                0x0000000008006454       0x20 ./Application/User/app_bluenrg_2.o
                0x0000000008006454                BSP_PB_Callback
 .text.hci_le_connection_complete_event
                0x0000000008006474       0x54 ./Application/User/app_bluenrg_2.o
                0x0000000008006474                hci_le_connection_complete_event
 .text.hci_disconnection_complete_event
                0x00000000080064c8       0x54 ./Application/User/app_bluenrg_2.o
                0x00000000080064c8                hci_disconnection_complete_event
 .text.aci_gatt_read_permit_req_event
                0x000000000800651c       0x22 ./Application/User/app_bluenrg_2.o
                0x000000000800651c                aci_gatt_read_permit_req_event
 .text.aci_gatt_attribute_modified_event
                0x000000000800653e       0x3a ./Application/User/app_bluenrg_2.o
                0x000000000800653e                aci_gatt_attribute_modified_event
 .text.aci_gap_pass_key_req_event
                0x0000000008006578       0x2c ./Application/User/app_bluenrg_2.o
                0x0000000008006578                aci_gap_pass_key_req_event
 .text.aci_gap_pairing_complete_event
                0x00000000080065a4       0x30 ./Application/User/app_bluenrg_2.o
                0x00000000080065a4                aci_gap_pairing_complete_event
 .text.Add_HWServW2ST_Service
                0x00000000080065d4      0x1b4 ./Application/User/gatt_db.o
                0x00000000080065d4                Add_HWServW2ST_Service
 .text.Add_SWServW2ST_Service
                0x0000000008006788      0x120 ./Application/User/gatt_db.o
                0x0000000008006788                Add_SWServW2ST_Service
 .text.Add_ConsoleW2ST_Service
                0x00000000080068a8      0x1a4 ./Application/User/gatt_db.o
                0x00000000080068a8                Add_ConsoleW2ST_Service
 .text.Environmental_Update
                0x0000000008006a4c       0x8c ./Application/User/gatt_db.o
                0x0000000008006a4c                Environmental_Update
 .text.Acc_Update
                0x0000000008006ad8      0x114 ./Application/User/gatt_db.o
                0x0000000008006ad8                Acc_Update
 .text.Quat_Update
                0x0000000008006bec       0x8c ./Application/User/gatt_db.o
                0x0000000008006bec                Quat_Update
 .text.Term_Update
                0x0000000008006c78       0x90 ./Application/User/gatt_db.o
                0x0000000008006c78                Term_Update
 .text.Term_Update_AfterRead
                0x0000000008006d08       0x44 ./Application/User/gatt_db.o
                0x0000000008006d08                Term_Update_AfterRead
 .text.Read_Request_CB
                0x0000000008006d4c      0x1a8 ./Application/User/gatt_db.o
                0x0000000008006d4c                Read_Request_CB
 .text.Attribute_Modified_Request_CB
                0x0000000008006ef4      0x174 ./Application/User/gatt_db.o
                0x0000000008006ef4                Attribute_Modified_Request_CB
 .text.DebugConsoleCommandParsing
                0x0000000008007068      0x338 ./Application/User/gatt_db.o
 .text.getBlueNRG2_Version
                0x00000000080073a0       0xc2 ./Application/User/gatt_db.o
 .text.HCI_TL_SPI_Enable_IRQ
                0x0000000008007462        0xe ./Application/User/hci_tl_interface.o
 .text.HCI_TL_SPI_Disable_IRQ
                0x0000000008007470        0xe ./Application/User/hci_tl_interface.o
 *fill*         0x000000000800747e        0x2 
 .text.HCI_TL_SPI_Init
                0x0000000008007480       0x98 ./Application/User/hci_tl_interface.o
                0x0000000008007480                HCI_TL_SPI_Init
 .text.HCI_TL_SPI_DeInit
                0x0000000008007518       0x2a ./Application/User/hci_tl_interface.o
                0x0000000008007518                HCI_TL_SPI_DeInit
 .text.HCI_TL_SPI_Reset
                0x0000000008007542       0x3e ./Application/User/hci_tl_interface.o
                0x0000000008007542                HCI_TL_SPI_Reset
 .text.HCI_TL_SPI_Receive
                0x0000000008007580       0xe4 ./Application/User/hci_tl_interface.o
                0x0000000008007580                HCI_TL_SPI_Receive
 .text.HCI_TL_SPI_Send
                0x0000000008007664      0x11c ./Application/User/hci_tl_interface.o
                0x0000000008007664                HCI_TL_SPI_Send
 .text.IsDataAvailable
                0x0000000008007780       0x1e ./Application/User/hci_tl_interface.o
 *fill*         0x000000000800779e        0x2 
 .text.hci_tl_lowlevel_init
                0x00000000080077a0       0x74 ./Application/User/hci_tl_interface.o
                0x00000000080077a0                hci_tl_lowlevel_init
 .text.hci_tl_lowlevel_isr
                0x0000000008007814       0x22 ./Application/User/hci_tl_interface.o
                0x0000000008007814                hci_tl_lowlevel_isr
 *fill*         0x0000000008007836        0x2 
 .text.main     0x0000000008007838       0x9c ./Application/User/main.o
                0x0000000008007838                main
 .text.SystemClock_Config
                0x00000000080078d4       0xa2 ./Application/User/main.o
                0x00000000080078d4                SystemClock_Config
 .text.PeriphCommonClock_Config
                0x0000000008007976       0x56 ./Application/User/main.o
                0x0000000008007976                PeriphCommonClock_Config
 .text.MX_ADC1_Init
                0x00000000080079cc       0xec ./Application/User/main.o
 .text.MX_ADC2_Init
                0x0000000008007ab8       0xc8 ./Application/User/main.o
 .text.MX_CRC_Init
                0x0000000008007b80       0x44 ./Application/User/main.o
 .text.MX_GPIO_Init
                0x0000000008007bc4       0xec ./Application/User/main.o
 .text.Error_Handler
                0x0000000008007cb0        0xa ./Application/User/main.o
                0x0000000008007cb0                Error_Handler
 *fill*         0x0000000008007cba        0x2 
 .text.Set_DeviceConnectable
                0x0000000008007cbc       0xe8 ./Application/User/sensor.o
                0x0000000008007cbc                Set_DeviceConnectable
 .text.APP_UserEvtRx
                0x0000000008007da4       0xf0 ./Application/User/sensor.o
                0x0000000008007da4                APP_UserEvtRx
 .text.HAL_MspInit
                0x0000000008007e94       0x48 ./Application/User/stm32l4xx_hal_msp.o
                0x0000000008007e94                HAL_MspInit
 .text.HAL_ADC_MspInit
                0x0000000008007edc      0x100 ./Application/User/stm32l4xx_hal_msp.o
                0x0000000008007edc                HAL_ADC_MspInit
 .text.HAL_CRC_MspInit
                0x0000000008007fdc       0x40 ./Application/User/stm32l4xx_hal_msp.o
                0x0000000008007fdc                HAL_CRC_MspInit
 .text.HAL_CRC_MspDeInit
                0x000000000800801c       0x34 ./Application/User/stm32l4xx_hal_msp.o
                0x000000000800801c                HAL_CRC_MspDeInit
 .text.NMI_Handler
                0x0000000008008050        0x6 ./Application/User/stm32l4xx_it.o
                0x0000000008008050                NMI_Handler
 .text.HardFault_Handler
                0x0000000008008056        0x6 ./Application/User/stm32l4xx_it.o
                0x0000000008008056                HardFault_Handler
 .text.MemManage_Handler
                0x000000000800805c        0x6 ./Application/User/stm32l4xx_it.o
                0x000000000800805c                MemManage_Handler
 .text.BusFault_Handler
                0x0000000008008062        0x6 ./Application/User/stm32l4xx_it.o
                0x0000000008008062                BusFault_Handler
 .text.UsageFault_Handler
                0x0000000008008068        0x6 ./Application/User/stm32l4xx_it.o
                0x0000000008008068                UsageFault_Handler
 .text.SVC_Handler
                0x000000000800806e        0xe ./Application/User/stm32l4xx_it.o
                0x000000000800806e                SVC_Handler
 .text.DebugMon_Handler
                0x000000000800807c        0xe ./Application/User/stm32l4xx_it.o
                0x000000000800807c                DebugMon_Handler
 .text.PendSV_Handler
                0x000000000800808a        0xe ./Application/User/stm32l4xx_it.o
                0x000000000800808a                PendSV_Handler
 .text.SysTick_Handler
                0x0000000008008098        0xc ./Application/User/stm32l4xx_it.o
                0x0000000008008098                SysTick_Handler
 .text.EXTI0_IRQHandler
                0x00000000080080a4       0x14 ./Application/User/stm32l4xx_it.o
                0x00000000080080a4                EXTI0_IRQHandler
 .text.EXTI15_10_IRQHandler
                0x00000000080080b8       0x14 ./Application/User/stm32l4xx_it.o
                0x00000000080080b8                EXTI15_10_IRQHandler
 .text.BSP_SPI1_Init
                0x00000000080080cc       0x60 ./Application/User/stm32l4xx_nucleo_bus.o
                0x00000000080080cc                BSP_SPI1_Init
 .text.BSP_SPI1_SendRecv
                0x000000000800812c       0x40 ./Application/User/stm32l4xx_nucleo_bus.o
                0x000000000800812c                BSP_SPI1_SendRecv
 .text.BSP_GetTick
                0x000000000800816c        0xe ./Application/User/stm32l4xx_nucleo_bus.o
                0x000000000800816c                BSP_GetTick
 *fill*         0x000000000800817a        0x2 
 .text.MX_SPI1_Init
                0x000000000800817c       0x84 ./Application/User/stm32l4xx_nucleo_bus.o
                0x000000000800817c                MX_SPI1_Init
 .text.SPI1_MspInit
                0x0000000008008200       0xc4 ./Application/User/stm32l4xx_nucleo_bus.o
 .text._getpid  0x00000000080082c4       0x10 ./Application/User/syscalls.o
                0x00000000080082c4                _getpid
 .text._kill    0x00000000080082d4       0x20 ./Application/User/syscalls.o
                0x00000000080082d4                _kill
 .text._exit    0x00000000080082f4       0x14 ./Application/User/syscalls.o
                0x00000000080082f4                _exit
 .text._read    0x0000000008008308       0x3a ./Application/User/syscalls.o
                0x0000000008008308                _read
 .text._write   0x0000000008008342       0x38 ./Application/User/syscalls.o
                0x0000000008008342                _write
 .text._close   0x000000000800837a       0x18 ./Application/User/syscalls.o
                0x000000000800837a                _close
 .text._fstat   0x0000000008008392       0x20 ./Application/User/syscalls.o
                0x0000000008008392                _fstat
 .text._isatty  0x00000000080083b2       0x16 ./Application/User/syscalls.o
                0x00000000080083b2                _isatty
 .text._lseek   0x00000000080083c8       0x1a ./Application/User/syscalls.o
                0x00000000080083c8                _lseek
 *fill*         0x00000000080083e2        0x2 
 .text._sbrk    0x00000000080083e4       0x6c ./Application/User/sysmem.o
                0x00000000080083e4                _sbrk
 .text.GetPage  0x0000000008008450       0x84 ./Application/User/target_platform.o
                0x0000000008008450                GetPage
 .text.GetBank  0x00000000080084d4       0x9c ./Application/User/target_platform.o
                0x00000000080084d4                GetBank
 .text.BSP_LED_Init
                0x0000000008008570       0x24 ./Drivers/BSP/STM32L4xx_Nucleo/stm32l4xx_nucleo.o
                0x0000000008008570                BSP_LED_Init
 .text.BSP_LED_On
                0x0000000008008594       0x2c ./Drivers/BSP/STM32L4xx_Nucleo/stm32l4xx_nucleo.o
                0x0000000008008594                BSP_LED_On
 .text.BSP_LED_Off
                0x00000000080085c0       0x2c ./Drivers/BSP/STM32L4xx_Nucleo/stm32l4xx_nucleo.o
                0x00000000080085c0                BSP_LED_Off
 .text.BSP_LED_Toggle
                0x00000000080085ec       0x2c ./Drivers/BSP/STM32L4xx_Nucleo/stm32l4xx_nucleo.o
                0x00000000080085ec                BSP_LED_Toggle
 .text.LED_USER_GPIO_Init
                0x0000000008008618       0x7c ./Drivers/BSP/STM32L4xx_Nucleo/stm32l4xx_nucleo.o
 .text.BSP_PB_Init
                0x0000000008008694       0xa8 ./Drivers/BSP/STM32L4xx_Nucleo/stm32l4xx_nucleo.o
                0x0000000008008694                BSP_PB_Init
 .text.BSP_PB_GetState
                0x000000000800873c       0x38 ./Drivers/BSP/STM32L4xx_Nucleo/stm32l4xx_nucleo.o
                0x000000000800873c                BSP_PB_GetState
 .text.BUTTON_USER_EXTI_Callback
                0x0000000008008774        0xe ./Drivers/BSP/STM32L4xx_Nucleo/stm32l4xx_nucleo.o
 *fill*         0x0000000008008782        0x2 
 .text.BUTTON_USER_GPIO_Init
                0x0000000008008784       0x74 ./Drivers/BSP/STM32L4xx_Nucleo/stm32l4xx_nucleo.o
 .text.BSP_COM_Init
                0x00000000080087f8       0x7c ./Drivers/BSP/STM32L4xx_Nucleo/stm32l4xx_nucleo.o
                0x00000000080087f8                BSP_COM_Init
 .text.MX_USART2_UART_Init
                0x0000000008008874       0x68 ./Drivers/BSP/STM32L4xx_Nucleo/stm32l4xx_nucleo.o
                0x0000000008008874                MX_USART2_UART_Init
 .text.__io_putchar
                0x00000000080088dc       0x38 ./Drivers/BSP/STM32L4xx_Nucleo/stm32l4xx_nucleo.o
                0x00000000080088dc                __io_putchar
 .text.USART2_MspInit
                0x0000000008008914       0xbc ./Drivers/BSP/STM32L4xx_Nucleo/stm32l4xx_nucleo.o
 .text.SystemInit
                0x00000000080089d0       0x6c ./Drivers/CMSIS/system_stm32l4xx.o
                0x00000000080089d0                SystemInit
 .text.HAL_Init
                0x0000000008008a3c       0x40 ./Drivers/STM32L4xx_HAL_Driver/stm32l4xx_hal.o
                0x0000000008008a3c                HAL_Init
 .text.HAL_InitTick
                0x0000000008008a7c       0x78 ./Drivers/STM32L4xx_HAL_Driver/stm32l4xx_hal.o
                0x0000000008008a7c                HAL_InitTick
 .text.HAL_IncTick
                0x0000000008008af4       0x28 ./Drivers/STM32L4xx_HAL_Driver/stm32l4xx_hal.o
                0x0000000008008af4                HAL_IncTick
 .text.HAL_GetTick
                0x0000000008008b1c       0x18 ./Drivers/STM32L4xx_HAL_Driver/stm32l4xx_hal.o
                0x0000000008008b1c                HAL_GetTick
 .text.HAL_Delay
                0x0000000008008b34       0x48 ./Drivers/STM32L4xx_HAL_Driver/stm32l4xx_hal.o
                0x0000000008008b34                HAL_Delay
 .text.HAL_GetHalVersion
                0x0000000008008b7c       0x14 ./Drivers/STM32L4xx_HAL_Driver/stm32l4xx_hal.o
                0x0000000008008b7c                HAL_GetHalVersion
 .text.LL_ADC_SetCommonClock
                0x0000000008008b90       0x26 ./Drivers/STM32L4xx_HAL_Driver/stm32l4xx_hal_adc.o
 .text.LL_ADC_SetCommonPathInternalCh
                0x0000000008008bb6       0x26 ./Drivers/STM32L4xx_HAL_Driver/stm32l4xx_hal_adc.o
 .text.LL_ADC_GetCommonPathInternalCh
                0x0000000008008bdc       0x1c ./Drivers/STM32L4xx_HAL_Driver/stm32l4xx_hal_adc.o
 .text.LL_ADC_SetOffset
                0x0000000008008bf8       0x48 ./Drivers/STM32L4xx_HAL_Driver/stm32l4xx_hal_adc.o
 .text.LL_ADC_GetOffsetChannel
                0x0000000008008c40       0x2c ./Drivers/STM32L4xx_HAL_Driver/stm32l4xx_hal_adc.o
 .text.LL_ADC_SetOffsetState
                0x0000000008008c6c       0x36 ./Drivers/STM32L4xx_HAL_Driver/stm32l4xx_hal_adc.o
 .text.LL_ADC_REG_IsTriggerSourceSWStart
                0x0000000008008ca2       0x26 ./Drivers/STM32L4xx_HAL_Driver/stm32l4xx_hal_adc.o
 .text.LL_ADC_REG_SetSequencerRanks
                0x0000000008008cc8       0x58 ./Drivers/STM32L4xx_HAL_Driver/stm32l4xx_hal_adc.o
 .text.LL_ADC_SetChannelSamplingTime
                0x0000000008008d20       0x56 ./Drivers/STM32L4xx_HAL_Driver/stm32l4xx_hal_adc.o
 *fill*         0x0000000008008d76        0x2 
 .text.LL_ADC_SetChannelSingleDiff
                0x0000000008008d78       0x48 ./Drivers/STM32L4xx_HAL_Driver/stm32l4xx_hal_adc.o
 .text.LL_ADC_GetMultimode
                0x0000000008008dc0       0x1c ./Drivers/STM32L4xx_HAL_Driver/stm32l4xx_hal_adc.o
 .text.LL_ADC_GetMultiDMATransfer
                0x0000000008008ddc       0x1c ./Drivers/STM32L4xx_HAL_Driver/stm32l4xx_hal_adc.o
 .text.LL_ADC_DisableDeepPowerDown
                0x0000000008008df8       0x24 ./Drivers/STM32L4xx_HAL_Driver/stm32l4xx_hal_adc.o
 .text.LL_ADC_IsDeepPowerDownEnabled
                0x0000000008008e1c       0x28 ./Drivers/STM32L4xx_HAL_Driver/stm32l4xx_hal_adc.o
 .text.LL_ADC_EnableInternalRegulator
                0x0000000008008e44       0x28 ./Drivers/STM32L4xx_HAL_Driver/stm32l4xx_hal_adc.o
 .text.LL_ADC_IsInternalRegulatorEnabled
                0x0000000008008e6c       0x28 ./Drivers/STM32L4xx_HAL_Driver/stm32l4xx_hal_adc.o
 .text.LL_ADC_Enable
                0x0000000008008e94       0x28 ./Drivers/STM32L4xx_HAL_Driver/stm32l4xx_hal_adc.o
 .text.LL_ADC_IsEnabled
                0x0000000008008ebc       0x26 ./Drivers/STM32L4xx_HAL_Driver/stm32l4xx_hal_adc.o
 .text.LL_ADC_REG_StartConversion
                0x0000000008008ee2       0x28 ./Drivers/STM32L4xx_HAL_Driver/stm32l4xx_hal_adc.o
 .text.LL_ADC_REG_IsConversionOngoing
                0x0000000008008f0a       0x26 ./Drivers/STM32L4xx_HAL_Driver/stm32l4xx_hal_adc.o
 .text.LL_ADC_INJ_IsConversionOngoing
                0x0000000008008f30       0x26 ./Drivers/STM32L4xx_HAL_Driver/stm32l4xx_hal_adc.o
 *fill*         0x0000000008008f56        0x2 
 .text.HAL_ADC_Init
                0x0000000008008f58      0x2ac ./Drivers/STM32L4xx_HAL_Driver/stm32l4xx_hal_adc.o
                0x0000000008008f58                HAL_ADC_Init
 .text.HAL_ADC_Start
                0x0000000008009204      0x174 ./Drivers/STM32L4xx_HAL_Driver/stm32l4xx_hal_adc.o
                0x0000000008009204                HAL_ADC_Start
 .text.HAL_ADC_PollForConversion
                0x0000000008009378      0x1b0 ./Drivers/STM32L4xx_HAL_Driver/stm32l4xx_hal_adc.o
                0x0000000008009378                HAL_ADC_PollForConversion
 .text.HAL_ADC_GetValue
                0x0000000008009528       0x1a ./Drivers/STM32L4xx_HAL_Driver/stm32l4xx_hal_adc.o
                0x0000000008009528                HAL_ADC_GetValue
 *fill*         0x0000000008009542        0x2 
 .text.HAL_ADC_ConfigChannel
                0x0000000008009544      0x7e0 ./Drivers/STM32L4xx_HAL_Driver/stm32l4xx_hal_adc.o
                0x0000000008009544                HAL_ADC_ConfigChannel
 .text.ADC_Enable
                0x0000000008009d24       0xc4 ./Drivers/STM32L4xx_HAL_Driver/stm32l4xx_hal_adc.o
                0x0000000008009d24                ADC_Enable
 .text.LL_ADC_IsEnabled
                0x0000000008009de8       0x26 ./Drivers/STM32L4xx_HAL_Driver/stm32l4xx_hal_adc_ex.o
 .text.LL_ADC_REG_IsConversionOngoing
                0x0000000008009e0e       0x26 ./Drivers/STM32L4xx_HAL_Driver/stm32l4xx_hal_adc_ex.o
 .text.HAL_ADCEx_MultiModeConfigChannel
                0x0000000008009e34      0x160 ./Drivers/STM32L4xx_HAL_Driver/stm32l4xx_hal_adc_ex.o
                0x0000000008009e34                HAL_ADCEx_MultiModeConfigChannel
 .text.__NVIC_SetPriorityGrouping
                0x0000000008009f94       0x48 ./Drivers/STM32L4xx_HAL_Driver/stm32l4xx_hal_cortex.o
 .text.__NVIC_GetPriorityGrouping
                0x0000000008009fdc       0x1c ./Drivers/STM32L4xx_HAL_Driver/stm32l4xx_hal_cortex.o
 .text.__NVIC_EnableIRQ
                0x0000000008009ff8       0x3c ./Drivers/STM32L4xx_HAL_Driver/stm32l4xx_hal_cortex.o
 .text.__NVIC_DisableIRQ
                0x000000000800a034       0x48 ./Drivers/STM32L4xx_HAL_Driver/stm32l4xx_hal_cortex.o
 .text.__NVIC_SetPriority
                0x000000000800a07c       0x54 ./Drivers/STM32L4xx_HAL_Driver/stm32l4xx_hal_cortex.o
 .text.NVIC_EncodePriority
                0x000000000800a0d0       0x66 ./Drivers/STM32L4xx_HAL_Driver/stm32l4xx_hal_cortex.o
 *fill*         0x000000000800a136        0x2 
 .text.__NVIC_SystemReset
                0x000000000800a138       0x2c ./Drivers/STM32L4xx_HAL_Driver/stm32l4xx_hal_cortex.o
 .text.SysTick_Config
                0x000000000800a164       0x44 ./Drivers/STM32L4xx_HAL_Driver/stm32l4xx_hal_cortex.o
 .text.HAL_NVIC_SetPriorityGrouping
                0x000000000800a1a8       0x16 ./Drivers/STM32L4xx_HAL_Driver/stm32l4xx_hal_cortex.o
                0x000000000800a1a8                HAL_NVIC_SetPriorityGrouping
 .text.HAL_NVIC_SetPriority
                0x000000000800a1be       0x38 ./Drivers/STM32L4xx_HAL_Driver/stm32l4xx_hal_cortex.o
                0x000000000800a1be                HAL_NVIC_SetPriority
 .text.HAL_NVIC_EnableIRQ
                0x000000000800a1f6       0x1c ./Drivers/STM32L4xx_HAL_Driver/stm32l4xx_hal_cortex.o
                0x000000000800a1f6                HAL_NVIC_EnableIRQ
 .text.HAL_NVIC_DisableIRQ
                0x000000000800a212       0x1c ./Drivers/STM32L4xx_HAL_Driver/stm32l4xx_hal_cortex.o
                0x000000000800a212                HAL_NVIC_DisableIRQ
 .text.HAL_NVIC_SystemReset
                0x000000000800a22e        0x8 ./Drivers/STM32L4xx_HAL_Driver/stm32l4xx_hal_cortex.o
                0x000000000800a22e                HAL_NVIC_SystemReset
 .text.HAL_SYSTICK_Config
                0x000000000800a236       0x18 ./Drivers/STM32L4xx_HAL_Driver/stm32l4xx_hal_cortex.o
                0x000000000800a236                HAL_SYSTICK_Config
 *fill*         0x000000000800a24e        0x2 
 .text.HAL_CRC_Init
                0x000000000800a250       0xc8 ./Drivers/STM32L4xx_HAL_Driver/stm32l4xx_hal_crc.o
                0x000000000800a250                HAL_CRC_Init
 .text.HAL_CRC_DeInit
                0x000000000800a318       0x60 ./Drivers/STM32L4xx_HAL_Driver/stm32l4xx_hal_crc.o
                0x000000000800a318                HAL_CRC_DeInit
 .text.HAL_CRC_Calculate
                0x000000000800a378       0x98 ./Drivers/STM32L4xx_HAL_Driver/stm32l4xx_hal_crc.o
                0x000000000800a378                HAL_CRC_Calculate
 .text.HAL_CRC_GetState
                0x000000000800a410       0x1a ./Drivers/STM32L4xx_HAL_Driver/stm32l4xx_hal_crc.o
                0x000000000800a410                HAL_CRC_GetState
 .text.CRC_Handle_8
                0x000000000800a42a      0x11c ./Drivers/STM32L4xx_HAL_Driver/stm32l4xx_hal_crc.o
 .text.CRC_Handle_16
                0x000000000800a546       0x74 ./Drivers/STM32L4xx_HAL_Driver/stm32l4xx_hal_crc.o
 *fill*         0x000000000800a5ba        0x2 
 .text.HAL_CRCEx_Polynomial_Set
                0x000000000800a5bc      0x10c ./Drivers/STM32L4xx_HAL_Driver/stm32l4xx_hal_crc_ex.o
                0x000000000800a5bc                HAL_CRCEx_Polynomial_Set
 .text.HAL_EXTI_RegisterCallback
                0x000000000800a6c8       0x34 ./Drivers/STM32L4xx_HAL_Driver/stm32l4xx_hal_exti.o
                0x000000000800a6c8                HAL_EXTI_RegisterCallback
 .text.HAL_EXTI_GetHandle
                0x000000000800a6fc       0x28 ./Drivers/STM32L4xx_HAL_Driver/stm32l4xx_hal_exti.o
                0x000000000800a6fc                HAL_EXTI_GetHandle
 .text.HAL_EXTI_IRQHandler
                0x000000000800a724       0x60 ./Drivers/STM32L4xx_HAL_Driver/stm32l4xx_hal_exti.o
                0x000000000800a724                HAL_EXTI_IRQHandler
 .text.HAL_FLASH_Program
                0x000000000800a784       0xd8 ./Drivers/STM32L4xx_HAL_Driver/stm32l4xx_hal_flash.o
                0x000000000800a784                HAL_FLASH_Program
 .text.HAL_FLASH_Unlock
                0x000000000800a85c       0x44 ./Drivers/STM32L4xx_HAL_Driver/stm32l4xx_hal_flash.o
                0x000000000800a85c                HAL_FLASH_Unlock
 .text.HAL_FLASH_Lock
                0x000000000800a8a0       0x20 ./Drivers/STM32L4xx_HAL_Driver/stm32l4xx_hal_flash.o
                0x000000000800a8a0                HAL_FLASH_Lock
 .text.FLASH_WaitForLastOperation
                0x000000000800a8c0       0xac ./Drivers/STM32L4xx_HAL_Driver/stm32l4xx_hal_flash.o
                0x000000000800a8c0                FLASH_WaitForLastOperation
 .text.FLASH_Program_DoubleWord
                0x000000000800a96c       0x4c ./Drivers/STM32L4xx_HAL_Driver/stm32l4xx_hal_flash.o
 .text.FLASH_Program_Fast
                0x000000000800a9b8       0x6c ./Drivers/STM32L4xx_HAL_Driver/stm32l4xx_hal_flash.o
 .text.HAL_FLASHEx_Erase
                0x000000000800aa24      0x138 ./Drivers/STM32L4xx_HAL_Driver/stm32l4xx_hal_flash_ex.o
                0x000000000800aa24                HAL_FLASHEx_Erase
 .text.FLASH_MassErase
                0x000000000800ab5c       0x50 ./Drivers/STM32L4xx_HAL_Driver/stm32l4xx_hal_flash_ex.o
 .text.FLASH_PageErase
                0x000000000800abac       0x6c ./Drivers/STM32L4xx_HAL_Driver/stm32l4xx_hal_flash_ex.o
                0x000000000800abac                FLASH_PageErase
 .text.FLASH_FlushCaches
                0x000000000800ac18       0x94 ./Drivers/STM32L4xx_HAL_Driver/stm32l4xx_hal_flash_ex.o
                0x000000000800ac18                FLASH_FlushCaches
 .text.HAL_GPIO_Init
                0x000000000800acac      0x354 ./Drivers/STM32L4xx_HAL_Driver/stm32l4xx_hal_gpio.o
                0x000000000800acac                HAL_GPIO_Init
 .text.HAL_GPIO_DeInit
                0x000000000800b000      0x1e8 ./Drivers/STM32L4xx_HAL_Driver/stm32l4xx_hal_gpio.o
                0x000000000800b000                HAL_GPIO_DeInit
 .text.HAL_GPIO_ReadPin
                0x000000000800b1e8       0x30 ./Drivers/STM32L4xx_HAL_Driver/stm32l4xx_hal_gpio.o
                0x000000000800b1e8                HAL_GPIO_ReadPin
 .text.HAL_GPIO_WritePin
                0x000000000800b218       0x30 ./Drivers/STM32L4xx_HAL_Driver/stm32l4xx_hal_gpio.o
                0x000000000800b218                HAL_GPIO_WritePin
 .text.HAL_GPIO_TogglePin
                0x000000000800b248       0x34 ./Drivers/STM32L4xx_HAL_Driver/stm32l4xx_hal_gpio.o
                0x000000000800b248                HAL_GPIO_TogglePin
 .text.HAL_PWREx_GetVoltageRange
                0x000000000800b27c       0x1c ./Drivers/STM32L4xx_HAL_Driver/stm32l4xx_hal_pwr_ex.o
                0x000000000800b27c                HAL_PWREx_GetVoltageRange
 .text.HAL_PWREx_ControlVoltageScaling
                0x000000000800b298       0xac ./Drivers/STM32L4xx_HAL_Driver/stm32l4xx_hal_pwr_ex.o
                0x000000000800b298                HAL_PWREx_ControlVoltageScaling
 .text.HAL_RCC_OscConfig
                0x000000000800b344      0x7d0 ./Drivers/STM32L4xx_HAL_Driver/stm32l4xx_hal_rcc.o
                0x000000000800b344                HAL_RCC_OscConfig
 .text.HAL_RCC_ClockConfig
                0x000000000800bb14      0x1c4 ./Drivers/STM32L4xx_HAL_Driver/stm32l4xx_hal_rcc.o
                0x000000000800bb14                HAL_RCC_ClockConfig
 .text.HAL_RCC_GetSysClockFreq
                0x000000000800bcd8      0x118 ./Drivers/STM32L4xx_HAL_Driver/stm32l4xx_hal_rcc.o
                0x000000000800bcd8                HAL_RCC_GetSysClockFreq
 .text.HAL_RCC_GetHCLKFreq
                0x000000000800bdf0       0x18 ./Drivers/STM32L4xx_HAL_Driver/stm32l4xx_hal_rcc.o
                0x000000000800bdf0                HAL_RCC_GetHCLKFreq
 .text.HAL_RCC_GetPCLK1Freq
                0x000000000800be08       0x2c ./Drivers/STM32L4xx_HAL_Driver/stm32l4xx_hal_rcc.o
                0x000000000800be08                HAL_RCC_GetPCLK1Freq
 .text.HAL_RCC_GetPCLK2Freq
                0x000000000800be34       0x2c ./Drivers/STM32L4xx_HAL_Driver/stm32l4xx_hal_rcc.o
                0x000000000800be34                HAL_RCC_GetPCLK2Freq
 .text.RCC_SetFlashLatencyFromMSIRange
                0x000000000800be60       0xc0 ./Drivers/STM32L4xx_HAL_Driver/stm32l4xx_hal_rcc.o
 .text.HAL_RCCEx_PeriphCLKConfig
                0x000000000800bf20      0x5d4 ./Drivers/STM32L4xx_HAL_Driver/stm32l4xx_hal_rcc_ex.o
                0x000000000800bf20                HAL_RCCEx_PeriphCLKConfig
 .text.RCCEx_PLLSAI1_Config
                0x000000000800c4f4      0x1e8 ./Drivers/STM32L4xx_HAL_Driver/stm32l4xx_hal_rcc_ex.o
 .text.RCCEx_PLLSAI2_Config
                0x000000000800c6dc      0x1bc ./Drivers/STM32L4xx_HAL_Driver/stm32l4xx_hal_rcc_ex.o
 .text.HAL_SPI_Init
                0x000000000800c898      0x146 ./Drivers/STM32L4xx_HAL_Driver/stm32l4xx_hal_spi.o
                0x000000000800c898                HAL_SPI_Init
 .text.HAL_SPI_MspInit
                0x000000000800c9de       0x14 ./Drivers/STM32L4xx_HAL_Driver/stm32l4xx_hal_spi.o
                0x000000000800c9de                HAL_SPI_MspInit
 .text.HAL_SPI_TransmitReceive
                0x000000000800c9f2      0x426 ./Drivers/STM32L4xx_HAL_Driver/stm32l4xx_hal_spi.o
                0x000000000800c9f2                HAL_SPI_TransmitReceive
 .text.HAL_SPI_GetState
                0x000000000800ce18       0x1c ./Drivers/STM32L4xx_HAL_Driver/stm32l4xx_hal_spi.o
                0x000000000800ce18                HAL_SPI_GetState
 .text.SPI_WaitFlagStateUntilTimeout
                0x000000000800ce34      0x110 ./Drivers/STM32L4xx_HAL_Driver/stm32l4xx_hal_spi.o
 .text.SPI_WaitFifoStateUntilTimeout
                0x000000000800cf44      0x12c ./Drivers/STM32L4xx_HAL_Driver/stm32l4xx_hal_spi.o
 .text.SPI_EndRxTxTransaction
                0x000000000800d070       0x8c ./Drivers/STM32L4xx_HAL_Driver/stm32l4xx_hal_spi.o
 .text.HAL_UART_Init
                0x000000000800d0fc       0x9c ./Drivers/STM32L4xx_HAL_Driver/stm32l4xx_hal_uart.o
                0x000000000800d0fc                HAL_UART_Init
 .text.HAL_UART_MspInit
                0x000000000800d198       0x14 ./Drivers/STM32L4xx_HAL_Driver/stm32l4xx_hal_uart.o
                0x000000000800d198                HAL_UART_MspInit
 .text.HAL_UART_Transmit
                0x000000000800d1ac      0x128 ./Drivers/STM32L4xx_HAL_Driver/stm32l4xx_hal_uart.o
                0x000000000800d1ac                HAL_UART_Transmit
 .text.UART_SetConfig
                0x000000000800d2d4      0x570 ./Drivers/STM32L4xx_HAL_Driver/stm32l4xx_hal_uart.o
                0x000000000800d2d4                UART_SetConfig
 .text.UART_AdvFeatureConfig
                0x000000000800d844      0x144 ./Drivers/STM32L4xx_HAL_Driver/stm32l4xx_hal_uart.o
                0x000000000800d844                UART_AdvFeatureConfig
 .text.UART_CheckIdleState
                0x000000000800d988       0x92 ./Drivers/STM32L4xx_HAL_Driver/stm32l4xx_hal_uart.o
                0x000000000800d988                UART_CheckIdleState
 .text.UART_WaitOnFlagUntilTimeout
                0x000000000800da1a      0x188 ./Drivers/STM32L4xx_HAL_Driver/stm32l4xx_hal_uart.o
                0x000000000800da1a                UART_WaitOnFlagUntilTimeout
 .text.aci_gap_set_discoverable
                0x000000000800dba2      0x206 ./Middlewares/BlueNRG-2/Wireless/BlueNRG-2/Controller/bluenrg1_gap_aci.o
                0x000000000800dba2                aci_gap_set_discoverable
 .text.aci_gap_set_io_capability
                0x000000000800dda8       0xba ./Middlewares/BlueNRG-2/Wireless/BlueNRG-2/Controller/bluenrg1_gap_aci.o
                0x000000000800dda8                aci_gap_set_io_capability
 .text.aci_gap_set_authentication_requirement
                0x000000000800de62      0x19a ./Middlewares/BlueNRG-2/Wireless/BlueNRG-2/Controller/bluenrg1_gap_aci.o
                0x000000000800de62                aci_gap_set_authentication_requirement
 .text.aci_gap_pass_key_resp
                0x000000000800dffc       0xe0 ./Middlewares/BlueNRG-2/Wireless/BlueNRG-2/Controller/bluenrg1_gap_aci.o
                0x000000000800dffc                aci_gap_pass_key_resp
 .text.aci_gap_init
                0x000000000800e0dc      0x15a ./Middlewares/BlueNRG-2/Wireless/BlueNRG-2/Controller/bluenrg1_gap_aci.o
                0x000000000800e0dc                aci_gap_init
 .text.aci_gap_slave_security_req
                0x000000000800e236       0xc0 ./Middlewares/BlueNRG-2/Wireless/BlueNRG-2/Controller/bluenrg1_gap_aci.o
                0x000000000800e236                aci_gap_slave_security_req
 .text.aci_gap_update_adv_data
                0x000000000800e2f6       0xf6 ./Middlewares/BlueNRG-2/Wireless/BlueNRG-2/Controller/bluenrg1_gap_aci.o
                0x000000000800e2f6                aci_gap_update_adv_data
 .text.aci_gap_clear_security_db
                0x000000000800e3ec       0x52 ./Middlewares/BlueNRG-2/Wireless/BlueNRG-2/Controller/bluenrg1_gap_aci.o
                0x000000000800e3ec                aci_gap_clear_security_db
 .text.aci_gatt_init
                0x000000000800e43e       0x54 ./Middlewares/BlueNRG-2/Wireless/BlueNRG-2/Controller/bluenrg1_gatt_aci.o
                0x000000000800e43e                aci_gatt_init
 .text.aci_gatt_add_service
                0x000000000800e492      0x1ac ./Middlewares/BlueNRG-2/Wireless/BlueNRG-2/Controller/bluenrg1_gatt_aci.o
                0x000000000800e492                aci_gatt_add_service
 .text.aci_gatt_add_char
                0x000000000800e63e      0x210 ./Middlewares/BlueNRG-2/Wireless/BlueNRG-2/Controller/bluenrg1_gatt_aci.o
                0x000000000800e63e                aci_gatt_add_char
 .text.aci_gatt_update_char_value
                0x000000000800e84e      0x164 ./Middlewares/BlueNRG-2/Wireless/BlueNRG-2/Controller/bluenrg1_gatt_aci.o
                0x000000000800e84e                aci_gatt_update_char_value
 .text.aci_gatt_allow_read
                0x000000000800e9b2       0xbc ./Middlewares/BlueNRG-2/Wireless/BlueNRG-2/Controller/bluenrg1_gatt_aci.o
                0x000000000800e9b2                aci_gatt_allow_read
 .text.aci_hal_get_firmware_details
                0x000000000800ea6e       0xb4 ./Middlewares/BlueNRG-2/Wireless/BlueNRG-2/Controller/bluenrg1_hal_aci.o
                0x000000000800ea6e                aci_hal_get_firmware_details
 .text.aci_hal_write_config_data
                0x000000000800eb22      0x11c ./Middlewares/BlueNRG-2/Wireless/BlueNRG-2/Controller/bluenrg1_hal_aci.o
                0x000000000800eb22                aci_hal_write_config_data
 .text.aci_hal_read_config_data
                0x000000000800ec3e      0x108 ./Middlewares/BlueNRG-2/Wireless/BlueNRG-2/Controller/bluenrg1_hal_aci.o
                0x000000000800ec3e                aci_hal_read_config_data
 .text.aci_hal_set_tx_power_level
                0x000000000800ed46       0xe0 ./Middlewares/BlueNRG-2/Wireless/BlueNRG-2/Controller/bluenrg1_hal_aci.o
                0x000000000800ed46                aci_hal_set_tx_power_level
 .text.aci_l2cap_connection_parameter_update_req
                0x000000000800ee26      0x150 ./Middlewares/BlueNRG-2/Wireless/BlueNRG-2/Controller/bluenrg1_l2cap_aci.o
                0x000000000800ee26                aci_l2cap_connection_parameter_update_req
 .text.hci_disconnection_complete_event_process
                0x000000000800ef76       0x30 ./Middlewares/BlueNRG-2/Wireless/BlueNRG-2/HCI_TL/Basic/bluenrg1_events.o
                0x000000000800ef76                hci_disconnection_complete_event_process
 .text.hci_encryption_change_event_process
                0x000000000800efa6       0x30 ./Middlewares/BlueNRG-2/Wireless/BlueNRG-2/HCI_TL/Basic/bluenrg1_events.o
                0x000000000800efa6                hci_encryption_change_event_process
 .text.hci_read_remote_version_information_complete_event_process
                0x000000000800efd6       0x3e ./Middlewares/BlueNRG-2/Wireless/BlueNRG-2/HCI_TL/Basic/bluenrg1_events.o
                0x000000000800efd6                hci_read_remote_version_information_complete_event_process
 .text.hci_hardware_error_event_process
                0x000000000800f014       0x24 ./Middlewares/BlueNRG-2/Wireless/BlueNRG-2/HCI_TL/Basic/bluenrg1_events.o
                0x000000000800f014                hci_hardware_error_event_process
 .text.hci_number_of_completed_packets_event_process
                0x000000000800f038       0xae ./Middlewares/BlueNRG-2/Wireless/BlueNRG-2/HCI_TL/Basic/bluenrg1_events.o
                0x000000000800f038                hci_number_of_completed_packets_event_process
 .text.hci_data_buffer_overflow_event_process
                0x000000000800f0e6       0x24 ./Middlewares/BlueNRG-2/Wireless/BlueNRG-2/HCI_TL/Basic/bluenrg1_events.o
                0x000000000800f0e6                hci_data_buffer_overflow_event_process
 .text.hci_encryption_key_refresh_complete_event_process
                0x000000000800f10a       0x2e ./Middlewares/BlueNRG-2/Wireless/BlueNRG-2/HCI_TL/Basic/bluenrg1_events.o
                0x000000000800f10a                hci_encryption_key_refresh_complete_event_process
 .text.aci_blue_initialized_event_process
                0x000000000800f138       0x24 ./Middlewares/BlueNRG-2/Wireless/BlueNRG-2/HCI_TL/Basic/bluenrg1_events.o
                0x000000000800f138                aci_blue_initialized_event_process
 .text.aci_blue_events_lost_event_process
                0x000000000800f15c       0x22 ./Middlewares/BlueNRG-2/Wireless/BlueNRG-2/HCI_TL/Basic/bluenrg1_events.o
                0x000000000800f15c                aci_blue_events_lost_event_process
 .text.aci_blue_crash_info_event_process
                0x000000000800f17e       0x84 ./Middlewares/BlueNRG-2/Wireless/BlueNRG-2/HCI_TL/Basic/bluenrg1_events.o
                0x000000000800f17e                aci_blue_crash_info_event_process
 .text.aci_hal_end_of_radio_activity_event_process
                0x000000000800f202       0x2e ./Middlewares/BlueNRG-2/Wireless/BlueNRG-2/HCI_TL/Basic/bluenrg1_events.o
                0x000000000800f202                aci_hal_end_of_radio_activity_event_process
 .text.aci_hal_scan_req_report_event_process
                0x000000000800f230       0x2e ./Middlewares/BlueNRG-2/Wireless/BlueNRG-2/HCI_TL/Basic/bluenrg1_events.o
                0x000000000800f230                aci_hal_scan_req_report_event_process
 .text.aci_hal_fw_error_event_process
                0x000000000800f25e       0x2c ./Middlewares/BlueNRG-2/Wireless/BlueNRG-2/HCI_TL/Basic/bluenrg1_events.o
                0x000000000800f25e                aci_hal_fw_error_event_process
 .text.aci_gap_limited_discoverable_event_process
                0x000000000800f28a       0x1a ./Middlewares/BlueNRG-2/Wireless/BlueNRG-2/HCI_TL/Basic/bluenrg1_events.o
                0x000000000800f28a                aci_gap_limited_discoverable_event_process
 .text.aci_gap_pairing_complete_event_process
                0x000000000800f2a4       0x2e ./Middlewares/BlueNRG-2/Wireless/BlueNRG-2/HCI_TL/Basic/bluenrg1_events.o
                0x000000000800f2a4                aci_gap_pairing_complete_event_process
 .text.aci_gap_pass_key_req_event_process
                0x000000000800f2d2       0x26 ./Middlewares/BlueNRG-2/Wireless/BlueNRG-2/HCI_TL/Basic/bluenrg1_events.o
                0x000000000800f2d2                aci_gap_pass_key_req_event_process
 .text.aci_gap_authorization_req_event_process
                0x000000000800f2f8       0x26 ./Middlewares/BlueNRG-2/Wireless/BlueNRG-2/HCI_TL/Basic/bluenrg1_events.o
                0x000000000800f2f8                aci_gap_authorization_req_event_process
 .text.aci_gap_slave_security_initiated_event_process
                0x000000000800f31e       0x1a ./Middlewares/BlueNRG-2/Wireless/BlueNRG-2/HCI_TL/Basic/bluenrg1_events.o
                0x000000000800f31e                aci_gap_slave_security_initiated_event_process
 .text.aci_gap_bond_lost_event_process
                0x000000000800f338       0x1a ./Middlewares/BlueNRG-2/Wireless/BlueNRG-2/HCI_TL/Basic/bluenrg1_events.o
                0x000000000800f338                aci_gap_bond_lost_event_process
 .text.aci_gap_proc_complete_event_process
                0x000000000800f352       0x2e ./Middlewares/BlueNRG-2/Wireless/BlueNRG-2/HCI_TL/Basic/bluenrg1_events.o
                0x000000000800f352                aci_gap_proc_complete_event_process
 .text.aci_gap_addr_not_resolved_event_process
                0x000000000800f380       0x26 ./Middlewares/BlueNRG-2/Wireless/BlueNRG-2/HCI_TL/Basic/bluenrg1_events.o
                0x000000000800f380                aci_gap_addr_not_resolved_event_process
 .text.aci_gap_numeric_comparison_value_event_process
                0x000000000800f3a6       0x2e ./Middlewares/BlueNRG-2/Wireless/BlueNRG-2/HCI_TL/Basic/bluenrg1_events.o
                0x000000000800f3a6                aci_gap_numeric_comparison_value_event_process
 .text.aci_gap_keypress_notification_event_process
                0x000000000800f3d4       0x2c ./Middlewares/BlueNRG-2/Wireless/BlueNRG-2/HCI_TL/Basic/bluenrg1_events.o
                0x000000000800f3d4                aci_gap_keypress_notification_event_process
 .text.aci_l2cap_connection_update_resp_event_process
                0x000000000800f400       0x2e ./Middlewares/BlueNRG-2/Wireless/BlueNRG-2/HCI_TL/Basic/bluenrg1_events.o
                0x000000000800f400                aci_l2cap_connection_update_resp_event_process
 .text.aci_l2cap_proc_timeout_event_process
                0x000000000800f42e       0x2e ./Middlewares/BlueNRG-2/Wireless/BlueNRG-2/HCI_TL/Basic/bluenrg1_events.o
                0x000000000800f42e                aci_l2cap_proc_timeout_event_process
 .text.aci_l2cap_connection_update_req_event_process
                0x000000000800f45c       0x5c ./Middlewares/BlueNRG-2/Wireless/BlueNRG-2/HCI_TL/Basic/bluenrg1_events.o
                0x000000000800f45c                aci_l2cap_connection_update_req_event_process
 .text.aci_l2cap_command_reject_event_process
                0x000000000800f4b8       0x3c ./Middlewares/BlueNRG-2/Wireless/BlueNRG-2/HCI_TL/Basic/bluenrg1_events.o
                0x000000000800f4b8                aci_l2cap_command_reject_event_process
 .text.aci_gatt_attribute_modified_event_process
                0x000000000800f4f4       0x3e ./Middlewares/BlueNRG-2/Wireless/BlueNRG-2/HCI_TL/Basic/bluenrg1_events.o
                0x000000000800f4f4                aci_gatt_attribute_modified_event_process
 .text.aci_gatt_proc_timeout_event_process
                0x000000000800f532       0x26 ./Middlewares/BlueNRG-2/Wireless/BlueNRG-2/HCI_TL/Basic/bluenrg1_events.o
                0x000000000800f532                aci_gatt_proc_timeout_event_process
 .text.aci_att_exchange_mtu_resp_event_process
                0x000000000800f558       0x2e ./Middlewares/BlueNRG-2/Wireless/BlueNRG-2/HCI_TL/Basic/bluenrg1_events.o
                0x000000000800f558                aci_att_exchange_mtu_resp_event_process
 .text.aci_att_find_info_resp_event_process
                0x000000000800f586       0x30 ./Middlewares/BlueNRG-2/Wireless/BlueNRG-2/HCI_TL/Basic/bluenrg1_events.o
                0x000000000800f586                aci_att_find_info_resp_event_process
 .text.aci_att_find_by_type_value_resp_event_process
                0x000000000800f5b6       0xb4 ./Middlewares/BlueNRG-2/Wireless/BlueNRG-2/HCI_TL/Basic/bluenrg1_events.o
                0x000000000800f5b6                aci_att_find_by_type_value_resp_event_process
 .text.aci_att_read_by_type_resp_event_process
                0x000000000800f66a       0x30 ./Middlewares/BlueNRG-2/Wireless/BlueNRG-2/HCI_TL/Basic/bluenrg1_events.o
                0x000000000800f66a                aci_att_read_by_type_resp_event_process
 .text.aci_att_read_resp_event_process
                0x000000000800f69a       0x2e ./Middlewares/BlueNRG-2/Wireless/BlueNRG-2/HCI_TL/Basic/bluenrg1_events.o
                0x000000000800f69a                aci_att_read_resp_event_process
 .text.aci_att_read_blob_resp_event_process
                0x000000000800f6c8       0x2e ./Middlewares/BlueNRG-2/Wireless/BlueNRG-2/HCI_TL/Basic/bluenrg1_events.o
                0x000000000800f6c8                aci_att_read_blob_resp_event_process
 .text.aci_att_read_multiple_resp_event_process
                0x000000000800f6f6       0x2e ./Middlewares/BlueNRG-2/Wireless/BlueNRG-2/HCI_TL/Basic/bluenrg1_events.o
                0x000000000800f6f6                aci_att_read_multiple_resp_event_process
 .text.aci_att_read_by_group_type_resp_event_process
                0x000000000800f724       0x30 ./Middlewares/BlueNRG-2/Wireless/BlueNRG-2/HCI_TL/Basic/bluenrg1_events.o
                0x000000000800f724                aci_att_read_by_group_type_resp_event_process
 .text.aci_att_prepare_write_resp_event_process
                0x000000000800f754       0x3c ./Middlewares/BlueNRG-2/Wireless/BlueNRG-2/HCI_TL/Basic/bluenrg1_events.o
                0x000000000800f754                aci_att_prepare_write_resp_event_process
 .text.aci_att_exec_write_resp_event_process
                0x000000000800f790       0x26 ./Middlewares/BlueNRG-2/Wireless/BlueNRG-2/HCI_TL/Basic/bluenrg1_events.o
                0x000000000800f790                aci_att_exec_write_resp_event_process
 .text.aci_gatt_indication_event_process
                0x000000000800f7b6       0x32 ./Middlewares/BlueNRG-2/Wireless/BlueNRG-2/HCI_TL/Basic/bluenrg1_events.o
                0x000000000800f7b6                aci_gatt_indication_event_process
 .text.aci_gatt_notification_event_process
                0x000000000800f7e8       0x32 ./Middlewares/BlueNRG-2/Wireless/BlueNRG-2/HCI_TL/Basic/bluenrg1_events.o
                0x000000000800f7e8                aci_gatt_notification_event_process
 .text.aci_gatt_proc_complete_event_process
                0x000000000800f81a       0x2c ./Middlewares/BlueNRG-2/Wireless/BlueNRG-2/HCI_TL/Basic/bluenrg1_events.o
                0x000000000800f81a                aci_gatt_proc_complete_event_process
 .text.aci_gatt_error_resp_event_process
                0x000000000800f846       0x34 ./Middlewares/BlueNRG-2/Wireless/BlueNRG-2/HCI_TL/Basic/bluenrg1_events.o
                0x000000000800f846                aci_gatt_error_resp_event_process
 .text.aci_gatt_disc_read_char_by_uuid_resp_event_process
                0x000000000800f87a       0x32 ./Middlewares/BlueNRG-2/Wireless/BlueNRG-2/HCI_TL/Basic/bluenrg1_events.o
                0x000000000800f87a                aci_gatt_disc_read_char_by_uuid_resp_event_process
 .text.aci_gatt_write_permit_req_event_process
                0x000000000800f8ac       0x32 ./Middlewares/BlueNRG-2/Wireless/BlueNRG-2/HCI_TL/Basic/bluenrg1_events.o
                0x000000000800f8ac                aci_gatt_write_permit_req_event_process
 .text.aci_gatt_read_permit_req_event_process
                0x000000000800f8de       0x32 ./Middlewares/BlueNRG-2/Wireless/BlueNRG-2/HCI_TL/Basic/bluenrg1_events.o
                0x000000000800f8de                aci_gatt_read_permit_req_event_process
 .text.aci_gatt_read_multi_permit_req_event_process
                0x000000000800f910       0x8a ./Middlewares/BlueNRG-2/Wireless/BlueNRG-2/HCI_TL/Basic/bluenrg1_events.o
                0x000000000800f910                aci_gatt_read_multi_permit_req_event_process
 .text.aci_gatt_tx_pool_available_event_process
                0x000000000800f99a       0x2e ./Middlewares/BlueNRG-2/Wireless/BlueNRG-2/HCI_TL/Basic/bluenrg1_events.o
                0x000000000800f99a                aci_gatt_tx_pool_available_event_process
 .text.aci_gatt_server_confirmation_event_process
                0x000000000800f9c8       0x26 ./Middlewares/BlueNRG-2/Wireless/BlueNRG-2/HCI_TL/Basic/bluenrg1_events.o
                0x000000000800f9c8                aci_gatt_server_confirmation_event_process
 .text.aci_gatt_prepare_write_permit_req_event_process
                0x000000000800f9ee       0x3c ./Middlewares/BlueNRG-2/Wireless/BlueNRG-2/HCI_TL/Basic/bluenrg1_events.o
                0x000000000800f9ee                aci_gatt_prepare_write_permit_req_event_process
 .text.hci_le_connection_complete_event_process
                0x000000000800fa2a       0x68 ./Middlewares/BlueNRG-2/Wireless/BlueNRG-2/HCI_TL/Basic/bluenrg1_events.o
                0x000000000800fa2a                hci_le_connection_complete_event_process
 .text.hci_le_advertising_report_event_process
                0x000000000800fa92      0x1ba ./Middlewares/BlueNRG-2/Wireless/BlueNRG-2/HCI_TL/Basic/bluenrg1_events.o
                0x000000000800fa92                hci_le_advertising_report_event_process
 .text.hci_le_connection_update_complete_event_process
                0x000000000800fc4c       0x46 ./Middlewares/BlueNRG-2/Wireless/BlueNRG-2/HCI_TL/Basic/bluenrg1_events.o
                0x000000000800fc4c                hci_le_connection_update_complete_event_process
 .text.hci_le_read_remote_used_features_complete_event_process
                0x000000000800fc92       0x30 ./Middlewares/BlueNRG-2/Wireless/BlueNRG-2/HCI_TL/Basic/bluenrg1_events.o
                0x000000000800fc92                hci_le_read_remote_used_features_complete_event_process
 .text.hci_le_long_term_key_request_event_process
                0x000000000800fcc2       0x30 ./Middlewares/BlueNRG-2/Wireless/BlueNRG-2/HCI_TL/Basic/bluenrg1_events.o
                0x000000000800fcc2                hci_le_long_term_key_request_event_process
 .text.hci_le_data_length_change_event_process
                0x000000000800fcf2       0x40 ./Middlewares/BlueNRG-2/Wireless/BlueNRG-2/HCI_TL/Basic/bluenrg1_events.o
                0x000000000800fcf2                hci_le_data_length_change_event_process
 .text.hci_le_read_local_p256_public_key_complete_event_process
                0x000000000800fd32       0x2a ./Middlewares/BlueNRG-2/Wireless/BlueNRG-2/HCI_TL/Basic/bluenrg1_events.o
                0x000000000800fd32                hci_le_read_local_p256_public_key_complete_event_process
 .text.hci_le_generate_dhkey_complete_event_process
                0x000000000800fd5c       0x2a ./Middlewares/BlueNRG-2/Wireless/BlueNRG-2/HCI_TL/Basic/bluenrg1_events.o
                0x000000000800fd5c                hci_le_generate_dhkey_complete_event_process
 .text.hci_le_enhanced_connection_complete_event_process
                0x000000000800fd86       0x7c ./Middlewares/BlueNRG-2/Wireless/BlueNRG-2/HCI_TL/Basic/bluenrg1_events.o
                0x000000000800fd86                hci_le_enhanced_connection_complete_event_process
 .text.hci_le_direct_advertising_report_event_process
                0x000000000800fe02      0x15e ./Middlewares/BlueNRG-2/Wireless/BlueNRG-2/HCI_TL/Basic/bluenrg1_events.o
                0x000000000800fe02                hci_le_direct_advertising_report_event_process
 .text.hci_encryption_change_event
                0x000000000800ff60       0x1e ./Middlewares/BlueNRG-2/Wireless/BlueNRG-2/HCI_TL/Basic/bluenrg1_events_cb.o
                0x000000000800ff60                hci_encryption_change_event
 .text.hci_read_remote_version_information_complete_event
                0x000000000800ff7e       0x28 ./Middlewares/BlueNRG-2/Wireless/BlueNRG-2/HCI_TL/Basic/bluenrg1_events_cb.o
                0x000000000800ff7e                hci_read_remote_version_information_complete_event
 .text.hci_hardware_error_event
                0x000000000800ffa6       0x16 ./Middlewares/BlueNRG-2/Wireless/BlueNRG-2/HCI_TL/Basic/bluenrg1_events_cb.o
                0x000000000800ffa6                hci_hardware_error_event
 .text.hci_number_of_completed_packets_event
                0x000000000800ffbc       0x18 ./Middlewares/BlueNRG-2/Wireless/BlueNRG-2/HCI_TL/Basic/bluenrg1_events_cb.o
                0x000000000800ffbc                hci_number_of_completed_packets_event
 .text.hci_data_buffer_overflow_event
                0x000000000800ffd4       0x16 ./Middlewares/BlueNRG-2/Wireless/BlueNRG-2/HCI_TL/Basic/bluenrg1_events_cb.o
                0x000000000800ffd4                hci_data_buffer_overflow_event
 .text.hci_encryption_key_refresh_complete_event
                0x000000000800ffea       0x1c ./Middlewares/BlueNRG-2/Wireless/BlueNRG-2/HCI_TL/Basic/bluenrg1_events_cb.o
                0x000000000800ffea                hci_encryption_key_refresh_complete_event
 .text.hci_le_advertising_report_event
                0x0000000008010006       0x18 ./Middlewares/BlueNRG-2/Wireless/BlueNRG-2/HCI_TL/Basic/bluenrg1_events_cb.o
                0x0000000008010006                hci_le_advertising_report_event
 .text.hci_le_connection_update_complete_event
                0x000000000801001e       0x28 ./Middlewares/BlueNRG-2/Wireless/BlueNRG-2/HCI_TL/Basic/bluenrg1_events_cb.o
                0x000000000801001e                hci_le_connection_update_complete_event
 .text.hci_le_read_remote_used_features_complete_event
                0x0000000008010046       0x1c ./Middlewares/BlueNRG-2/Wireless/BlueNRG-2/HCI_TL/Basic/bluenrg1_events_cb.o
                0x0000000008010046                hci_le_read_remote_used_features_complete_event
 .text.hci_le_long_term_key_request_event
                0x0000000008010062       0x1c ./Middlewares/BlueNRG-2/Wireless/BlueNRG-2/HCI_TL/Basic/bluenrg1_events_cb.o
                0x0000000008010062                hci_le_long_term_key_request_event
 .text.hci_le_data_length_change_event
                0x000000000801007e       0x28 ./Middlewares/BlueNRG-2/Wireless/BlueNRG-2/HCI_TL/Basic/bluenrg1_events_cb.o
                0x000000000801007e                hci_le_data_length_change_event
 .text.hci_le_read_local_p256_public_key_complete_event
                0x00000000080100a6       0x18 ./Middlewares/BlueNRG-2/Wireless/BlueNRG-2/HCI_TL/Basic/bluenrg1_events_cb.o
                0x00000000080100a6                hci_le_read_local_p256_public_key_complete_event
 .text.hci_le_generate_dhkey_complete_event
                0x00000000080100be       0x18 ./Middlewares/BlueNRG-2/Wireless/BlueNRG-2/HCI_TL/Basic/bluenrg1_events_cb.o
                0x00000000080100be                hci_le_generate_dhkey_complete_event
 .text.hci_le_enhanced_connection_complete_event
                0x00000000080100d6       0x28 ./Middlewares/BlueNRG-2/Wireless/BlueNRG-2/HCI_TL/Basic/bluenrg1_events_cb.o
                0x00000000080100d6                hci_le_enhanced_connection_complete_event
 .text.hci_le_direct_advertising_report_event
                0x00000000080100fe       0x18 ./Middlewares/BlueNRG-2/Wireless/BlueNRG-2/HCI_TL/Basic/bluenrg1_events_cb.o
                0x00000000080100fe                hci_le_direct_advertising_report_event
 .text.aci_gap_limited_discoverable_event
                0x0000000008010116        0xe ./Middlewares/BlueNRG-2/Wireless/BlueNRG-2/HCI_TL/Basic/bluenrg1_events_cb.o
                0x0000000008010116                aci_gap_limited_discoverable_event
 .text.aci_gap_authorization_req_event
                0x0000000008010124       0x16 ./Middlewares/BlueNRG-2/Wireless/BlueNRG-2/HCI_TL/Basic/bluenrg1_events_cb.o
                0x0000000008010124                aci_gap_authorization_req_event
 .text.aci_gap_slave_security_initiated_event
                0x000000000801013a        0xe ./Middlewares/BlueNRG-2/Wireless/BlueNRG-2/HCI_TL/Basic/bluenrg1_events_cb.o
                0x000000000801013a                aci_gap_slave_security_initiated_event
 .text.aci_gap_bond_lost_event
                0x0000000008010148        0xe ./Middlewares/BlueNRG-2/Wireless/BlueNRG-2/HCI_TL/Basic/bluenrg1_events_cb.o
                0x0000000008010148                aci_gap_bond_lost_event
 .text.aci_gap_proc_complete_event
                0x0000000008010156       0x20 ./Middlewares/BlueNRG-2/Wireless/BlueNRG-2/HCI_TL/Basic/bluenrg1_events_cb.o
                0x0000000008010156                aci_gap_proc_complete_event
 .text.aci_gap_addr_not_resolved_event
                0x0000000008010176       0x16 ./Middlewares/BlueNRG-2/Wireless/BlueNRG-2/HCI_TL/Basic/bluenrg1_events_cb.o
                0x0000000008010176                aci_gap_addr_not_resolved_event
 .text.aci_gap_numeric_comparison_value_event
                0x000000000801018c       0x18 ./Middlewares/BlueNRG-2/Wireless/BlueNRG-2/HCI_TL/Basic/bluenrg1_events_cb.o
                0x000000000801018c                aci_gap_numeric_comparison_value_event
 .text.aci_gap_keypress_notification_event
                0x00000000080101a4       0x1c ./Middlewares/BlueNRG-2/Wireless/BlueNRG-2/HCI_TL/Basic/bluenrg1_events_cb.o
                0x00000000080101a4                aci_gap_keypress_notification_event
 .text.aci_gatt_proc_timeout_event
                0x00000000080101c0       0x16 ./Middlewares/BlueNRG-2/Wireless/BlueNRG-2/HCI_TL/Basic/bluenrg1_events_cb.o
                0x00000000080101c0                aci_gatt_proc_timeout_event
 .text.aci_att_exchange_mtu_resp_event
                0x00000000080101d6       0x1c ./Middlewares/BlueNRG-2/Wireless/BlueNRG-2/HCI_TL/Basic/bluenrg1_events_cb.o
                0x00000000080101d6                aci_att_exchange_mtu_resp_event
 .text.aci_att_find_info_resp_event
                0x00000000080101f2       0x20 ./Middlewares/BlueNRG-2/Wireless/BlueNRG-2/HCI_TL/Basic/bluenrg1_events_cb.o
                0x00000000080101f2                aci_att_find_info_resp_event
 .text.aci_att_find_by_type_value_resp_event
                0x0000000008010212       0x1c ./Middlewares/BlueNRG-2/Wireless/BlueNRG-2/HCI_TL/Basic/bluenrg1_events_cb.o
                0x0000000008010212                aci_att_find_by_type_value_resp_event
 .text.aci_att_read_by_type_resp_event
                0x000000000801022e       0x20 ./Middlewares/BlueNRG-2/Wireless/BlueNRG-2/HCI_TL/Basic/bluenrg1_events_cb.o
                0x000000000801022e                aci_att_read_by_type_resp_event
 .text.aci_att_read_resp_event
                0x000000000801024e       0x1c ./Middlewares/BlueNRG-2/Wireless/BlueNRG-2/HCI_TL/Basic/bluenrg1_events_cb.o
                0x000000000801024e                aci_att_read_resp_event
 .text.aci_att_read_blob_resp_event
                0x000000000801026a       0x1c ./Middlewares/BlueNRG-2/Wireless/BlueNRG-2/HCI_TL/Basic/bluenrg1_events_cb.o
                0x000000000801026a                aci_att_read_blob_resp_event
 .text.aci_att_read_multiple_resp_event
                0x0000000008010286       0x1c ./Middlewares/BlueNRG-2/Wireless/BlueNRG-2/HCI_TL/Basic/bluenrg1_events_cb.o
                0x0000000008010286                aci_att_read_multiple_resp_event
 .text.aci_att_read_by_group_type_resp_event
                0x00000000080102a2       0x20 ./Middlewares/BlueNRG-2/Wireless/BlueNRG-2/HCI_TL/Basic/bluenrg1_events_cb.o
                0x00000000080102a2                aci_att_read_by_group_type_resp_event
 .text.aci_att_prepare_write_resp_event
                0x00000000080102c2       0x28 ./Middlewares/BlueNRG-2/Wireless/BlueNRG-2/HCI_TL/Basic/bluenrg1_events_cb.o
                0x00000000080102c2                aci_att_prepare_write_resp_event
 .text.aci_att_exec_write_resp_event
                0x00000000080102ea       0x16 ./Middlewares/BlueNRG-2/Wireless/BlueNRG-2/HCI_TL/Basic/bluenrg1_events_cb.o
                0x00000000080102ea                aci_att_exec_write_resp_event
 .text.aci_gatt_indication_event
                0x0000000008010300       0x20 ./Middlewares/BlueNRG-2/Wireless/BlueNRG-2/HCI_TL/Basic/bluenrg1_events_cb.o
                0x0000000008010300                aci_gatt_indication_event
 .text.aci_gatt_notification_event
                0x0000000008010320       0x20 ./Middlewares/BlueNRG-2/Wireless/BlueNRG-2/HCI_TL/Basic/bluenrg1_events_cb.o
                0x0000000008010320                aci_gatt_notification_event
 .text.aci_gatt_proc_complete_event
                0x0000000008010340       0x1c ./Middlewares/BlueNRG-2/Wireless/BlueNRG-2/HCI_TL/Basic/bluenrg1_events_cb.o
                0x0000000008010340                aci_gatt_proc_complete_event
 .text.aci_gatt_error_resp_event
                0x000000000801035c       0x28 ./Middlewares/BlueNRG-2/Wireless/BlueNRG-2/HCI_TL/Basic/bluenrg1_events_cb.o
                0x000000000801035c                aci_gatt_error_resp_event
 .text.aci_gatt_disc_read_char_by_uuid_resp_event
                0x0000000008010384       0x20 ./Middlewares/BlueNRG-2/Wireless/BlueNRG-2/HCI_TL/Basic/bluenrg1_events_cb.o
                0x0000000008010384                aci_gatt_disc_read_char_by_uuid_resp_event
 .text.aci_gatt_write_permit_req_event
                0x00000000080103a4       0x20 ./Middlewares/BlueNRG-2/Wireless/BlueNRG-2/HCI_TL/Basic/bluenrg1_events_cb.o
                0x00000000080103a4                aci_gatt_write_permit_req_event
 .text.aci_gatt_read_multi_permit_req_event
                0x00000000080103c4       0x1c ./Middlewares/BlueNRG-2/Wireless/BlueNRG-2/HCI_TL/Basic/bluenrg1_events_cb.o
                0x00000000080103c4                aci_gatt_read_multi_permit_req_event
 .text.aci_gatt_tx_pool_available_event
                0x00000000080103e0       0x1c ./Middlewares/BlueNRG-2/Wireless/BlueNRG-2/HCI_TL/Basic/bluenrg1_events_cb.o
                0x00000000080103e0                aci_gatt_tx_pool_available_event
 .text.aci_gatt_server_confirmation_event
                0x00000000080103fc       0x16 ./Middlewares/BlueNRG-2/Wireless/BlueNRG-2/HCI_TL/Basic/bluenrg1_events_cb.o
                0x00000000080103fc                aci_gatt_server_confirmation_event
 .text.aci_gatt_prepare_write_permit_req_event
                0x0000000008010412       0x28 ./Middlewares/BlueNRG-2/Wireless/BlueNRG-2/HCI_TL/Basic/bluenrg1_events_cb.o
                0x0000000008010412                aci_gatt_prepare_write_permit_req_event
 .text.aci_l2cap_connection_update_resp_event
                0x000000000801043a       0x1c ./Middlewares/BlueNRG-2/Wireless/BlueNRG-2/HCI_TL/Basic/bluenrg1_events_cb.o
                0x000000000801043a                aci_l2cap_connection_update_resp_event
 .text.aci_l2cap_proc_timeout_event
                0x0000000008010456       0x1c ./Middlewares/BlueNRG-2/Wireless/BlueNRG-2/HCI_TL/Basic/bluenrg1_events_cb.o
                0x0000000008010456                aci_l2cap_proc_timeout_event
 .text.aci_l2cap_connection_update_req_event
                0x0000000008010472       0x28 ./Middlewares/BlueNRG-2/Wireless/BlueNRG-2/HCI_TL/Basic/bluenrg1_events_cb.o
                0x0000000008010472                aci_l2cap_connection_update_req_event
 .text.aci_l2cap_command_reject_event
                0x000000000801049a       0x28 ./Middlewares/BlueNRG-2/Wireless/BlueNRG-2/HCI_TL/Basic/bluenrg1_events_cb.o
                0x000000000801049a                aci_l2cap_command_reject_event
 .text.aci_blue_initialized_event
                0x00000000080104c2       0x16 ./Middlewares/BlueNRG-2/Wireless/BlueNRG-2/HCI_TL/Basic/bluenrg1_events_cb.o
                0x00000000080104c2                aci_blue_initialized_event
 .text.aci_blue_events_lost_event
                0x00000000080104d8       0x14 ./Middlewares/BlueNRG-2/Wireless/BlueNRG-2/HCI_TL/Basic/bluenrg1_events_cb.o
                0x00000000080104d8                aci_blue_events_lost_event
 .text.aci_blue_crash_info_event
                0x00000000080104ec       0x1c ./Middlewares/BlueNRG-2/Wireless/BlueNRG-2/HCI_TL/Basic/bluenrg1_events_cb.o
                0x00000000080104ec                aci_blue_crash_info_event
 .text.aci_hal_end_of_radio_activity_event
                0x0000000008010508       0x1c ./Middlewares/BlueNRG-2/Wireless/BlueNRG-2/HCI_TL/Basic/bluenrg1_events_cb.o
                0x0000000008010508                aci_hal_end_of_radio_activity_event
 .text.aci_hal_scan_req_report_event
                0x0000000008010524       0x1c ./Middlewares/BlueNRG-2/Wireless/BlueNRG-2/HCI_TL/Basic/bluenrg1_events_cb.o
                0x0000000008010524                aci_hal_scan_req_report_event
 .text.aci_hal_fw_error_event
                0x0000000008010540       0x1c ./Middlewares/BlueNRG-2/Wireless/BlueNRG-2/HCI_TL/Basic/bluenrg1_events_cb.o
                0x0000000008010540                aci_hal_fw_error_event
 .text.hci_reset
                0x000000000801055c       0x52 ./Middlewares/BlueNRG-2/Wireless/BlueNRG-2/HCI_TL/Basic/bluenrg1_hci_le.o
                0x000000000801055c                hci_reset
 .text.hci_read_local_version_information
                0x00000000080105ae       0x8c ./Middlewares/BlueNRG-2/Wireless/BlueNRG-2/HCI_TL/Basic/bluenrg1_hci_le.o
                0x00000000080105ae                hci_read_local_version_information
 .text.hci_le_set_scan_response_data
                0x000000000801063a       0xf2 ./Middlewares/BlueNRG-2/Wireless/BlueNRG-2/HCI_TL/Basic/bluenrg1_hci_le.o
                0x000000000801063a                hci_le_set_scan_response_data
 .text.verify_packet
                0x000000000801072c       0x40 ./Middlewares/BlueNRG-2/Wireless/BlueNRG-2/HCI_TL/Basic/hci_tl.o
 .text.send_cmd
                0x000000000801076c       0x80 ./Middlewares/BlueNRG-2/Wireless/BlueNRG-2/HCI_TL/Basic/hci_tl.o
 .text.move_list
                0x00000000080107ec       0x38 ./Middlewares/BlueNRG-2/Wireless/BlueNRG-2/HCI_TL/Basic/hci_tl.o
 .text.free_event_list
                0x0000000008010824       0x3c ./Middlewares/BlueNRG-2/Wireless/BlueNRG-2/HCI_TL/Basic/hci_tl.o
 .text.hci_init
                0x0000000008010860       0x84 ./Middlewares/BlueNRG-2/Wireless/BlueNRG-2/HCI_TL/Basic/hci_tl.o
                0x0000000008010860                hci_init
 .text.hci_register_io_bus
                0x00000000080108e4       0x40 ./Middlewares/BlueNRG-2/Wireless/BlueNRG-2/HCI_TL/Basic/hci_tl.o
                0x00000000080108e4                hci_register_io_bus
 .text.hci_send_req
                0x0000000008010924      0x230 ./Middlewares/BlueNRG-2/Wireless/BlueNRG-2/HCI_TL/Basic/hci_tl.o
                0x0000000008010924                hci_send_req
 .text.hci_user_evt_proc
                0x0000000008010b54       0x58 ./Middlewares/BlueNRG-2/Wireless/BlueNRG-2/HCI_TL/Basic/hci_tl.o
                0x0000000008010b54                hci_user_evt_proc
 .text.hci_notify_asynch_evt
                0x0000000008010bac       0x9c ./Middlewares/BlueNRG-2/Wireless/BlueNRG-2/HCI_TL/Basic/hci_tl.o
                0x0000000008010bac                hci_notify_asynch_evt
 .text.list_init_head
                0x0000000008010c48       0x20 ./Middlewares/BlueNRG-2/Wireless/BlueNRG-2/Utils/ble_list.o
                0x0000000008010c48                list_init_head
 .text.list_is_empty
                0x0000000008010c68       0x44 ./Middlewares/BlueNRG-2/Wireless/BlueNRG-2/Utils/ble_list.o
                0x0000000008010c68                list_is_empty
 .text.list_insert_head
                0x0000000008010cac       0x4c ./Middlewares/BlueNRG-2/Wireless/BlueNRG-2/Utils/ble_list.o
                0x0000000008010cac                list_insert_head
 .text.list_insert_tail
                0x0000000008010cf8       0x4c ./Middlewares/BlueNRG-2/Wireless/BlueNRG-2/Utils/ble_list.o
                0x0000000008010cf8                list_insert_tail
 .text.list_remove_node
                0x0000000008010d44       0x42 ./Middlewares/BlueNRG-2/Wireless/BlueNRG-2/Utils/ble_list.o
                0x0000000008010d44                list_remove_node
 .text.list_remove_head
                0x0000000008010d86       0x4e ./Middlewares/BlueNRG-2/Wireless/BlueNRG-2/Utils/ble_list.o
                0x0000000008010d86                list_remove_head
 .text.list_remove_tail
                0x0000000008010dd4       0x4e ./Middlewares/BlueNRG-2/Wireless/BlueNRG-2/Utils/ble_list.o
                0x0000000008010dd4                list_remove_tail
 .text.list_get_size
                0x0000000008010e22       0x50 ./Middlewares/BlueNRG-2/Wireless/BlueNRG-2/Utils/ble_list.o
                0x0000000008010e22                list_get_size
 .text.atoi     0x0000000008010e72        0x8 E:/STM32CubeIDE_1.13.1/STM32CubeIDE/plugins/com.st.stm32cube.ide.mcu.externaltools.gnu-tools-for-stm32.11.3.rel1.win32_1.1.0.202305231506/tools/bin/../lib/gcc/arm-none-eabi/11.3.1/../../../../arm-none-eabi/lib/thumb/v7e-m+fp/hard\libc_nano.a(libc_a-atoi.o)
                0x0000000008010e72                atoi
 *fill*         0x0000000008010e7a        0x2 
 .text.srand    0x0000000008010e7c       0x5c E:/STM32CubeIDE_1.13.1/STM32CubeIDE/plugins/com.st.stm32cube.ide.mcu.externaltools.gnu-tools-for-stm32.11.3.rel1.win32_1.1.0.202305231506/tools/bin/../lib/gcc/arm-none-eabi/11.3.1/../../../../arm-none-eabi/lib/thumb/v7e-m+fp/hard\libc_nano.a(libc_a-rand.o)
                0x0000000008010e7c                srand
 .text.rand     0x0000000008010ed8       0x7c E:/STM32CubeIDE_1.13.1/STM32CubeIDE/plugins/com.st.stm32cube.ide.mcu.externaltools.gnu-tools-for-stm32.11.3.rel1.win32_1.1.0.202305231506/tools/bin/../lib/gcc/arm-none-eabi/11.3.1/../../../../arm-none-eabi/lib/thumb/v7e-m+fp/hard\libc_nano.a(libc_a-rand.o)
                0x0000000008010ed8                rand
 .text._strtol_l.constprop.0
                0x0000000008010f54      0x104 E:/STM32CubeIDE_1.13.1/STM32CubeIDE/plugins/com.st.stm32cube.ide.mcu.externaltools.gnu-tools-for-stm32.11.3.rel1.win32_1.1.0.202305231506/tools/bin/../lib/gcc/arm-none-eabi/11.3.1/../../../../arm-none-eabi/lib/thumb/v7e-m+fp/hard\libc_nano.a(libc_a-strtol.o)
 .text.strtol   0x0000000008011058       0x14 E:/STM32CubeIDE_1.13.1/STM32CubeIDE/plugins/com.st.stm32cube.ide.mcu.externaltools.gnu-tools-for-stm32.11.3.rel1.win32_1.1.0.202305231506/tools/bin/../lib/gcc/arm-none-eabi/11.3.1/../../../../arm-none-eabi/lib/thumb/v7e-m+fp/hard\libc_nano.a(libc_a-strtol.o)
                0x0000000008011058                strtol
 .text.std      0x000000000801106c       0x48 E:/STM32CubeIDE_1.13.1/STM32CubeIDE/plugins/com.st.stm32cube.ide.mcu.externaltools.gnu-tools-for-stm32.11.3.rel1.win32_1.1.0.202305231506/tools/bin/../lib/gcc/arm-none-eabi/11.3.1/../../../../arm-none-eabi/lib/thumb/v7e-m+fp/hard\libc_nano.a(libc_a-findfp.o)
 .text.stdio_exit_handler
                0x00000000080110b4       0x18 E:/STM32CubeIDE_1.13.1/STM32CubeIDE/plugins/com.st.stm32cube.ide.mcu.externaltools.gnu-tools-for-stm32.11.3.rel1.win32_1.1.0.202305231506/tools/bin/../lib/gcc/arm-none-eabi/11.3.1/../../../../arm-none-eabi/lib/thumb/v7e-m+fp/hard\libc_nano.a(libc_a-findfp.o)
 .text.cleanup_stdio
                0x00000000080110cc       0x40 E:/STM32CubeIDE_1.13.1/STM32CubeIDE/plugins/com.st.stm32cube.ide.mcu.externaltools.gnu-tools-for-stm32.11.3.rel1.win32_1.1.0.202305231506/tools/bin/../lib/gcc/arm-none-eabi/11.3.1/../../../../arm-none-eabi/lib/thumb/v7e-m+fp/hard\libc_nano.a(libc_a-findfp.o)
 .text.global_stdio_init.part.0
                0x000000000801110c       0x3c E:/STM32CubeIDE_1.13.1/STM32CubeIDE/plugins/com.st.stm32cube.ide.mcu.externaltools.gnu-tools-for-stm32.11.3.rel1.win32_1.1.0.202305231506/tools/bin/../lib/gcc/arm-none-eabi/11.3.1/../../../../arm-none-eabi/lib/thumb/v7e-m+fp/hard\libc_nano.a(libc_a-findfp.o)
 .text.__sfp_lock_acquire
                0x0000000008011148        0xc E:/STM32CubeIDE_1.13.1/STM32CubeIDE/plugins/com.st.stm32cube.ide.mcu.externaltools.gnu-tools-for-stm32.11.3.rel1.win32_1.1.0.202305231506/tools/bin/../lib/gcc/arm-none-eabi/11.3.1/../../../../arm-none-eabi/lib/thumb/v7e-m+fp/hard\libc_nano.a(libc_a-findfp.o)
                0x0000000008011148                __sfp_lock_acquire
 .text.__sfp_lock_release
                0x0000000008011154        0xc E:/STM32CubeIDE_1.13.1/STM32CubeIDE/plugins/com.st.stm32cube.ide.mcu.externaltools.gnu-tools-for-stm32.11.3.rel1.win32_1.1.0.202305231506/tools/bin/../lib/gcc/arm-none-eabi/11.3.1/../../../../arm-none-eabi/lib/thumb/v7e-m+fp/hard\libc_nano.a(libc_a-findfp.o)
                0x0000000008011154                __sfp_lock_release
 .text.__sinit  0x0000000008011160       0x30 E:/STM32CubeIDE_1.13.1/STM32CubeIDE/plugins/com.st.stm32cube.ide.mcu.externaltools.gnu-tools-for-stm32.11.3.rel1.win32_1.1.0.202305231506/tools/bin/../lib/gcc/arm-none-eabi/11.3.1/../../../../arm-none-eabi/lib/thumb/v7e-m+fp/hard\libc_nano.a(libc_a-findfp.o)
                0x0000000008011160                __sinit
 .text._fwalk_sglue
                0x0000000008011190       0x3c E:/STM32CubeIDE_1.13.1/STM32CubeIDE/plugins/com.st.stm32cube.ide.mcu.externaltools.gnu-tools-for-stm32.11.3.rel1.win32_1.1.0.202305231506/tools/bin/../lib/gcc/arm-none-eabi/11.3.1/../../../../arm-none-eabi/lib/thumb/v7e-m+fp/hard\libc_nano.a(libc_a-fwalk.o)
                0x0000000008011190                _fwalk_sglue
 .text.printf   0x00000000080111cc       0x24 E:/STM32CubeIDE_1.13.1/STM32CubeIDE/plugins/com.st.stm32cube.ide.mcu.externaltools.gnu-tools-for-stm32.11.3.rel1.win32_1.1.0.202305231506/tools/bin/../lib/gcc/arm-none-eabi/11.3.1/../../../../arm-none-eabi/lib/thumb/v7e-m+fp/hard\libc_nano.a(libc_a-printf.o)
                0x00000000080111cc                iprintf
                0x00000000080111cc                printf
 .text._puts_r  0x00000000080111f0       0xa8 E:/STM32CubeIDE_1.13.1/STM32CubeIDE/plugins/com.st.stm32cube.ide.mcu.externaltools.gnu-tools-for-stm32.11.3.rel1.win32_1.1.0.202305231506/tools/bin/../lib/gcc/arm-none-eabi/11.3.1/../../../../arm-none-eabi/lib/thumb/v7e-m+fp/hard\libc_nano.a(libc_a-puts.o)
                0x00000000080111f0                _puts_r
 .text.puts     0x0000000008011298       0x10 E:/STM32CubeIDE_1.13.1/STM32CubeIDE/plugins/com.st.stm32cube.ide.mcu.externaltools.gnu-tools-for-stm32.11.3.rel1.win32_1.1.0.202305231506/tools/bin/../lib/gcc/arm-none-eabi/11.3.1/../../../../arm-none-eabi/lib/thumb/v7e-m+fp/hard\libc_nano.a(libc_a-puts.o)
                0x0000000008011298                puts
 .text.sprintf  0x00000000080112a8       0x40 E:/STM32CubeIDE_1.13.1/STM32CubeIDE/plugins/com.st.stm32cube.ide.mcu.externaltools.gnu-tools-for-stm32.11.3.rel1.win32_1.1.0.202305231506/tools/bin/../lib/gcc/arm-none-eabi/11.3.1/../../../../arm-none-eabi/lib/thumb/v7e-m+fp/hard\libc_nano.a(libc_a-sprintf.o)
                0x00000000080112a8                siprintf
                0x00000000080112a8                sprintf
 .text.__sread  0x00000000080112e8       0x22 E:/STM32CubeIDE_1.13.1/STM32CubeIDE/plugins/com.st.stm32cube.ide.mcu.externaltools.gnu-tools-for-stm32.11.3.rel1.win32_1.1.0.202305231506/tools/bin/../lib/gcc/arm-none-eabi/11.3.1/../../../../arm-none-eabi/lib/thumb/v7e-m+fp/hard\libc_nano.a(libc_a-stdio.o)
                0x00000000080112e8                __sread
 .text.__swrite
                0x000000000801130a       0x38 E:/STM32CubeIDE_1.13.1/STM32CubeIDE/plugins/com.st.stm32cube.ide.mcu.externaltools.gnu-tools-for-stm32.11.3.rel1.win32_1.1.0.202305231506/tools/bin/../lib/gcc/arm-none-eabi/11.3.1/../../../../arm-none-eabi/lib/thumb/v7e-m+fp/hard\libc_nano.a(libc_a-stdio.o)
                0x000000000801130a                __swrite
 .text.__sseek  0x0000000008011342       0x24 E:/STM32CubeIDE_1.13.1/STM32CubeIDE/plugins/com.st.stm32cube.ide.mcu.externaltools.gnu-tools-for-stm32.11.3.rel1.win32_1.1.0.202305231506/tools/bin/../lib/gcc/arm-none-eabi/11.3.1/../../../../arm-none-eabi/lib/thumb/v7e-m+fp/hard\libc_nano.a(libc_a-stdio.o)
                0x0000000008011342                __sseek
 .text.__sclose
                0x0000000008011366        0x8 E:/STM32CubeIDE_1.13.1/STM32CubeIDE/plugins/com.st.stm32cube.ide.mcu.externaltools.gnu-tools-for-stm32.11.3.rel1.win32_1.1.0.202305231506/tools/bin/../lib/gcc/arm-none-eabi/11.3.1/../../../../arm-none-eabi/lib/thumb/v7e-m+fp/hard\libc_nano.a(libc_a-stdio.o)
                0x0000000008011366                __sclose
 .text.__swbuf_r