Archive member included to satisfy reference by file (symbol)

E:/STM32CubeIDE_1.13.1/STM32CubeIDE/plugins/com.st.stm32cube.ide.mcu.externaltools.gnu-tools-for-stm32.11.3.rel1.win32_1.1.0.202305231506/tools/bin/../lib/gcc/arm-none-eabi/11.3.1/../../../../arm-none-eabi/lib/thumb/v7e-m+fp/hard\libc_nano.a(libc_a-atoi.o)
                              ./Application/User/gatt_db.o (atoi)
E:/STM32CubeIDE_1.13.1/STM32CubeIDE/plugins/com.st.stm32cube.ide.mcu.externaltools.gnu-tools-for-stm32.11.3.rel1.win32_1.1.0.202305231506/tools/bin/../lib/gcc/arm-none-eabi/11.3.1/../../../../arm-none-eabi/lib/thumb/v7e-m+fp/hard\libc_nano.a(libc_a-exit.o)
                              E:/STM32CubeIDE_1.13.1/STM32CubeIDE/plugins/com.st.stm32cube.ide.mcu.externaltools.gnu-tools-for-stm32.11.3.rel1.win32_1.1.0.202305231506/tools/bin/../lib/gcc/arm-none-eabi/11.3.1/../../../../arm-none-eabi/lib/thumb/v7e-m+fp/hard/crt0.o (exit)
E:/STM32CubeIDE_1.13.1/STM32CubeIDE/plugins/com.st.stm32cube.ide.mcu.externaltools.gnu-tools-for-stm32.11.3.rel1.win32_1.1.0.202305231506/tools/bin/../lib/gcc/arm-none-eabi/11.3.1/../../../../arm-none-eabi/lib/thumb/v7e-m+fp/hard\libc_nano.a(libc_a-rand.o)
                              ./Application/User/app_bluenrg_2.o (srand)
E:/STM32CubeIDE_1.13.1/STM32CubeIDE/plugins/com.st.stm32cube.ide.mcu.externaltools.gnu-tools-for-stm32.11.3.rel1.win32_1.1.0.202305231506/tools/bin/../lib/gcc/arm-none-eabi/11.3.1/../../../../arm-none-eabi/lib/thumb/v7e-m+fp/hard\libc_nano.a(libc_a-strtol.o)
                              E:/STM32CubeIDE_1.13.1/STM32CubeIDE/plugins/com.st.stm32cube.ide.mcu.externaltools.gnu-tools-for-stm32.11.3.rel1.win32_1.1.0.202305231506/tools/bin/../lib/gcc/arm-none-eabi/11.3.1/../../../../arm-none-eabi/lib/thumb/v7e-m+fp/hard\libc_nano.a(libc_a-atoi.o) (_strtol_r)
E:/STM32CubeIDE_1.13.1/STM32CubeIDE/plugins/com.st.stm32cube.ide.mcu.externaltools.gnu-tools-for-stm32.11.3.rel1.win32_1.1.0.202305231506/tools/bin/../lib/gcc/arm-none-eabi/11.3.1/../../../../arm-none-eabi/lib/thumb/v7e-m+fp/hard\libc_nano.a(libc_a-ctype_.o)
                              E:/STM32CubeIDE_1.13.1/STM32CubeIDE/plugins/com.st.stm32cube.ide.mcu.externaltools.gnu-tools-for-stm32.11.3.rel1.win32_1.1.0.202305231506/tools/bin/../lib/gcc/arm-none-eabi/11.3.1/../../../../arm-none-eabi/lib/thumb/v7e-m+fp/hard\libc_nano.a(libc_a-strtol.o) (_ctype_)
E:/STM32CubeIDE_1.13.1/STM32CubeIDE/plugins/com.st.stm32cube.ide.mcu.externaltools.gnu-tools-for-stm32.11.3.rel1.win32_1.1.0.202305231506/tools/bin/../lib/gcc/arm-none-eabi/11.3.1/../../../../arm-none-eabi/lib/thumb/v7e-m+fp/hard\libc_nano.a(libc_a-findfp.o)
                              E:/STM32CubeIDE_1.13.1/STM32CubeIDE/plugins/com.st.stm32cube.ide.mcu.externaltools.gnu-tools-for-stm32.11.3.rel1.win32_1.1.0.202305231506/tools/bin/../lib/gcc/arm-none-eabi/11.3.1/../../../../arm-none-eabi/lib/thumb/v7e-m+fp/hard\libc_nano.a(libc_a-exit.o) (__stdio_exit_handler)
E:/STM32CubeIDE_1.13.1/STM32CubeIDE/plugins/com.st.stm32cube.ide.mcu.externaltools.gnu-tools-for-stm32.11.3.rel1.win32_1.1.0.202305231506/tools/bin/../lib/gcc/arm-none-eabi/11.3.1/../../../../arm-none-eabi/lib/thumb/v7e-m+fp/hard\libc_nano.a(libc_a-fwalk.o)
                              E:/STM32CubeIDE_1.13.1/STM32CubeIDE/plugins/com.st.stm32cube.ide.mcu.externaltools.gnu-tools-for-stm32.11.3.rel1.win32_1.1.0.202305231506/tools/bin/../lib/gcc/arm-none-eabi/11.3.1/../../../../arm-none-eabi/lib/thumb/v7e-m+fp/hard\libc_nano.a(libc_a-findfp.o) (_fwalk_sglue)
E:/STM32CubeIDE_1.13.1/STM32CubeIDE/plugins/com.st.stm32cube.ide.mcu.externaltools.gnu-tools-for-stm32.11.3.rel1.win32_1.1.0.202305231506/tools/bin/../lib/gcc/arm-none-eabi/11.3.1/../../../../arm-none-eabi/lib/thumb/v7e-m+fp/hard\libc_nano.a(libc_a-printf.o)
                              ./Application/User/OTA.o (printf)
E:/STM32CubeIDE_1.13.1/STM32CubeIDE/plugins/com.st.stm32cube.ide.mcu.externaltools.gnu-tools-for-stm32.11.3.rel1.win32_1.1.0.202305231506/tools/bin/../lib/gcc/arm-none-eabi/11.3.1/../../../../arm-none-eabi/lib/thumb/v7e-m+fp/hard\libc_nano.a(libc_a-puts.o)
                              ./Application/User/OTA.o (puts)
E:/STM32CubeIDE_1.13.1/STM32CubeIDE/plugins/com.st.stm32cube.ide.mcu.externaltools.gnu-tools-for-stm32.11.3.rel1.win32_1.1.0.202305231506/tools/bin/../lib/gcc/arm-none-eabi/11.3.1/../../../../arm-none-eabi/lib/thumb/v7e-m+fp/hard\libc_nano.a(libc_a-sprintf.o)
                              ./Application/User/gatt_db.o (sprintf)
E:/STM32CubeIDE_1.13.1/STM32CubeIDE/plugins/com.st.stm32cube.ide.mcu.externaltools.gnu-tools-for-stm32.11.3.rel1.win32_1.1.0.202305231506/tools/bin/../lib/gcc/arm-none-eabi/11.3.1/../../../../arm-none-eabi/lib/thumb/v7e-m+fp/hard\libc_nano.a(libc_a-stdio.o)
[...]
Memory Configuration

Name             Origin             Length             Attributes
RAM              0x0000000020000000 0x0000000000018000 xrw
RAM2             0x0000000010000000 0x0000000000008000 xrw
FLASH            0x0000000008004000 0x0000000000100000 xr
*default*        0x0000000000000000 0xffffffffffffffff

Linker script and memory map

LOAD E:/STM32CubeIDE_1.13.1/STM32CubeIDE/plugins/com.st.stm32cube.ide.mcu.externaltools.gnu-tools-for-stm32.11.3.rel1.win32_1.1.0.202305231506/tools/bin/../lib/gcc/arm-none-eabi/11.3.1/thumb/v7e-m+fp/hard/crti.o
LOAD E:/STM32CubeIDE_1.13.1/STM32CubeIDE/plugins/com.st.stm32cube.ide.mcu.externaltools.gnu-tools-for-stm32.11.3.rel1.win32_1.1.0.202305231506/tools/bin/../lib/gcc/arm-none-eabi/11.3.1/thumb/v7e-m+fp/hard/crtbegin.o
LOAD E:/STM32CubeIDE_1.13.1/STM32CubeIDE/plugins/com.st.stm32cube.ide.mcu.externaltools.gnu-tools-for-stm32.11.3.rel1.win32_1.1.0.202305231506/tools/bin/../lib/gcc/arm-none-eabi/11.3.1/../../../../arm-none-eabi/lib/thumb/v7e-m+fp/hard/crt0.o
LOAD ./Application/Startup/startup_stm32l476rgtx.o
LOAD ./Application/User/OTA.o
LOAD ./Application/User/app_bluenrg_2.o
LOAD ./Application/User/gatt_db.o
LOAD ./Application/User/hci_tl_interface.o
LOAD ./Application/User/main.o
LOAD ./Application/User/sensor.o
LOAD ./Application/User/stm32l4xx_hal_msp.o
LOAD ./Application/User/stm32l4xx_it.o
LOAD ./Application/User/stm32l4xx_nucleo_bus.o
LOAD ./Application/User/syscalls.o
LOAD ./Application/User/sysmem.o
LOAD ./Application/User/target_platform.o
LOAD ./Drivers/BSP/STM32L4xx_Nucleo/stm32l4xx_nucleo.o
LOAD ./Drivers/CMSIS/system_stm32l4xx.o
LOAD ./Drivers/STM32L4xx_HAL_Driver/stm32l4xx_hal.o
LOAD ./Drivers/STM32L4xx_HAL_Driver/stm32l4xx_hal_adc.o
LOAD ./Drivers/STM32L4xx_HAL_Driver/stm32l4xx_hal_adc_ex.o
LOAD ./Drivers/STM32L4xx_HAL_Driver/stm32l4xx_hal_cortex.o
LOAD ./Drivers/STM32L4xx_HAL_Driver/stm32l4xx_hal_crc.o
LOAD ./Drivers/STM32L4xx_HAL_Driver/stm32l4xx_hal_crc_ex.o
LOAD ./Drivers/STM32L4xx_HAL_Driver/stm32l4xx_hal_dma.o
LOAD ./Drivers/STM32L4xx_HAL_Driver/stm32l4xx_hal_dma_ex.o
LOAD ./Drivers/STM32L4xx_HAL_Driver/stm32l4xx_hal_exti.o
LOAD ./Drivers/STM32L4xx_HAL_Driver/stm32l4xx_hal_flash.o
LOAD ./Drivers/STM32L4xx_HAL_Driver/stm32l4xx_hal_flash_ex.o
LOAD ./Drivers/STM32L4xx_HAL_Driver/stm32l4xx_hal_flash_ramfunc.o
LOAD ./Drivers/STM32L4xx_HAL_Driver/stm32l4xx_hal_gpio.o
LOAD ./Drivers/STM32L4xx_HAL_Driver/stm32l4xx_hal_pwr.o
LOAD ./Drivers/STM32L4xx_HAL_Driver/stm32l4xx_hal_pwr_ex.o
LOAD ./Drivers/STM32L4xx_HAL_Driver/stm32l4xx_hal_rcc.o
LOAD ./Drivers/STM32L4xx_HAL_Driver/stm32l4xx_hal_rcc_ex.o
LOAD ./Drivers/STM32L4xx_HAL_Driver/stm32l4xx_hal_spi.o
LOAD ./Drivers/STM32L4xx_HAL_Driver/stm32l4xx_hal_spi_ex.o
LOAD ./Drivers/STM32L4xx_HAL_Driver/stm32l4xx_hal_tim.o
LOAD ./Drivers/STM32L4xx_HAL_Driver/stm32l4xx_hal_tim_ex.o
LOAD ./Drivers/STM32L4xx_HAL_Driver/stm32l4xx_hal_uart.o
LOAD ./Drivers/STM32L4xx_HAL_Driver/stm32l4xx_hal_uart_ex.o
LOAD ./Middlewares/BlueNRG-2/Wireless/BlueNRG-2/Controller/bluenrg1_gap_aci.o
LOAD ./Middlewares/BlueNRG-2/Wireless/BlueNRG-2/Controller/bluenrg1_gatt_aci.o
LOAD ./Middlewares/BlueNRG-2/Wireless/BlueNRG-2/Controller/bluenrg1_hal_aci.o
LOAD ./Middlewares/BlueNRG-2/Wireless/BlueNRG-2/Controller/bluenrg1_l2cap_aci.o
LOAD ./Middlewares/BlueNRG-2/Wireless/BlueNRG-2/HCI_TL/Basic/bluenrg1_devConfig.o
LOAD ./Middlewares/BlueNRG-2/Wireless/BlueNRG-2/HCI_TL/Basic/bluenrg1_events.o
LOAD ./Middlewares/BlueNRG-2/Wireless/BlueNRG-2/HCI_TL/Basic/bluenrg1_events_cb.o
LOAD ./Middlewares/BlueNRG-2/Wireless/BlueNRG-2/HCI_TL/Basic/bluenrg1_hci_le.o
LOAD ./Middlewares/BlueNRG-2/Wireless/BlueNRG-2/HCI_TL/Basic/hci_tl.o
LOAD ./Middlewares/BlueNRG-2/Wireless/BlueNRG-2/Utils/ble_list.o
START GROUP
LOAD E:/STM32CubeIDE_1.13.1/STM32CubeIDE/plugins/com.st.stm32cube.ide.mcu.externaltools.gnu-tools-for-stm32.11.3.rel1.win32_1.1.0.202305231506/tools/bin/../lib/gcc/arm-none-eabi/11.3.1/../../../../arm-none-eabi/lib/thumb/v7e-m+fp/hard\libc_nano.a
LOAD E:/STM32CubeIDE_1.13.1/STM32CubeIDE/plugins/com.st.stm32cube.ide.mcu.externaltools.gnu-tools-for-stm32.11.3.rel1.win32_1.1.0.202305231506/tools/bin/../lib/gcc/arm-none-eabi/11.3.1/../../../../arm-none-eabi/lib/thumb/v7e-m+fp/hard\libm.a
END GROUP
START GROUP
LOAD E:/STM32CubeIDE_1.13.1/STM32CubeIDE/plugins/com.st.stm32cube.ide.mcu.externaltools.gnu-tools-for-stm32.11.3.rel1.win32_1.1.0.202305231506/tools/bin/../lib/gcc/arm-none-eabi/11.3.1/thumb/v7e-m+fp/hard\libgcc.a
LOAD E:/STM32CubeIDE_1.13.1/STM32CubeIDE/plugins/com.st.stm32cube.ide.mcu.externaltools.gnu-tools-for-stm32.11.3.rel1.win32_1.1.0.202305231506/tools/bin/../lib/gcc/arm-none-eabi/11.3.1/../../../../arm-none-eabi/lib/thumb/v7e-m+fp/hard\libc_nano.a
END GROUP
START GROUP
LOAD E:/STM32CubeIDE_1.13.1/STM32CubeIDE/plugins/com.st.stm32cube.ide.mcu.externaltools.gnu-tools-for-stm32.11.3.rel1.win32_1.1.0.202305231506/tools/bin/../lib/gcc/arm-none-eabi/11.3.1/thumb/v7e-m+fp/hard\libgcc.a
LOAD E:/STM32CubeIDE_1.13.1/STM32CubeIDE/plugins/com.st.stm32cube.ide.mcu.externaltools.gnu-tools-for-stm32.11.3.rel1.win32_1.1.0.202305231506/tools/bin/../lib/gcc/arm-none-eabi/11.3.1/../../../../arm-none-eabi/lib/thumb/v7e-m+fp/hard\libc_nano.a
LOAD E:/STM32CubeIDE_1.13.1/STM32CubeIDE/plugins/com.st.stm32cube.ide.mcu.externaltools.gnu-tools-for-stm32.11.3.rel1.win32_1.1.0.202305231506/tools/bin/../lib/gcc/arm-none-eabi/11.3.1/../../../../arm-none-eabi/lib/thumb/v7e-m+fp/hard\libnosys.a
END GROUP
START GROUP
LOAD E:/STM32CubeIDE_1.13.1/STM32CubeIDE/plugins/com.st.stm32cube.ide.mcu.externaltools.gnu-tools-for-stm32.11.3.rel1.win32_1.1.0.202305231506/tools/bin/../lib/gcc/arm-none-eabi/11.3.1/thumb/v7e-m+fp/hard\libgcc.a
LOAD E:/STM32CubeIDE_1.13.1/STM32CubeIDE/plugins/com.st.stm32cube.ide.mcu.externaltools.gnu-tools-for-stm32.11.3.rel1.win32_1.1.0.202305231506/tools/bin/../lib/gcc/arm-none-eabi/11.3.1/../../../../arm-none-eabi/lib/thumb/v7e-m+fp/hard\libc_nano.a
LOAD E:/STM32CubeIDE_1.13.1/STM32CubeIDE/plugins/com.st.stm32cube.ide.mcu.externaltools.gnu-tools-for-stm32.11.3.rel1.win32_1.1.0.202305231506/tools/bin/../lib/gcc/arm-none-eabi/11.3.1/../../../../arm-none-eabi/lib/thumb/v7e-m+fp/hard\libnosys.a
END GROUP
LOAD E:/STM32CubeIDE_1.13.1/STM32CubeIDE/plugins/com.st.stm32cube.ide.mcu.externaltools.gnu-tools-for-stm32.11.3.rel1.win32_1.1.0.202305231506/tools/bin/../lib/gcc/arm-none-eabi/11.3.1/thumb/v7e-m+fp/hard/crtend.o
LOAD E:/STM32CubeIDE_1.13.1/STM32CubeIDE/plugins/com.st.stm32cube.ide.mcu.externaltools.gnu-tools-for-stm32.11.3.rel1.win32_1.1.0.202305231506/tools/bin/../lib/gcc/arm-none-eabi/11.3.1/thumb/v7e-m+fp/hard/crtn.o
                0x0000000020018000                _estack = (ORIGIN (RAM) + LENGTH (RAM))
                0x0000000000000200                _Min_Heap_Size = 0x200
                0x0000000000000400                _Min_Stack_Size = 0x400

.isr_vector     0x0000000008004000      0x188
                0x0000000008004000                . = ALIGN (0x4)
 *(.isr_vector)
 .isr_vector    0x0000000008004000      0x188 ./Application/Startup/startup_stm32l476rgtx.o
                0x0000000008004000                g_pfnVectors
                0x0000000008004188                . = ALIGN (0x4)

.text           0x0000000008004190     0xe354
                0x0000000008004190                . = ALIGN (0x4)
 *(.text)
 .text          0x0000000008004190       0x40 E:/STM32CubeIDE_1.13.1/STM32CubeIDE/plugins/com.st.stm32cube.ide.mcu.externaltools.gnu-tools-for-stm32.11.3.rel1.win32_1.1.0.202305231506/tools/bin/../lib/gcc/arm-none-eabi/11.3.1/thumb/v7e-m+fp/hard/crtbegin.o
 .text          0x00000000080041d0       0xa0 E:/STM32CubeIDE_1.13.1/STM32CubeIDE/plugins/com.st.stm32cube.ide.mcu.externaltools.gnu-tools-for-stm32.11.3.rel1.win32_1.1.0.202305231506/tools/bin/../lib/gcc/arm-none-eabi/11.3.1/../../../../arm-none-eabi/lib/thumb/v7e-m+fp/hard\libc_nano.a(libc_a-memchr.o)
                0x00000000080041d0                memchr
 .text          0x0000000008004270      0x378 E:/STM32CubeIDE_1.13.1/STM32CubeIDE/plugins/com.st.stm32cube.ide.mcu.externaltools.gnu-tools-for-stm32.11.3.rel1.win32_1.1.0.202305231506/tools/bin/../lib/gcc/arm-none-eabi/11.3.1/thumb/v7e-m+fp/hard\libgcc.a(_arm_addsubdf3.o)
                0x0000000008004270                __aeabi_drsub
                0x0000000008004278                __aeabi_dsub
                0x0000000008004278                __subdf3
                0x000000000800427c                __aeabi_dadd
                0x000000000800427c                __adddf3
                0x00000000080044f4                __floatunsidf
                0x00000000080044f4                __aeabi_ui2d
                0x0000000008004514                __floatsidf
                0x0000000008004514                __aeabi_i2d
                0x0000000008004538                __aeabi_f2d
                0x0000000008004538                __extendsfdf2
                0x000000000800457c                __floatundidf
                0x000000000800457c                __aeabi_ul2d
                0x000000000800458c                __floatdidf
                0x000000000800458c                __aeabi_l2d
 .text          0x00000000080045e8       0xa0 E:/STM32CubeIDE_1.13.1/STM32CubeIDE/plugins/com.st.stm32cube.ide.mcu.externaltools.gnu-tools-for-stm32.11.3.rel1.win32_1.1.0.202305231506/tools/bin/../lib/gcc/arm-none-eabi/11.3.1/thumb/v7e-m+fp/hard\libgcc.a(_arm_truncdfsf2.o)
                0x00000000080045e8                __truncdfsf2
                0x00000000080045e8                __aeabi_d2f
 .text          0x0000000008004688       0x30 E:/STM32CubeIDE_1.13.1/STM32CubeIDE/plugins/com.st.stm32cube.ide.mcu.externaltools.gnu-tools-for-stm32.11.3.rel1.win32_1.1.0.202305231506/tools/bin/../lib/gcc/arm-none-eabi/11.3.1/thumb/v7e-m+fp/hard\libgcc.a(_aeabi_uldivmod.o)
                0x0000000008004688                __aeabi_uldivmod
 .text          0x00000000080046b8      0x2c8 E:/STM32CubeIDE_1.13.1/STM32CubeIDE/plugins/com.st.stm32cube.ide.mcu.externaltools.gnu-tools-for-stm32.11.3.rel1.win32_1.1.0.202305231506/tools/bin/../lib/gcc/arm-none-eabi/11.3.1/thumb/v7e-m+fp/hard\libgcc.a(_udivmoddi4.o)
                0x00000000080046b8                __udivmoddi4
 .text          0x0000000008004980        0x4 E:/STM32CubeIDE_1.13.1/STM32CubeIDE/plugins/com.st.stm32cube.ide.mcu.externaltools.gnu-tools-for-stm32.11.3.rel1.win32_1.1.0.202305231506/tools/bin/../lib/gcc/arm-none-eabi/11.3.1/thumb/v7e-m+fp/hard\libgcc.a(_dvmd_tls.o)
                0x0000000008004980                __aeabi_idiv0
                0x0000000008004980                __aeabi_ldiv0
 *(.text*)
 .text.Reset_Handler
                0x0000000008004984       0x50 ./Application/Startup/startup_stm32l476rgtx.o
                0x0000000008004984                Reset_Handler
 .text.Default_Handler
                0x00000000080049d4        0x2 ./Application/Startup/startup_stm32l476rgtx.o
                0x00000000080049d4                RTC_Alarm_IRQHandler
                0x00000000080049d4                EXTI2_IRQHandler
                0x00000000080049d4                TIM8_TRG_COM_IRQHandler
                0x00000000080049d4                TIM8_CC_IRQHandler
                0x00000000080049d4                TIM1_CC_IRQHandler
                0x00000000080049d4                TSC_IRQHandler
                0x00000000080049d4                TAMP_STAMP_IRQHandler
                0x00000000080049d4                EXTI3_IRQHandler
                0x00000000080049d4                LPTIM2_IRQHandler
                0x00000000080049d4                DFSDM1_FLT1_IRQHandler
                0x00000000080049d4                I2C3_ER_IRQHandler
                0x00000000080049d4                DFSDM1_FLT2_IRQHandler
                0x00000000080049d4                I2C2_EV_IRQHandler
                0x00000000080049d4                CAN1_RX0_IRQHandler
                0x00000000080049d4                FPU_IRQHandler
                0x00000000080049d4                TIM1_UP_TIM16_IRQHandler
                0x00000000080049d4                ADC1_2_IRQHandler
                0x00000000080049d4                SPI1_IRQHandler
                0x00000000080049d4                TIM6_DAC_IRQHandler
                0x00000000080049d4                TIM8_UP_IRQHandler
                0x00000000080049d4                DMA2_Channel2_IRQHandler
                0x00000000080049d4                DMA1_Channel4_IRQHandler
                0x00000000080049d4                SAI2_IRQHandler
                0x00000000080049d4                DFSDM1_FLT3_IRQHandler
                0x00000000080049d4                USART3_IRQHandler
                0x00000000080049d4                DMA1_Channel7_IRQHandler
                0x00000000080049d4                CAN1_RX1_IRQHandler
                0x00000000080049d4                LCD_IRQHandler
                0x00000000080049d4                UART5_IRQHandler
                0x00000000080049d4                ADC3_IRQHandler
                0x00000000080049d4                TIM4_IRQHandler
                0x00000000080049d4                DMA2_Channel1_IRQHandler
                0x00000000080049d4                QUADSPI_IRQHandler
                0x00000000080049d4                I2C1_EV_IRQHandler
                0x00000000080049d4                DMA1_Channel6_IRQHandler
                0x00000000080049d4                UART4_IRQHandler
                0x00000000080049d4                DMA2_Channel4_IRQHandler
                0x00000000080049d4                TIM3_IRQHandler
                0x00000000080049d4                RCC_IRQHandler
                0x00000000080049d4                DMA1_Channel1_IRQHandler
                0x00000000080049d4                Default_Handler
                0x00000000080049d4                DMA2_Channel7_IRQHandler
                0x00000000080049d4                TIM7_IRQHandler
                0x00000000080049d4                SDMMC1_IRQHandler
                0x00000000080049d4                TIM5_IRQHandler
                0x00000000080049d4                I2C3_EV_IRQHandler
                0x00000000080049d4                EXTI9_5_IRQHandler
                0x00000000080049d4                RTC_WKUP_IRQHandler
                0x00000000080049d4                PVD_PVM_IRQHandler
                0x00000000080049d4                SPI2_IRQHandler
                0x00000000080049d4                CAN1_TX_IRQHandler
                0x00000000080049d4                DMA2_Channel5_IRQHandler
                0x00000000080049d4                DMA1_Channel5_IRQHandler
                0x00000000080049d4                EXTI4_IRQHandler
                0x00000000080049d4                RNG_IRQHandler
                0x00000000080049d4                TIM1_TRG_COM_TIM17_IRQHandler
                0x00000000080049d4                DMA1_Channel3_IRQHandler
                0x00000000080049d4                COMP_IRQHandler
                0x00000000080049d4                WWDG_IRQHandler
                0x00000000080049d4                LPUART1_IRQHandler
                0x00000000080049d4                DMA2_Channel6_IRQHandler
                0x00000000080049d4                TIM2_IRQHandler
                0x00000000080049d4                EXTI1_IRQHandler
                0x00000000080049d4                USART2_IRQHandler
                0x00000000080049d4                DFSDM1_FLT0_IRQHandler
                0x00000000080049d4                I2C2_ER_IRQHandler
                0x00000000080049d4                DMA1_Channel2_IRQHandler
                0x00000000080049d4                TIM8_BRK_IRQHandler
                0x00000000080049d4                CAN1_SCE_IRQHandler
                0x00000000080049d4                FLASH_IRQHandler
                0x00000000080049d4                USART1_IRQHandler
                0x00000000080049d4                OTG_FS_IRQHandler
                0x00000000080049d4                SPI3_IRQHandler
                0x00000000080049d4                I2C1_ER_IRQHandler
                0x00000000080049d4                FMC_IRQHandler
                0x00000000080049d4                SWPMI1_IRQHandler
                0x00000000080049d4                LPTIM1_IRQHandler
                0x00000000080049d4                SAI1_IRQHandler
                0x00000000080049d4                DMA2_Channel3_IRQHandler
                0x00000000080049d4                TIM1_BRK_TIM15_IRQHandler
 *fill*         0x00000000080049d6        0x2 
 .text.CheckBootLoaderCompliance
                0x00000000080049d8      0x130 ./Application/User/OTA.o
                0x00000000080049d8                CheckBootLoaderCompliance
 .text.UpdateFWBlueNRG
                0x0000000008004b08      0x240 ./Application/User/OTA.o
                0x0000000008004b08                UpdateFWBlueNRG
 .text.StartUpdateFWBlueNRG
                0x0000000008004d48       0x98 ./Application/User/OTA.o
                0x0000000008004d48                StartUpdateFWBlueNRG
 .text.MX_BlueNRG_2_Init
                0x0000000008004de0       0x4c ./Application/User/app_bluenrg_2.o
                0x0000000008004de0                MX_BlueNRG_2_Init
 .text.MX_BlueNRG_2_Process
                0x0000000008004e2c       0x10 ./Application/User/app_bluenrg_2.o
                0x0000000008004e2c                MX_BlueNRG_2_Process
 .text.User_Init
                0x0000000008004e3c       0x1c ./Application/User/app_bluenrg_2.o
 .text.Sensor_DeviceInit
                0x0000000008004e58      0x14c ./Application/User/app_bluenrg_2.o
 .text.User_Process
                0x0000000008004fa4      0x178 ./Application/User/app_bluenrg_2.o
 .text.Set_Random_Motion_Values
                0x000000000800511c     0x10dc ./Application/User/app_bluenrg_2.o
 .text.Reset_Motion_Values
                0x00000000080061f8      0x1d4 ./Application/User/app_bluenrg_2.o
 .text.getBlueNRGVersion
                0x00000000080063cc       0x88 ./Application/User/app_bluenrg_2.o
                0x00000000080063cc                getBlueNRGVersion
 .text.BSP_PB_Callback
                0x0000000008006454       0x20 ./Application/User/app_bluenrg_2.o
                0x0000000008006454                BSP_PB_Callback
 .text.hci_le_connection_complete_event
                0x0000000008006474       0x54 ./Application/User/app_bluenrg_2.o
                0x0000000008006474                hci_le_connection_complete_event
 .text.hci_disconnection_complete_event
                0x00000000080064c8       0x54 ./Application/User/app_bluenrg_2.o
                0x00000000080064c8                hci_disconnection_complete_event
 .text.aci_gatt_read_permit_req_event
                0x000000000800651c       0x22 ./Application/User/app_bluenrg_2.o
                0x000000000800651c                aci_gatt_read_permit_req_event
 .text.aci_gatt_attribute_modified_event
                0x000000000800653e       0x3a ./Application/User/app_bluenrg_2.o
                0x000000000800653e                aci_gatt_attribute_modified_event
 .text.aci_gap_pass_key_req_event
                0x0000000008006578       0x2c ./Application/User/app_bluenrg_2.o
                0x0000000008006578                aci_gap_pass_key_req_event
 .text.aci_gap_pairing_complete_event
                0x00000000080065a4       0x30 ./Application/User/app_bluenrg_2.o
                0x00000000080065a4                aci_gap_pairing_complete_event
 .text.Add_HWServW2ST_Service
                0x00000000080065d4      0x1b4 ./Application/User/gatt_db.o
                0x00000000080065d4                Add_HWServW2ST_Service
 .text.Add_SWServW2ST_Service
                0x0000000008006788      0x120 ./Application/User/gatt_db.o
                0x0000000008006788                Add_SWServW2ST_Service
 .text.Add_ConsoleW2ST_Service
                0x00000000080068a8      0x1a4 ./Application/User/gatt_db.o
                0x00000000080068a8                Add_ConsoleW2ST_Service
 .text.Environmental_Update
                0x0000000008006a4c       0x8c ./Application/User/gatt_db.o
                0x0000000008006a4c                Environmental_Update
 .text.Acc_Update
                0x0000000008006ad8      0x114 ./Application/User/gatt_db.o
                0x0000000008006ad8                Acc_Update
 .text.Quat_Update
                0x0000000008006bec       0x8c ./Application/User/gatt_db.o
                0x0000000008006bec                Quat_Update
 .text.Term_Update
                0x0000000008006c78       0x90 ./Application/User/gatt_db.o
                0x0000000008006c78                Term_Update
 .text.Term_Update_AfterRead
                0x0000000008006d08       0x44 ./Application/User/gatt_db.o
                0x0000000008006d08                Term_Update_AfterRead
 .text.Read_Request_CB
                0x0000000008006d4c      0x1a8 ./Application/User/gatt_db.o
                0x0000000008006d4c                Read_Request_CB
 .text.Attribute_Modified_Request_CB
                0x0000000008006ef4      0x174 ./Application/User/gatt_db.o
                0x0000000008006ef4                Attribute_Modified_Request_CB
 .text.DebugConsoleCommandParsing
                0x0000000008007068      0x338 ./Application/User/gatt_db.o
 .text.getBlueNRG2_Version
                0x00000000080073a0       0xc2 ./Application/User/gatt_db.o
 .text.HCI_TL_SPI_Enable_IRQ
                0x0000000008007462        0xe ./Application/User/hci_tl_interface.o
 .text.HCI_TL_SPI_Disable_IRQ
                0x0000000008007470        0xe ./Application/User/hci_tl_interface.o
 *fill*         0x000000000800747e        0x2 
 .text.HCI_TL_SPI_Init
                0x0000000008007480       0x98 ./Application/User/hci_tl_interface.o
                0x0000000008007480                HCI_TL_SPI_Init
 .text.HCI_TL_SPI_DeInit
                0x0000000008007518       0x2a ./Application/User/hci_tl_interface.o
                0x0000000008007518                HCI_TL_SPI_DeInit
 .text.HCI_TL_SPI_Reset
                0x0000000008007542       0x3e ./Application/User/hci_tl_interface.o
                0x0000000008007542                HCI_TL_SPI_Reset
 .text.HCI_TL_SPI_Receive
                0x0000000008007580       0xe4 ./Application/User/hci_tl_interface.o
                0x0000000008007580                HCI_TL_SPI_Receive
 .text.HCI_TL_SPI_Send
                0x0000000008007664      0x11c ./Application/User/hci_tl_interface.o
                0x0000000008007664                HCI_TL_SPI_Send
 .text.IsDataAvailable
                0x0000000008007780       0x1e ./Application/User/hci_tl_interface.o
 *fill*         0x000000000800779e        0x2 
 .text.hci_tl_lowlevel_init
                0x00000000080077a0       0x74 ./Application/User/hci_tl_interface.o
                0x00000000080077a0                hci_tl_lowlevel_init
 .text.hci_tl_lowlevel_isr
                0x0000000008007814       0x22 ./Application/User/hci_tl_interface.o
                0x0000000008007814                hci_tl_lowlevel_isr
 *fill*         0x0000000008007836        0x2 
 .text.main     0x0000000008007838       0xfc ./Application/User/main.o
                0x0000000008007838                main
 .text.SystemClock_Config
                0x0000000008007934       0xa2 ./Application/User/main.o
                0x0000000008007934                SystemClock_Config
 .text.PeriphCommonClock_Config
                0x00000000080079d6       0x56 ./Application/User/main.o
                0x00000000080079d6                PeriphCommonClock_Config
 .text.MX_ADC1_Init
                0x0000000008007a2c       0xec ./Application/User/main.o
 .text.MX_ADC2_Init
                0x0000000008007b18       0xc8 ./Application/User/main.o
 .text.MX_CRC_Init
                0x0000000008007be0       0x44 ./Application/User/main.o
 .text.MX_GPIO_Init
                0x0000000008007c24      0x118 ./Application/User/main.o
 .text.Error_Handler
                0x0000000008007d3c        0xa ./Application/User/main.o
                0x0000000008007d3c                Error_Handler
 *fill*         0x0000000008007d46        0x2 
 .text.Set_DeviceConnectable
                0x0000000008007d48       0xe8 ./Application/User/sensor.o
                0x0000000008007d48                Set_DeviceConnectable
 .text.APP_UserEvtRx
                0x0000000008007e30       0xf0 ./Application/User/sensor.o
                0x0000000008007e30                APP_UserEvtRx
 .text.HAL_MspInit
                0x0000000008007f20       0x48 ./Application/User/stm32l4xx_hal_msp.o
                0x0000000008007f20                HAL_MspInit
 .text.HAL_ADC_MspInit
                0x0000000008007f68      0x100 ./Application/User/stm32l4xx_hal_msp.o
                0x0000000008007f68                HAL_ADC_MspInit
 .text.HAL_CRC_MspInit
                0x0000000008008068       0x40 ./Application/User/stm32l4xx_hal_msp.o
                0x0000000008008068                HAL_CRC_MspInit
 .text.HAL_CRC_MspDeInit
                0x00000000080080a8       0x34 ./Application/User/stm32l4xx_hal_msp.o
                0x00000000080080a8                HAL_CRC_MspDeInit
 .text.NMI_Handler
                0x00000000080080dc        0x6 ./Application/User/stm32l4xx_it.o
                0x00000000080080dc                NMI_Handler
 .text.HardFault_Handler
                0x00000000080080e2        0x6 ./Application/User/stm32l4xx_it.o
                0x00000000080080e2                HardFault_Handler
 .text.MemManage_Handler
                0x00000000080080e8        0x6 ./Application/User/stm32l4xx_it.o
                0x00000000080080e8                MemManage_Handler
 .text.BusFault_Handler
                0x00000000080080ee        0x6 ./Application/User/stm32l4xx_it.o
                0x00000000080080ee                BusFault_Handler
 .text.UsageFault_Handler
                0x00000000080080f4        0x6 ./Application/User/stm32l4xx_it.o
                0x00000000080080f4                UsageFault_Handler
 .text.SVC_Handler
                0x00000000080080fa        0xe ./Application/User/stm32l4xx_it.o
                0x00000000080080fa                SVC_Handler
 .text.DebugMon_Handler
                0x0000000008008108        0xe ./Application/User/stm32l4xx_it.o
                0x0000000008008108                DebugMon_Handler
 .text.PendSV_Handler
                0x0000000008008116        0xe ./Application/User/stm32l4xx_it.o
                0x0000000008008116                PendSV_Handler
 .text.SysTick_Handler
                0x0000000008008124        0xc ./Application/User/stm32l4xx_it.o
                0x0000000008008124                SysTick_Handler
 .text.EXTI0_IRQHandler
                0x0000000008008130       0x14 ./Application/User/stm32l4xx_it.o
                0x0000000008008130                EXTI0_IRQHandler
 .text.EXTI15_10_IRQHandler
                0x0000000008008144       0x14 ./Application/User/stm32l4xx_it.o
                0x0000000008008144                EXTI15_10_IRQHandler
 .text.BSP_SPI1_Init
                0x0000000008008158       0x60 ./Application/User/stm32l4xx_nucleo_bus.o
                0x0000000008008158                BSP_SPI1_Init
 .text.BSP_SPI1_SendRecv
                0x00000000080081b8       0x40 ./Application/User/stm32l4xx_nucleo_bus.o
                0x00000000080081b8                BSP_SPI1_SendRecv
 .text.BSP_GetTick
                0x00000000080081f8        0xe ./Application/User/stm32l4xx_nucleo_bus.o
                0x00000000080081f8                BSP_GetTick
 *fill*         0x0000000008008206        0x2 
 .text.MX_SPI1_Init
                0x0000000008008208       0x84 ./Application/User/stm32l4xx_nucleo_bus.o
                0x0000000008008208                MX_SPI1_Init
 .text.SPI1_MspInit
                0x000000000800828c       0xc4 ./Application/User/stm32l4xx_nucleo_bus.o
 .text._getpid  0x0000000008008350       0x10 ./Application/User/syscalls.o
                0x0000000008008350                _getpid
 .text._kill    0x0000000008008360       0x20 ./Application/User/syscalls.o
                0x0000000008008360                _kill
 .text._exit    0x0000000008008380       0x14 ./Application/User/syscalls.o
                0x0000000008008380                _exit
 .text._read    0x0000000008008394       0x3a ./Application/User/syscalls.o
                0x0000000008008394                _read
 .text._write   0x00000000080083ce       0x38 ./Application/User/syscalls.o
                0x00000000080083ce                _write
 .text._close   0x0000000008008406       0x18 ./Application/User/syscalls.o
                0x0000000008008406                _close
 .text._fstat   0x000000000800841e       0x20 ./Application/User/syscalls.o
                0x000000000800841e                _fstat
 .text._isatty  0x000000000800843e       0x16 ./Application/User/syscalls.o
                0x000000000800843e                _isatty
 .text._lseek   0x0000000008008454       0x1a ./Application/User/syscalls.o
                0x0000000008008454                _lseek
 *fill*         0x000000000800846e        0x2 
 .text._sbrk    0x0000000008008470       0x6c ./Application/User/sysmem.o
                0x0000000008008470                _sbrk
 .text.GetPage  0x00000000080084dc       0x84 ./Application/User/target_platform.o
                0x00000000080084dc                GetPage
 .text.GetBank  0x0000000008008560       0x9c ./Application/User/target_platform.o
                0x0000000008008560                GetBank
 .text.BSP_LED_Init
                0x00000000080085fc       0x24 ./Drivers/BSP/STM32L4xx_Nucleo/stm32l4xx_nucleo.o
                0x00000000080085fc                BSP_LED_Init
 .text.BSP_LED_On
                0x0000000008008620       0x2c ./Drivers/BSP/STM32L4xx_Nucleo/stm32l4xx_nucleo.o
                0x0000000008008620                BSP_LED_On
 .text.BSP_LED_Off
                0x000000000800864c       0x2c ./Drivers/BSP/STM32L4xx_Nucleo/stm32l4xx_nucleo.o
                0x000000000800864c                BSP_LED_Off
 .text.BSP_LED_Toggle
                0x0000000008008678       0x2c ./Drivers/BSP/STM32L4xx_Nucleo/stm32l4xx_nucleo.o
                0x0000000008008678                BSP_LED_Toggle
 .text.LED_USER_GPIO_Init
                0x00000000080086a4       0x7c ./Drivers/BSP/STM32L4xx_Nucleo/stm32l4xx_nucleo.o
 .text.BSP_PB_Init
                0x0000000008008720       0xa8 ./Drivers/BSP/STM32L4xx_Nucleo/stm32l4xx_nucleo.o
                0x0000000008008720                BSP_PB_Init
 .text.BSP_PB_GetState
                0x00000000080087c8       0x38 ./Drivers/BSP/STM32L4xx_Nucleo/stm32l4xx_nucleo.o
                0x00000000080087c8                BSP_PB_GetState
 .text.BUTTON_USER_EXTI_Callback
                0x0000000008008800        0xe ./Drivers/BSP/STM32L4xx_Nucleo/stm32l4xx_nucleo.o
 *fill*         0x000000000800880e        0x2 
 .text.BUTTON_USER_GPIO_Init
                0x0000000008008810       0x74 ./Drivers/BSP/STM32L4xx_Nucleo/stm32l4xx_nucleo.o
 .text.BSP_COM_Init
                0x0000000008008884       0x7c ./Drivers/BSP/STM32L4xx_Nucleo/stm32l4xx_nucleo.o
                0x0000000008008884                BSP_COM_Init
 .text.MX_USART2_UART_Init
                0x0000000008008900       0x68 ./Drivers/BSP/STM32L4xx_Nucleo/stm32l4xx_nucleo.o
                0x0000000008008900                MX_USART2_UART_Init
 .text.__io_putchar
                0x0000000008008968       0x38 ./Drivers/BSP/STM32L4xx_Nucleo/stm32l4xx_nucleo.o
                0x0000000008008968                __io_putchar
 .text.USART2_MspInit
                0x00000000080089a0       0xbc ./Drivers/BSP/STM32L4xx_Nucleo/stm32l4xx_nucleo.o
 .text.SystemInit
                0x0000000008008a5c       0x6c ./Drivers/CMSIS/system_stm32l4xx.o
                0x0000000008008a5c                SystemInit
 .text.HAL_Init
                0x0000000008008ac8       0x40 ./Drivers/STM32L4xx_HAL_Driver/stm32l4xx_hal.o
                0x0000000008008ac8                HAL_Init
 .text.HAL_InitTick
                0x0000000008008b08       0x78 ./Drivers/STM32L4xx_HAL_Driver/stm32l4xx_hal.o
                0x0000000008008b08                HAL_InitTick
 .text.HAL_IncTick
                0x0000000008008b80       0x28 ./Drivers/STM32L4xx_HAL_Driver/stm32l4xx_hal.o
                0x0000000008008b80                HAL_IncTick
 .text.HAL_GetTick
                0x0000000008008ba8       0x18 ./Drivers/STM32L4xx_HAL_Driver/stm32l4xx_hal.o
                0x0000000008008ba8                HAL_GetTick
 .text.HAL_Delay
                0x0000000008008bc0       0x48 ./Drivers/STM32L4xx_HAL_Driver/stm32l4xx_hal.o
                0x0000000008008bc0                HAL_Delay
 .text.HAL_GetHalVersion
                0x0000000008008c08       0x14 ./Drivers/STM32L4xx_HAL_Driver/stm32l4xx_hal.o
                0x0000000008008c08                HAL_GetHalVersion
 .text.LL_ADC_SetCommonClock
                0x0000000008008c1c       0x26 ./Drivers/STM32L4xx_HAL_Driver/stm32l4xx_hal_adc.o
 .text.LL_ADC_SetCommonPathInternalCh
                0x0000000008008c42       0x26 ./Drivers/STM32L4xx_HAL_Driver/stm32l4xx_hal_adc.o
 .text.LL_ADC_GetCommonPathInternalCh
                0x0000000008008c68       0x1c ./Drivers/STM32L4xx_HAL_Driver/stm32l4xx_hal_adc.o
 .text.LL_ADC_SetOffset
                0x0000000008008c84       0x48 ./Drivers/STM32L4xx_HAL_Driver/stm32l4xx_hal_adc.o
 .text.LL_ADC_GetOffsetChannel
                0x0000000008008ccc       0x2c ./Drivers/STM32L4xx_HAL_Driver/stm32l4xx_hal_adc.o
 .text.LL_ADC_SetOffsetState
                0x0000000008008cf8       0x36 ./Drivers/STM32L4xx_HAL_Driver/stm32l4xx_hal_adc.o
 .text.LL_ADC_REG_IsTriggerSourceSWStart
                0x0000000008008d2e       0x26 ./Drivers/STM32L4xx_HAL_Driver/stm32l4xx_hal_adc.o
 .text.LL_ADC_REG_SetSequencerRanks
                0x0000000008008d54       0x58 ./Drivers/STM32L4xx_HAL_Driver/stm32l4xx_hal_adc.o
 .text.LL_ADC_SetChannelSamplingTime
                0x0000000008008dac       0x56 ./Drivers/STM32L4xx_HAL_Driver/stm32l4xx_hal_adc.o
 *fill*         0x0000000008008e02        0x2 
 .text.LL_ADC_SetChannelSingleDiff
                0x0000000008008e04       0x48 ./Drivers/STM32L4xx_HAL_Driver/stm32l4xx_hal_adc.o
 .text.LL_ADC_GetMultimode
                0x0000000008008e4c       0x1c ./Drivers/STM32L4xx_HAL_Driver/stm32l4xx_hal_adc.o
 .text.LL_ADC_GetMultiDMATransfer
                0x0000000008008e68       0x1c ./Drivers/STM32L4xx_HAL_Driver/stm32l4xx_hal_adc.o
 .text.LL_ADC_DisableDeepPowerDown
                0x0000000008008e84       0x24 ./Drivers/STM32L4xx_HAL_Driver/stm32l4xx_hal_adc.o
 .text.LL_ADC_IsDeepPowerDownEnabled
                0x0000000008008ea8       0x28 ./Drivers/STM32L4xx_HAL_Driver/stm32l4xx_hal_adc.o
 .text.LL_ADC_EnableInternalRegulator
                0x0000000008008ed0       0x28 ./Drivers/STM32L4xx_HAL_Driver/stm32l4xx_hal_adc.o
 .text.LL_ADC_IsInternalRegulatorEnabled
                0x0000000008008ef8       0x28 ./Drivers/STM32L4xx_HAL_Driver/stm32l4xx_hal_adc.o
 .text.LL_ADC_Enable
                0x0000000008008f20       0x28 ./Drivers/STM32L4xx_HAL_Driver/stm32l4xx_hal_adc.o
 .text.LL_ADC_IsEnabled
                0x0000000008008f48       0x26 ./Drivers/STM32L4xx_HAL_Driver/stm32l4xx_hal_adc.o
 .text.LL_ADC_REG_StartConversion
                0x0000000008008f6e       0x28 ./Drivers/STM32L4xx_HAL_Driver/stm32l4xx_hal_adc.o
 .text.LL_ADC_REG_IsConversionOngoing
                0x0000000008008f96       0x26 ./Drivers/STM32L4xx_HAL_Driver/stm32l4xx_hal_adc.o
 .text.LL_ADC_INJ_IsConversionOngoing
                0x0000000008008fbc       0x26 ./Drivers/STM32L4xx_HAL_Driver/stm32l4xx_hal_adc.o
 *fill*         0x0000000008008fe2        0x2 
 .text.HAL_ADC_Init
                0x0000000008008fe4      0x2ac ./Drivers/STM32L4xx_HAL_Driver/stm32l4xx_hal_adc.o
                0x0000000008008fe4                HAL_ADC_Init
 .text.HAL_ADC_Start
                0x0000000008009290      0x174 ./Drivers/STM32L4xx_HAL_Driver/stm32l4xx_hal_adc.o
                0x0000000008009290                HAL_ADC_Start
 .text.HAL_ADC_PollForConversion
                0x0000000008009404      0x1b0 ./Drivers/STM32L4xx_HAL_Driver/stm32l4xx_hal_adc.o
                0x0000000008009404                HAL_ADC_PollForConversion
 .text.HAL_ADC_GetValue
                0x00000000080095b4       0x1a ./Drivers/STM32L4xx_HAL_Driver/stm32l4xx_hal_adc.o
                0x00000000080095b4                HAL_ADC_GetValue
 *fill*         0x00000000080095ce        0x2 
 .text.HAL_ADC_ConfigChannel
                0x00000000080095d0      0x7e0 ./Drivers/STM32L4xx_HAL_Driver/stm32l4xx_hal_adc.o
                0x00000000080095d0                HAL_ADC_ConfigChannel
 .text.ADC_Enable
                0x0000000008009db0       0xc4 ./Drivers/STM32L4xx_HAL_Driver/stm32l4xx_hal_adc.o
                0x0000000008009db0                ADC_Enable
 .text.LL_ADC_IsEnabled
                0x0000000008009e74       0x26 ./Drivers/STM32L4xx_HAL_Driver/stm32l4xx_hal_adc_ex.o
 .text.LL_ADC_REG_IsConversionOngoing
                0x0000000008009e9a       0x26 ./Drivers/STM32L4xx_HAL_Driver/stm32l4xx_hal_adc_ex.o
 .text.HAL_ADCEx_MultiModeConfigChannel
                0x0000000008009ec0      0x160 ./Drivers/STM32L4xx_HAL_Driver/stm32l4xx_hal_adc_ex.o
                0x0000000008009ec0                HAL_ADCEx_MultiModeConfigChannel
 .text.__NVIC_SetPriorityGrouping
                0x000000000800a020       0x48 ./Drivers/STM32L4xx_HAL_Driver/stm32l4xx_hal_cortex.o
 .text.__NVIC_GetPriorityGrouping
                0x000000000800a068       0x1c ./Drivers/STM32L4xx_HAL_Driver/stm32l4xx_hal_cortex.o
 .text.__NVIC_EnableIRQ
                0x000000000800a084       0x3c ./Drivers/STM32L4xx_HAL_Driver/stm32l4xx_hal_cortex.o
 .text.__NVIC_DisableIRQ
                0x000000000800a0c0       0x48 ./Drivers/STM32L4xx_HAL_Driver/stm32l4xx_hal_cortex.o
 .text.__NVIC_SetPriority
                0x000000000800a108       0x54 ./Drivers/STM32L4xx_HAL_Driver/stm32l4xx_hal_cortex.o
 .text.NVIC_EncodePriority
                0x000000000800a15c       0x66 ./Drivers/STM32L4xx_HAL_Driver/stm32l4xx_hal_cortex.o
 *fill*         0x000000000800a1c2        0x2 
 .text.__NVIC_SystemReset
                0x000000000800a1c4       0x2c ./Drivers/STM32L4xx_HAL_Driver/stm32l4xx_hal_cortex.o
 .text.SysTick_Config
                0x000000000800a1f0       0x44 ./Drivers/STM32L4xx_HAL_Driver/stm32l4xx_hal_cortex.o
 .text.HAL_NVIC_SetPriorityGrouping
                0x000000000800a234       0x16 ./Drivers/STM32L4xx_HAL_Driver/stm32l4xx_hal_cortex.o
                0x000000000800a234                HAL_NVIC_SetPriorityGrouping
 .text.HAL_NVIC_SetPriority
                0x000000000800a24a       0x38 ./Drivers/STM32L4xx_HAL_Driver/stm32l4xx_hal_cortex.o
                0x000000000800a24a                HAL_NVIC_SetPriority
 .text.HAL_NVIC_EnableIRQ
                0x000000000800a282       0x1c ./Drivers/STM32L4xx_HAL_Driver/stm32l4xx_hal_cortex.o
                0x000000000800a282                HAL_NVIC_EnableIRQ
 .text.HAL_NVIC_DisableIRQ
                0x000000000800a29e       0x1c ./Drivers/STM32L4xx_HAL_Driver/stm32l4xx_hal_cortex.o
                0x000000000800a29e                HAL_NVIC_DisableIRQ
 .text.HAL_NVIC_SystemReset
                0x000000000800a2ba        0x8 ./Drivers/STM32L4xx_HAL_Driver/stm32l4xx_hal_cortex.o
                0x000000000800a2ba                HAL_NVIC_SystemReset
 .text.HAL_SYSTICK_Config
                0x000000000800a2c2       0x18 ./Drivers/STM32L4xx_HAL_Driver/stm32l4xx_hal_cortex.o
                0x000000000800a2c2                HAL_SYSTICK_Config
 *fill*         0x000000000800a2da        0x2 
 .text.HAL_CRC_Init
                0x000000000800a2dc       0xc8 ./Drivers/STM32L4xx_HAL_Driver/stm32l4xx_hal_crc.o
                0x000000000800a2dc                HAL_CRC_Init
 .text.HAL_CRC_DeInit
                0x000000000800a3a4       0x60 ./Drivers/STM32L4xx_HAL_Driver/stm32l4xx_hal_crc.o
                0x000000000800a3a4                HAL_CRC_DeInit
 .text.HAL_CRC_Calculate
                0x000000000800a404       0x98 ./Drivers/STM32L4xx_HAL_Driver/stm32l4xx_hal_crc.o
                0x000000000800a404                HAL_CRC_Calculate
 .text.HAL_CRC_GetState
                0x000000000800a49c       0x1a ./Drivers/STM32L4xx_HAL_Driver/stm32l4xx_hal_crc.o
                0x000000000800a49c                HAL_CRC_GetState
 .text.CRC_Handle_8
                0x000000000800a4b6      0x11c ./Drivers/STM32L4xx_HAL_Driver/stm32l4xx_hal_crc.o
 .text.CRC_Handle_16
                0x000000000800a5d2       0x74 ./Drivers/STM32L4xx_HAL_Driver/stm32l4xx_hal_crc.o
 *fill*         0x000000000800a646        0x2 
 .text.HAL_CRCEx_Polynomial_Set
                0x000000000800a648      0x10c ./Drivers/STM32L4xx_HAL_Driver/stm32l4xx_hal_crc_ex.o
                0x000000000800a648                HAL_CRCEx_Polynomial_Set
 .text.HAL_EXTI_RegisterCallback
                0x000000000800a754       0x34 ./Drivers/STM32L4xx_HAL_Driver/stm32l4xx_hal_exti.o
                0x000000000800a754                HAL_EXTI_RegisterCallback
 .text.HAL_EXTI_GetHandle
                0x000000000800a788       0x28 ./Drivers/STM32L4xx_HAL_Driver/stm32l4xx_hal_exti.o
                0x000000000800a788                HAL_EXTI_GetHandle
 .text.HAL_EXTI_IRQHandler
                0x000000000800a7b0       0x60 ./Drivers/STM32L4xx_HAL_Driver/stm32l4xx_hal_exti.o
                0x000000000800a7b0                HAL_EXTI_IRQHandler
 .text.HAL_FLASH_Program
                0x000000000800a810       0xd8 ./Drivers/STM32L4xx_HAL_Driver/stm32l4xx_hal_flash.o
                0x000000000800a810                HAL_FLASH_Program
 .text.HAL_FLASH_Unlock
                0x000000000800a8e8       0x44 ./Drivers/STM32L4xx_HAL_Driver/stm32l4xx_hal_flash.o
                0x000000000800a8e8                HAL_FLASH_Unlock
 .text.HAL_FLASH_Lock
                0x000000000800a92c       0x20 ./Drivers/STM32L4xx_HAL_Driver/stm32l4xx_hal_flash.o
                0x000000000800a92c                HAL_FLASH_Lock
 .text.FLASH_WaitForLastOperation
                0x000000000800a94c       0xac ./Drivers/STM32L4xx_HAL_Driver/stm32l4xx_hal_flash.o
                0x000000000800a94c                FLASH_WaitForLastOperation
 .text.FLASH_Program_DoubleWord
                0x000000000800a9f8       0x4c ./Drivers/STM32L4xx_HAL_Driver/stm32l4xx_hal_flash.o
 .text.FLASH_Program_Fast
                0x000000000800aa44       0x6c ./Drivers/STM32L4xx_HAL_Driver/stm32l4xx_hal_flash.o
 .text.HAL_FLASHEx_Erase
                0x000000000800aab0      0x138 ./Drivers/STM32L4xx_HAL_Driver/stm32l4xx_hal_flash_ex.o
                0x000000000800aab0                HAL_FLASHEx_Erase
 .text.FLASH_MassErase
                0x000000000800abe8       0x50 ./Drivers/STM32L4xx_HAL_Driver/stm32l4xx_hal_flash_ex.o
 .text.FLASH_PageErase
                0x000000000800ac38       0x6c ./Drivers/STM32L4xx_HAL_Driver/stm32l4xx_hal_flash_ex.o
                0x000000000800ac38                FLASH_PageErase
 .text.FLASH_FlushCaches
                0x000000000800aca4       0x94 ./Drivers/STM32L4xx_HAL_Driver/stm32l4xx_hal_flash_ex.o
                0x000000000800aca4                FLASH_FlushCaches
 .text.HAL_GPIO_Init
                0x000000000800ad38      0x354 ./Drivers/STM32L4xx_HAL_Driver/stm32l4xx_hal_gpio.o
                0x000000000800ad38                HAL_GPIO_Init
 .text.HAL_GPIO_DeInit
                0x000000000800b08c      0x1e8 ./Drivers/STM32L4xx_HAL_Driver/stm32l4xx_hal_gpio.o
                0x000000000800b08c                HAL_GPIO_DeInit
 .text.HAL_GPIO_ReadPin
                0x000000000800b274       0x30 ./Drivers/STM32L4xx_HAL_Driver/stm32l4xx_hal_gpio.o
                0x000000000800b274                HAL_GPIO_ReadPin
 .text.HAL_GPIO_WritePin
                0x000000000800b2a4       0x30 ./Drivers/STM32L4xx_HAL_Driver/stm32l4xx_hal_gpio.o
                0x000000000800b2a4                HAL_GPIO_WritePin
 .text.HAL_GPIO_TogglePin
                0x000000000800b2d4       0x34 ./Drivers/STM32L4xx_HAL_Driver/stm32l4xx_hal_gpio.o
                0x000000000800b2d4                HAL_GPIO_TogglePin
 .text.HAL_PWREx_GetVoltageRange
                0x000000000800b308       0x1c ./Drivers/STM32L4xx_HAL_Driver/stm32l4xx_hal_pwr_ex.o
                0x000000000800b308                HAL_PWREx_GetVoltageRange
 .text.HAL_PWREx_ControlVoltageScaling
                0x000000000800b324       0xac ./Drivers/STM32L4xx_HAL_Driver/stm32l4xx_hal_pwr_ex.o
                0x000000000800b324                HAL_PWREx_ControlVoltageScaling
 .text.HAL_RCC_OscConfig
                0x000000000800b3d0      0x7d0 ./Drivers/STM32L4xx_HAL_Driver/stm32l4xx_hal_rcc.o
                0x000000000800b3d0                HAL_RCC_OscConfig
 .text.HAL_RCC_ClockConfig
                0x000000000800bba0      0x1c4 ./Drivers/STM32L4xx_HAL_Driver/stm32l4xx_hal_rcc.o
                0x000000000800bba0                HAL_RCC_ClockConfig
 .text.HAL_RCC_GetSysClockFreq
                0x000000000800bd64      0x118 ./Drivers/STM32L4xx_HAL_Driver/stm32l4xx_hal_rcc.o
                0x000000000800bd64                HAL_RCC_GetSysClockFreq
 .text.HAL_RCC_GetHCLKFreq
                0x000000000800be7c       0x18 ./Drivers/STM32L4xx_HAL_Driver/stm32l4xx_hal_rcc.o
                0x000000000800be7c                HAL_RCC_GetHCLKFreq
 .text.HAL_RCC_GetPCLK1Freq
                0x000000000800be94       0x2c ./Drivers/STM32L4xx_HAL_Driver/stm32l4xx_hal_rcc.o
                0x000000000800be94                HAL_RCC_GetPCLK1Freq
 .text.HAL_RCC_GetPCLK2Freq
                0x000000000800bec0       0x2c ./Drivers/STM32L4xx_HAL_Driver/stm32l4xx_hal_rcc.o
                0x000000000800bec0                HAL_RCC_GetPCLK2Freq
 .text.RCC_SetFlashLatencyFromMSIRange
                0x000000000800beec       0xc0 ./Drivers/STM32L4xx_HAL_Driver/stm32l4xx_hal_rcc.o
 .text.HAL_RCCEx_PeriphCLKConfig
                0x000000000800bfac      0x5d4 ./Drivers/STM32L4xx_HAL_Driver/stm32l4xx_hal_rcc_ex.o
                0x000000000800bfac                HAL_RCCEx_PeriphCLKConfig
 .text.RCCEx_PLLSAI1_Config
                0x000000000800c580      0x1e8 ./Drivers/STM32L4xx_HAL_Driver/stm32l4xx_hal_rcc_ex.o
 .text.RCCEx_PLLSAI2_Config
                0x000000000800c768      0x1bc ./Drivers/STM32L4xx_HAL_Driver/stm32l4xx_hal_rcc_ex.o
 .text.HAL_SPI_Init
                0x000000000800c924      0x146 ./Drivers/STM32L4xx_HAL_Driver/stm32l4xx_hal_spi.o
                0x000000000800c924                HAL_SPI_Init
 .text.HAL_SPI_MspInit
                0x000000000800ca6a       0x14 ./Drivers/STM32L4xx_HAL_Driver/stm32l4xx_hal_spi.o
                0x000000000800ca6a                HAL_SPI_MspInit
 .text.HAL_SPI_TransmitReceive
                0x000000000800ca7e      0x426 ./Drivers/STM32L4xx_HAL_Driver/stm32l4xx_hal_spi.o
                0x000000000800ca7e                HAL_SPI_TransmitReceive
 .text.HAL_SPI_GetState
                0x000000000800cea4       0x1c ./Drivers/STM32L4xx_HAL_Driver/stm32l4xx_hal_spi.o
                0x000000000800cea4                HAL_SPI_GetState
 .text.SPI_WaitFlagStateUntilTimeout
                0x000000000800cec0      0x110 ./Drivers/STM32L4xx_HAL_Driver/stm32l4xx_hal_spi.o
 .text.SPI_WaitFifoStateUntilTimeout
                0x000000000800cfd0      0x12c ./Drivers/STM32L4xx_HAL_Driver/stm32l4xx_hal_spi.o
 .text.SPI_EndRxTxTransaction
                0x000000000800d0fc       0x8c ./Drivers/STM32L4xx_HAL_Driver/stm32l4xx_hal_spi.o
 .text.HAL_UART_Init
                0x000000000800d188       0x9c ./Drivers/STM32L4xx_HAL_Driver/stm32l4xx_hal_uart.o
                0x000000000800d188                HAL_UART_Init
 .text.HAL_UART_MspInit
                0x000000000800d224       0x14 ./Drivers/STM32L4xx_HAL_Driver/stm32l4xx_hal_uart.o
                0x000000000800d224                HAL_UART_MspInit
 .text.HAL_UART_Transmit
                0x000000000800d238      0x128 ./Drivers/STM32L4xx_HAL_Driver/stm32l4xx_hal_uart.o
                0x000000000800d238                HAL_UART_Transmit
 .text.UART_SetConfig
                0x000000000800d360      0x570 ./Drivers/STM32L4xx_HAL_Driver/stm32l4xx_hal_uart.o
                0x000000000800d360                UART_SetConfig
 .text.UART_AdvFeatureConfig
                0x000000000800d8d0      0x144 ./Drivers/STM32L4xx_HAL_Driver/stm32l4xx_hal_uart.o
                0x000000000800d8d0                UART_AdvFeatureConfig
 .text.UART_CheckIdleState
                0x000000000800da14       0x92 ./Drivers/STM32L4xx_HAL_Driver/stm32l4xx_hal_uart.o
                0x000000000800da14                UART_CheckIdleState
 .text.UART_WaitOnFlagUntilTimeout
                0x000000000800daa6      0x188 ./Drivers/STM32L4xx_HAL_Driver/stm32l4xx_hal_uart.o
                0x000000000800daa6                UART_WaitOnFlagUntilTimeout
 .text.aci_gap_set_discoverable
                0x000000000800dc2e      0x206 ./Middlewares/BlueNRG-2/Wireless/BlueNRG-2/Controller/bluenrg1_gap_aci.o
                0x000000000800dc2e                aci_gap_set_discoverable
 .text.aci_gap_set_io_capability
                0x000000000800de34       0xba ./Middlewares/BlueNRG-2/Wireless/BlueNRG-2/Controller/bluenrg1_gap_aci.o
                0x000000000800de34                aci_gap_set_io_capability
 .text.aci_gap_set_authentication_requirement
                0x000000000800deee      0x19a ./Middlewares/BlueNRG-2/Wireless/BlueNRG-2/Controller/bluenrg1_gap_aci.o
                0x000000000800deee                aci_gap_set_authentication_requirement
 .text.aci_gap_pass_key_resp
                0x000000000800e088       0xe0 ./Middlewares/BlueNRG-2/Wireless/BlueNRG-2/Controller/bluenrg1_gap_aci.o
                0x000000000800e088                aci_gap_pass_key_resp
 .text.aci_gap_init
                0x000000000800e168      0x15a ./Middlewares/BlueNRG-2/Wireless/BlueNRG-2/Controller/bluenrg1_gap_aci.o
                0x000000000800e168                aci_gap_init
 .text.aci_gap_slave_security_req
                0x000000000800e2c2       0xc0 ./Middlewares/BlueNRG-2/Wireless/BlueNRG-2/Controller/bluenrg1_gap_aci.o
                0x000000000800e2c2                aci_gap_slave_security_req
 .text.aci_gap_update_adv_data
                0x000000000800e382       0xf6 ./Middlewares/BlueNRG-2/Wireless/BlueNRG-2/Controller/bluenrg1_gap_aci.o
                0x000000000800e382                aci_gap_update_adv_data
 .text.aci_gap_clear_security_db
                0x000000000800e478       0x52 ./Middlewares/BlueNRG-2/Wireless/BlueNRG-2/Controller/bluenrg1_gap_aci.o
                0x000000000800e478                aci_gap_clear_security_db
 .text.aci_gatt_init
                0x000000000800e4ca       0x54 ./Middlewares/BlueNRG-2/Wireless/BlueNRG-2/Controller/bluenrg1_gatt_aci.o
                0x000000000800e4ca                aci_gatt_init
 .text.aci_gatt_add_service
                0x000000000800e51e      0x1ac ./Middlewares/BlueNRG-2/Wireless/BlueNRG-2/Controller/bluenrg1_gatt_aci.o
                0x000000000800e51e                aci_gatt_add_service
 .text.aci_gatt_add_char
                0x000000000800e6ca      0x210 ./Middlewares/BlueNRG-2/Wireless/BlueNRG-2/Controller/bluenrg1_gatt_aci.o
                0x000000000800e6ca                aci_gatt_add_char
 .text.aci_gatt_update_char_value
                0x000000000800e8da      0x164 ./Middlewares/BlueNRG-2/Wireless/BlueNRG-2/Controller/bluenrg1_gatt_aci.o
                0x000000000800e8da                aci_gatt_update_char_value
 .text.aci_gatt_allow_read
                0x000000000800ea3e       0xbc ./Middlewares/BlueNRG-2/Wireless/BlueNRG-2/Controller/bluenrg1_gatt_aci.o
                0x000000000800ea3e                aci_gatt_allow_read
 .text.aci_hal_get_firmware_details
                0x000000000800eafa       0xb4 ./Middlewares/BlueNRG-2/Wireless/BlueNRG-2/Controller/bluenrg1_hal_aci.o
                0x000000000800eafa                aci_hal_get_firmware_details
 .text.aci_hal_write_config_data
                0x000000000800ebae      0x11c ./Middlewares/BlueNRG-2/Wireless/BlueNRG-2/Controller/bluenrg1_hal_aci.o
                0x000000000800ebae                aci_hal_write_config_data
 .text.aci_hal_read_config_data
                0x000000000800ecca      0x108 ./Middlewares/BlueNRG-2/Wireless/BlueNRG-2/Controller/bluenrg1_hal_aci.o
                0x000000000800ecca                aci_hal_read_config_data
 .text.aci_hal_set_tx_power_level
                0x000000000800edd2       0xe0 ./Middlewares/BlueNRG-2/Wireless/BlueNRG-2/Controller/bluenrg1_hal_aci.o
                0x000000000800edd2                aci_hal_set_tx_power_level
 .text.aci_l2cap_connection_parameter_update_req
                0x000000000800eeb2      0x150 ./Middlewares/BlueNRG-2/Wireless/BlueNRG-2/Controller/bluenrg1_l2cap_aci.o
                0x000000000800eeb2                aci_l2cap_connection_parameter_update_req
 .text.hci_disconnection_complete_event_process
                0x000000000800f002       0x30 ./Middlewares/BlueNRG-2/Wireless/BlueNRG-2/HCI_TL/Basic/bluenrg1_events.o
                0x000000000800f002                hci_disconnection_complete_event_process
 .text.hci_encryption_change_event_process
                0x000000000800f032       0x30 ./Middlewares/BlueNRG-2/Wireless/BlueNRG-2/HCI_TL/Basic/bluenrg1_events.o
                0x000000000800f032                hci_encryption_change_event_process
 .text.hci_read_remote_version_information_complete_event_process
                0x000000000800f062       0x3e ./Middlewares/BlueNRG-2/Wireless/BlueNRG-2/HCI_TL/Basic/bluenrg1_events.o
                0x000000000800f062                hci_read_remote_version_information_complete_event_process
 .text.hci_hardware_error_event_process
                0x000000000800f0a0       0x24 ./Middlewares/BlueNRG-2/Wireless/BlueNRG-2/HCI_TL/Basic/bluenrg1_events.o
                0x000000000800f0a0                hci_hardware_error_event_process
 .text.hci_number_of_completed_packets_event_process
                0x000000000800f0c4       0xae ./Middlewares/BlueNRG-2/Wireless/BlueNRG-2/HCI_TL/Basic/bluenrg1_events.o
                0x000000000800f0c4                hci_number_of_completed_packets_event_process
 .text.hci_data_buffer_overflow_event_process
                0x000000000800f172       0x24 ./Middlewares/BlueNRG-2/Wireless/BlueNRG-2/HCI_TL/Basic/bluenrg1_events.o
                0x000000000800f172                hci_data_buffer_overflow_event_process
 .text.hci_encryption_key_refresh_complete_event_process
                0x000000000800f196       0x2e ./Middlewares/BlueNRG-2/Wireless/BlueNRG-2/HCI_TL/Basic/bluenrg1_events.o
                0x000000000800f196                hci_encryption_key_refresh_complete_event_process
 .text.aci_blue_initialized_event_process
                0x000000000800f1c4       0x24 ./Middlewares/BlueNRG-2/Wireless/BlueNRG-2/HCI_TL/Basic/bluenrg1_events.o
                0x000000000800f1c4                aci_blue_initialized_event_process
 .text.aci_blue_events_lost_event_process
                0x000000000800f1e8       0x22 ./Middlewares/BlueNRG-2/Wireless/BlueNRG-2/HCI_TL/Basic/bluenrg1_events.o
                0x000000000800f1e8                aci_blue_events_lost_event_process
 .text.aci_blue_crash_info_event_process
                0x000000000800f20a       0x84 ./Middlewares/BlueNRG-2/Wireless/BlueNRG-2/HCI_TL/Basic/bluenrg1_events.o
                0x000000000800f20a                aci_blue_crash_info_event_process
 .text.aci_hal_end_of_radio_activity_event_process
                0x000000000800f28e       0x2e ./Middlewares/BlueNRG-2/Wireless/BlueNRG-2/HCI_TL/Basic/bluenrg1_events.o
                0x000000000800f28e                aci_hal_end_of_radio_activity_event_process
 .text.aci_hal_scan_req_report_event_process
                0x000000000800f2bc       0x2e ./Middlewares/BlueNRG-2/Wireless/BlueNRG-2/HCI_TL/Basic/bluenrg1_events.o
                0x000000000800f2bc                aci_hal_scan_req_report_event_process
 .text.aci_hal_fw_error_event_process
                0x000000000800f2ea       0x2c ./Middlewares/BlueNRG-2/Wireless/BlueNRG-2/HCI_TL/Basic/bluenrg1_events.o
                0x000000000800f2ea                aci_hal_fw_error_event_process
 .text.aci_gap_limited_discoverable_event_process
                0x000000000800f316       0x1a ./Middlewares/BlueNRG-2/Wireless/BlueNRG-2/HCI_TL/Basic/bluenrg1_events.o
                0x000000000800f316                aci_gap_limited_discoverable_event_process
 .text.aci_gap_pairing_complete_event_process
                0x000000000800f330       0x2e ./Middlewares/BlueNRG-2/Wireless/BlueNRG-2/HCI_TL/Basic/bluenrg1_events.o
                0x000000000800f330                aci_gap_pairing_complete_event_process
 .text.aci_gap_pass_key_req_event_process
                0x000000000800f35e       0x26 ./Middlewares/BlueNRG-2/Wireless/BlueNRG-2/HCI_TL/Basic/bluenrg1_events.o
                0x000000000800f35e                aci_gap_pass_key_req_event_process
 .text.aci_gap_authorization_req_event_process
                0x000000000800f384       0x26 ./Middlewares/BlueNRG-2/Wireless/BlueNRG-2/HCI_TL/Basic/bluenrg1_events.o
                0x000000000800f384                aci_gap_authorization_req_event_process
 .text.aci_gap_slave_security_initiated_event_process
                0x000000000800f3aa       0x1a ./Middlewares/BlueNRG-2/Wireless/BlueNRG-2/HCI_TL/Basic/bluenrg1_events.o
                0x000000000800f3aa                aci_gap_slave_security_initiated_event_process
 .text.aci_gap_bond_lost_event_process
                0x000000000800f3c4       0x1a ./Middlewares/BlueNRG-2/Wireless/BlueNRG-2/HCI_TL/Basic/bluenrg1_events.o
                0x000000000800f3c4                aci_gap_bond_lost_event_process
 .text.aci_gap_proc_complete_event_process
                0x000000000800f3de       0x2e ./Middlewares/BlueNRG-2/Wireless/BlueNRG-2/HCI_TL/Basic/bluenrg1_events.o
                0x000000000800f3de                aci_gap_proc_complete_event_process
 .text.aci_gap_addr_not_resolved_event_process
                0x000000000800f40c       0x26 ./Middlewares/BlueNRG-2/Wireless/BlueNRG-2/HCI_TL/Basic/bluenrg1_events.o
                0x000000000800f40c                aci_gap_addr_not_resolved_event_process
 .text.aci_gap_numeric_comparison_value_event_process
                0x000000000800f432       0x2e ./Middlewares/BlueNRG-2/Wireless/BlueNRG-2/HCI_TL/Basic/bluenrg1_events.o
                0x000000000800f432                aci_gap_numeric_comparison_value_event_process
 .text.aci_gap_keypress_notification_event_process
                0x000000000800f460       0x2c ./Middlewares/BlueNRG-2/Wireless/BlueNRG-2/HCI_TL/Basic/bluenrg1_events.o
                0x000000000800f460                aci_gap_keypress_notification_event_process
 .text.aci_l2cap_connection_update_resp_event_process
                0x000000000800f48c       0x2e ./Middlewares/BlueNRG-2/Wireless/BlueNRG-2/HCI_TL/Basic/bluenrg1_events.o
                0x000000000800f48c                aci_l2cap_connection_update_resp_event_process
 .text.aci_l2cap_proc_timeout_event_process
                0x000000000800f4ba       0x2e ./Middlewares/BlueNRG-2/Wireless/BlueNRG-2/HCI_TL/Basic/bluenrg1_events.o
                0x000000000800f4ba                aci_l2cap_proc_timeout_event_process
 .text.aci_l2cap_connection_update_req_event_process
                0x000000000800f4e8       0x5c ./Middlewares/BlueNRG-2/Wireless/BlueNRG-2/HCI_TL/Basic/bluenrg1_events.o
                0x000000000800f4e8                aci_l2cap_connection_update_req_event_process
 .text.aci_l2cap_command_reject_event_process
                0x000000000800f544       0x3c ./Middlewares/BlueNRG-2/Wireless/BlueNRG-2/HCI_TL/Basic/bluenrg1_events.o
                0x000000000800f544                aci_l2cap_command_reject_event_process
 .text.aci_gatt_attribute_modified_event_process
                0x000000000800f580       0x3e ./Middlewares/BlueNRG-2/Wireless/BlueNRG-2/HCI_TL/Basic/bluenrg1_events.o
                0x000000000800f580                aci_gatt_attribute_modified_event_process
 .text.aci_gatt_proc_timeout_event_process
                0x000000000800f5be       0x26 ./Middlewares/BlueNRG-2/Wireless/BlueNRG-2/HCI_TL/Basic/bluenrg1_events.o
                0x000000000800f5be                aci_gatt_proc_timeout_event_process
 .text.aci_att_exchange_mtu_resp_event_process
                0x000000000800f5e4       0x2e ./Middlewares/BlueNRG-2/Wireless/BlueNRG-2/HCI_TL/Basic/bluenrg1_events.o
                0x000000000800f5e4                aci_att_exchange_mtu_resp_event_process
 .text.aci_att_find_info_resp_event_process
                0x000000000800f612       0x30 ./Middlewares/BlueNRG-2/Wireless/BlueNRG-2/HCI_TL/Basic/bluenrg1_events.o
                0x000000000800f612                aci_att_find_info_resp_event_process
 .text.aci_att_find_by_type_value_resp_event_process
                0x000000000800f642       0xb4 ./Middlewares/BlueNRG-2/Wireless/BlueNRG-2/HCI_TL/Basic/bluenrg1_events.o
                0x000000000800f642                aci_att_find_by_type_value_resp_event_process
 .text.aci_att_read_by_type_resp_event_process
                0x000000000800f6f6       0x30 ./Middlewares/BlueNRG-2/Wireless/BlueNRG-2/HCI_TL/Basic/bluenrg1_events.o
                0x000000000800f6f6                aci_att_read_by_type_resp_event_process
 .text.aci_att_read_resp_event_process
                0x000000000800f726       0x2e ./Middlewares/BlueNRG-2/Wireless/BlueNRG-2/HCI_TL/Basic/bluenrg1_events.o
                0x000000000800f726                aci_att_read_resp_event_process
 .text.aci_att_read_blob_resp_event_process
                0x000000000800f754       0x2e ./Middlewares/BlueNRG-2/Wireless/BlueNRG-2/HCI_TL/Basic/bluenrg1_events.o
                0x000000000800f754                aci_att_read_blob_resp_event_process
 .text.aci_att_read_multiple_resp_event_process
                0x000000000800f782       0x2e ./Middlewares/BlueNRG-2/Wireless/BlueNRG-2/HCI_TL/Basic/bluenrg1_events.o
                0x000000000800f782                aci_att_read_multiple_resp_event_process
 .text.aci_att_read_by_group_type_resp_event_process
                0x000000000800f7b0       0x30 ./Middlewares/BlueNRG-2/Wireless/BlueNRG-2/HCI_TL/Basic/bluenrg1_events.o
                0x000000000800f7b0                aci_att_read_by_group_type_resp_event_process
 .text.aci_att_prepare_write_resp_event_process
                0x000000000800f7e0       0x3c ./Middlewares/BlueNRG-2/Wireless/BlueNRG-2/HCI_TL/Basic/bluenrg1_events.o
                0x000000000800f7e0                aci_att_prepare_write_resp_event_process
 .text.aci_att_exec_write_resp_event_process
                0x000000000800f81c       0x26 ./Middlewares/BlueNRG-2/Wireless/BlueNRG-2/HCI_TL/Basic/bluenrg1_events.o
                0x000000000800f81c                aci_att_exec_write_resp_event_process
 .text.aci_gatt_indication_event_process
                0x000000000800f842       0x32 ./Middlewares/BlueNRG-2/Wireless/BlueNRG-2/HCI_TL/Basic/bluenrg1_events.o
                0x000000000800f842                aci_gatt_indication_event_process
 .text.aci_gatt_notification_event_process
                0x000000000800f874       0x32 ./Middlewares/BlueNRG-2/Wireless/BlueNRG-2/HCI_TL/Basic/bluenrg1_events.o
                0x000000000800f874                aci_gatt_notification_event_process
 .text.aci_gatt_proc_complete_event_process
                0x000000000800f8a6       0x2c ./Middlewares/BlueNRG-2/Wireless/BlueNRG-2/HCI_TL/Basic/bluenrg1_events.o
                0x000000000800f8a6                aci_gatt_proc_complete_event_process
 .text.aci_gatt_error_resp_event_process
                0x000000000800f8d2       0x34 ./Middlewares/BlueNRG-2/Wireless/BlueNRG-2/HCI_TL/Basic/bluenrg1_events.o
                0x000000000800f8d2                aci_gatt_error_resp_event_process
 .text.aci_gatt_disc_read_char_by_uuid_resp_event_process
                0x000000000800f906       0x32 ./Middlewares/BlueNRG-2/Wireless/BlueNRG-2/HCI_TL/Basic/bluenrg1_events.o
                0x000000000800f906                aci_gatt_disc_read_char_by_uuid_resp_event_process
 .text.aci_gatt_write_permit_req_event_process
                0x000000000800f938       0x32 ./Middlewares/BlueNRG-2/Wireless/BlueNRG-2/HCI_TL/Basic/bluenrg1_events.o
                0x000000000800f938                aci_gatt_write_permit_req_event_process
 .text.aci_gatt_read_permit_req_event_process
                0x000000000800f96a       0x32 ./Middlewares/BlueNRG-2/Wireless/BlueNRG-2/HCI_TL/Basic/bluenrg1_events.o
                0x000000000800f96a                aci_gatt_read_permit_req_event_process
 .text.aci_gatt_read_multi_permit_req_event_process
                0x000000000800f99c       0x8a ./Middlewares/BlueNRG-2/Wireless/BlueNRG-2/HCI_TL/Basic/bluenrg1_events.o
                0x000000000800f99c                aci_gatt_read_multi_permit_req_event_process
 .text.aci_gatt_tx_pool_available_event_process
                0x000000000800fa26       0x2e ./Middlewares/BlueNRG-2/Wireless/BlueNRG-2/HCI_TL/Basic/bluenrg1_events.o
                0x000000000800fa26                aci_gatt_tx_pool_available_event_process
 .text.aci_gatt_server_confirmation_event_process
                0x000000000800fa54       0x26 ./Middlewares/BlueNRG-2/Wireless/BlueNRG-2/HCI_TL/Basic/bluenrg1_events.o
                0x000000000800fa54                aci_gatt_server_confirmation_event_process
 .text.aci_gatt_prepare_write_permit_req_event_process
                0x000000000800fa7a       0x3c ./Middlewares/BlueNRG-2/Wireless/BlueNRG-2/HCI_TL/Basic/bluenrg1_events.o
                0x000000000800fa7a                aci_gatt_prepare_write_permit_req_event_process
 .text.hci_le_connection_complete_event_process
                0x000000000800fab6       0x68 ./Middlewares/BlueNRG-2/Wireless/BlueNRG-2/HCI_TL/Basic/bluenrg1_events.o
                0x000000000800fab6                hci_le_connection_complete_event_process
 .text.hci_le_advertising_report_event_process
                0x000000000800fb1e      0x1ba ./Middlewares/BlueNRG-2/Wireless/BlueNRG-2/HCI_TL/Basic/bluenrg1_events.o
                0x000000000800fb1e                hci_le_advertising_report_event_process
 .text.hci_le_connection_update_complete_event_process
                0x000000000800fcd8       0x46 ./Middlewares/BlueNRG-2/Wireless/BlueNRG-2/HCI_TL/Basic/bluenrg1_events.o
                0x000000000800fcd8                hci_le_connection_update_complete_event_process
 .text.hci_le_read_remote_used_features_complete_event_process
                0x000000000800fd1e       0x30 ./Middlewares/BlueNRG-2/Wireless/BlueNRG-2/HCI_TL/Basic/bluenrg1_events.o
                0x000000000800fd1e                hci_le_read_remote_used_features_complete_event_process
 .text.hci_le_long_term_key_request_event_process
                0x000000000800fd4e       0x30 ./Middlewares/BlueNRG-2/Wireless/BlueNRG-2/HCI_TL/Basic/bluenrg1_events.o
                0x000000000800fd4e                hci_le_long_term_key_request_event_process
 .text.hci_le_data_length_change_event_process
                0x000000000800fd7e       0x40 ./Middlewares/BlueNRG-2/Wireless/BlueNRG-2/HCI_TL/Basic/bluenrg1_events.o
                0x000000000800fd7e                hci_le_data_length_change_event_process
 .text.hci_le_read_local_p256_public_key_complete_event_process
                0x000000000800fdbe       0x2a ./Middlewares/BlueNRG-2/Wireless/BlueNRG-2/HCI_TL/Basic/bluenrg1_events.o
                0x000000000800fdbe                hci_le_read_local_p256_public_key_complete_event_process
 .text.hci_le_generate_dhkey_complete_event_process
                0x000000000800fde8       0x2a ./Middlewares/BlueNRG-2/Wireless/BlueNRG-2/HCI_TL/Basic/bluenrg1_events.o
                0x000000000800fde8                hci_le_generate_dhkey_complete_event_process
 .text.hci_le_enhanced_connection_complete_event_process
                0x000000000800fe12       0x7c ./Middlewares/BlueNRG-2/Wireless/BlueNRG-2/HCI_TL/Basic/bluenrg1_events.o
                0x000000000800fe12                hci_le_enhanced_connection_complete_event_process
 .text.hci_le_direct_advertising_report_event_process
                0x000000000800fe8e      0x15e ./Middlewares/BlueNRG-2/Wireless/BlueNRG-2/HCI_TL/Basic/bluenrg1_events.o
                0x000000000800fe8e                hci_le_direct_advertising_report_event_process
 .text.hci_encryption_change_event
                0x000000000800ffec       0x1e ./Middlewares/BlueNRG-2/Wireless/BlueNRG-2/HCI_TL/Basic/bluenrg1_events_cb.o
                0x000000000800ffec                hci_encryption_change_event
 .text.hci_read_remote_version_information_complete_event
                0x000000000801000a       0x28 ./Middlewares/BlueNRG-2/Wireless/BlueNRG-2/HCI_TL/Basic/bluenrg1_events_cb.o
                0x000000000801000a                hci_read_remote_version_information_complete_event
 .text.hci_hardware_error_event
                0x0000000008010032       0x16 ./Middlewares/BlueNRG-2/Wireless/BlueNRG-2/HCI_TL/Basic/bluenrg1_events_cb.o
                0x0000000008010032                hci_hardware_error_event
 .text.hci_number_of_completed_packets_event
                0x0000000008010048       0x18 ./Middlewares/BlueNRG-2/Wireless/BlueNRG-2/HCI_TL/Basic/bluenrg1_events_cb.o
                0x0000000008010048                hci_number_of_completed_packets_event
 .text.hci_data_buffer_overflow_event
                0x0000000008010060       0x16 ./Middlewares/BlueNRG-2/Wireless/BlueNRG-2/HCI_TL/Basic/bluenrg1_events_cb.o
                0x0000000008010060                hci_data_buffer_overflow_event
 .text.hci_encryption_key_refresh_complete_event
                0x0000000008010076       0x1c ./Middlewares/BlueNRG-2/Wireless/BlueNRG-2/HCI_TL/Basic/bluenrg1_events_cb.o
                0x0000000008010076                hci_encryption_key_refresh_complete_event
 .text.hci_le_advertising_report_event
                0x0000000008010092       0x18 ./Middlewares/BlueNRG-2/Wireless/BlueNRG-2/HCI_TL/Basic/bluenrg1_events_cb.o
                0x0000000008010092                hci_le_advertising_report_event
 .text.hci_le_connection_update_complete_event
                0x00000000080100aa       0x28 ./Middlewares/BlueNRG-2/Wireless/BlueNRG-2/HCI_TL/Basic/bluenrg1_events_cb.o
                0x00000000080100aa                hci_le_connection_update_complete_event
 .text.hci_le_read_remote_used_features_complete_event
                0x00000000080100d2       0x1c ./Middlewares/BlueNRG-2/Wireless/BlueNRG-2/HCI_TL/Basic/bluenrg1_events_cb.o
                0x00000000080100d2                hci_le_read_remote_used_features_complete_event
 .text.hci_le_long_term_key_request_event
                0x00000000080100ee       0x1c ./Middlewares/BlueNRG-2/Wireless/BlueNRG-2/HCI_TL/Basic/bluenrg1_events_cb.o
                0x00000000080100ee                hci_le_long_term_key_request_event
 .text.hci_le_data_length_change_event
                0x000000000801010a       0x28 ./Middlewares/BlueNRG-2/Wireless/BlueNRG-2/HCI_TL/Basic/bluenrg1_events_cb.o
                0x000000000801010a                hci_le_data_length_change_event
 .text.hci_le_read_local_p256_public_key_complete_event
                0x0000000008010132       0x18 ./Middlewares/BlueNRG-2/Wireless/BlueNRG-2/HCI_TL/Basic/bluenrg1_events_cb.o
                0x0000000008010132                hci_le_read_local_p256_public_key_complete_event
 .text.hci_le_generate_dhkey_complete_event
                0x000000000801014a       0x18 ./Middlewares/BlueNRG-2/Wireless/BlueNRG-2/HCI_TL/Basic/bluenrg1_events_cb.o
                0x000000000801014a                hci_le_generate_dhkey_complete_event
 .text.hci_le_enhanced_connection_complete_event
                0x0000000008010162       0x28 ./Middlewares/BlueNRG-2/Wireless/BlueNRG-2/HCI_TL/Basic/bluenrg1_events_cb.o
                0x0000000008010162                hci_le_enhanced_connection_complete_event
 .text.hci_le_direct_advertising_report_event
                0x000000000801018a       0x18 ./Middlewares/BlueNRG-2/Wireless/BlueNRG-2/HCI_TL/Basic/bluenrg1_events_cb.o
                0x000000000801018a                hci_le_direct_advertising_report_event
 .text.aci_gap_limited_discoverable_event
                0x00000000080101a2        0xe ./Middlewares/BlueNRG-2/Wireless/BlueNRG-2/HCI_TL/Basic/bluenrg1_events_cb.o
                0x00000000080101a2                aci_gap_limited_discoverable_event
 .text.aci_gap_authorization_req_event
                0x00000000080101b0       0x16 ./Middlewares/BlueNRG-2/Wireless/BlueNRG-2/HCI_TL/Basic/bluenrg1_events_cb.o
                0x00000000080101b0                aci_gap_authorization_req_event
 .text.aci_gap_slave_security_initiated_event
                0x00000000080101c6        0xe ./Middlewares/BlueNRG-2/Wireless/BlueNRG-2/HCI_TL/Basic/bluenrg1_events_cb.o
                0x00000000080101c6                aci_gap_slave_security_initiated_event
 .text.aci_gap_bond_lost_event
                0x00000000080101d4        0xe ./Middlewares/BlueNRG-2/Wireless/BlueNRG-2/HCI_TL/Basic/bluenrg1_events_cb.o
                0x00000000080101d4                aci_gap_bond_lost_event
 .text.aci_gap_proc_complete_event
                0x00000000080101e2       0x20 ./Middlewares/BlueNRG-2/Wireless/BlueNRG-2/HCI_TL/Basic/bluenrg1_events_cb.o
                0x00000000080101e2                aci_gap_proc_complete_event
 .text.aci_gap_addr_not_resolved_event
                0x0000000008010202       0x16 ./Middlewares/BlueNRG-2/Wireless/BlueNRG-2/HCI_TL/Basic/bluenrg1_events_cb.o
                0x0000000008010202                aci_gap_addr_not_resolved_event
 .text.aci_gap_numeric_comparison_value_event
                0x0000000008010218       0x18 ./Middlewares/BlueNRG-2/Wireless/BlueNRG-2/HCI_TL/Basic/bluenrg1_events_cb.o
                0x0000000008010218                aci_gap_numeric_comparison_value_event
 .text.aci_gap_keypress_notification_event
                0x0000000008010230       0x1c ./Middlewares/BlueNRG-2/Wireless/BlueNRG-2/HCI_TL/Basic/bluenrg1_events_cb.o
                0x0000000008010230                aci_gap_keypress_notification_event
 .text.aci_gatt_proc_timeout_event
                0x000000000801024c       0x16 ./Middlewares/BlueNRG-2/Wireless/BlueNRG-2/HCI_TL/Basic/bluenrg1_events_cb.o
                0x000000000801024c                aci_gatt_proc_timeout_event
 .text.aci_att_exchange_mtu_resp_event
                0x0000000008010262       0x1c ./Middlewares/BlueNRG-2/Wireless/BlueNRG-2/HCI_TL/Basic/bluenrg1_events_cb.o
                0x0000000008010262                aci_att_exchange_mtu_resp_event
 .text.aci_att_find_info_resp_event
                0x000000000801027e       0x20 ./Middlewares/BlueNRG-2/Wireless/BlueNRG-2/HCI_TL/Basic/bluenrg1_events_cb.o
                0x000000000801027e                aci_att_find_info_resp_event
 .text.aci_att_find_by_type_value_resp_event
                0x000000000801029e       0x1c ./Middlewares/BlueNRG-2/Wireless/BlueNRG-2/HCI_TL/Basic/bluenrg1_events_cb.o
                0x000000000801029e                aci_att_find_by_type_value_resp_event
 .text.aci_att_read_by_type_resp_event
                0x00000000080102ba       0x20 ./Middlewares/BlueNRG-2/Wireless/BlueNRG-2/HCI_TL/Basic/bluenrg1_events_cb.o
                0x00000000080102ba                aci_att_read_by_type_resp_event
 .text.aci_att_read_resp_event
                0x00000000080102da       0x1c ./Middlewares/BlueNRG-2/Wireless/BlueNRG-2/HCI_TL/Basic/bluenrg1_events_cb.o
                0x00000000080102da                aci_att_read_resp_event
 .text.aci_att_read_blob_resp_event
                0x00000000080102f6       0x1c ./Middlewares/BlueNRG-2/Wireless/BlueNRG-2/HCI_TL/Basic/bluenrg1_events_cb.o
                0x00000000080102f6                aci_att_read_blob_resp_event
 .text.aci_att_read_multiple_resp_event
                0x0000000008010312       0x1c ./Middlewares/BlueNRG-2/Wireless/BlueNRG-2/HCI_TL/Basic/bluenrg1_events_cb.o
                0x0000000008010312                aci_att_read_multiple_resp_event
 .text.aci_att_read_by_group_type_resp_event
                0x000000000801032e       0x20 ./Middlewares/BlueNRG-2/Wireless/BlueNRG-2/HCI_TL/Basic/bluenrg1_events_cb.o
                0x000000000801032e                aci_att_read_by_group_type_resp_event
 .text.aci_att_prepare_write_resp_event
                0x000000000801034e       0x28 ./Middlewares/BlueNRG-2/Wireless/BlueNRG-2/HCI_TL/Basic/bluenrg1_events_cb.o
                0x000000000801034e                aci_att_prepare_write_resp_event
 .text.aci_att_exec_write_resp_event
                0x0000000008010376       0x16 ./Middlewares/BlueNRG-2/Wireless/BlueNRG-2/HCI_TL/Basic/bluenrg1_events_cb.o
                0x0000000008010376                aci_att_exec_write_resp_event
 .text.aci_gatt_indication_event
                0x000000000801038c       0x20 ./Middlewares/BlueNRG-2/Wireless/BlueNRG-2/HCI_TL/Basic/bluenrg1_events_cb.o
                0x000000000801038c                aci_gatt_indication_event
 .text.aci_gatt_notification_event
                0x00000000080103ac       0x20 ./Middlewares/BlueNRG-2/Wireless/BlueNRG-2/HCI_TL/Basic/bluenrg1_events_cb.o
                0x00000000080103ac                aci_gatt_notification_event
 .text.aci_gatt_proc_complete_event
                0x00000000080103cc       0x1c ./Middlewares/BlueNRG-2/Wireless/BlueNRG-2/HCI_TL/Basic/bluenrg1_events_cb.o
                0x00000000080103cc                aci_gatt_proc_complete_event
 .text.aci_gatt_error_resp_event
                0x00000000080103e8       0x28 ./Middlewares/BlueNRG-2/Wireless/BlueNRG-2/HCI_TL/Basic/bluenrg1_events_cb.o
                0x00000000080103e8                aci_gatt_error_resp_event
 .text.aci_gatt_disc_read_char_by_uuid_resp_event
                0x0000000008010410       0x20 ./Middlewares/BlueNRG-2/Wireless/BlueNRG-2/HCI_TL/Basic/bluenrg1_events_cb.o
                0x0000000008010410                aci_gatt_disc_read_char_by_uuid_resp_event
 .text.aci_gatt_write_permit_req_event
                0x0000000008010430       0x20 ./Middlewares/BlueNRG-2/Wireless/BlueNRG-2/HCI_TL/Basic/bluenrg1_events_cb.o
                0x0000000008010430                aci_gatt_write_permit_req_event
 .text.aci_gatt_read_multi_permit_req_event
                0x0000000008010450       0x1c ./Middlewares/BlueNRG-2/Wireless/BlueNRG-2/HCI_TL/Basic/bluenrg1_events_cb.o
                0x0000000008010450                aci_gatt_read_multi_permit_req_event
 .text.aci_gatt_tx_pool_available_event
                0x000000000801046c       0x1c ./Middlewares/BlueNRG-2/Wireless/BlueNRG-2/HCI_TL/Basic/bluenrg1_events_cb.o
                0x000000000801046c                aci_gatt_tx_pool_available_event
 .text.aci_gatt_server_confirmation_event
                0x0000000008010488       0x16 ./Middlewares/BlueNRG-2/Wireless/BlueNRG-2/HCI_TL/Basic/bluenrg1_events_cb.o
                0x0000000008010488                aci_gatt_server_confirmation_event
 .text.aci_gatt_prepare_write_permit_req_event
                0x000000000801049e       0x28 ./Middlewares/BlueNRG-2/Wireless/BlueNRG-2/HCI_TL/Basic/bluenrg1_events_cb.o
                0x000000000801049e                aci_gatt_prepare_write_permit_req_event
 .text.aci_l2cap_connection_update_resp_event
                0x00000000080104c6       0x1c ./Middlewares/BlueNRG-2/Wireless/BlueNRG-2/HCI_TL/Basic/bluenrg1_events_cb.o
                0x00000000080104c6                aci_l2cap_connection_update_resp_event
 .text.aci_l2cap_proc_timeout_event
                0x00000000080104e2       0x1c ./Middlewares/BlueNRG-2/Wireless/BlueNRG-2/HCI_TL/Basic/bluenrg1_events_cb.o
                0x00000000080104e2                aci_l2cap_proc_timeout_event
 .text.aci_l2cap_connection_update_req_event
                0x00000000080104fe       0x28 ./Middlewares/BlueNRG-2/Wireless/BlueNRG-2/HCI_TL/Basic/bluenrg1_events_cb.o
                0x00000000080104fe                aci_l2cap_connection_update_req_event
 .text.aci_l2cap_command_reject_event
                0x0000000008010526       0x28 ./Middlewares/BlueNRG-2/Wireless/BlueNRG-2/HCI_TL/Basic/bluenrg1_events_cb.o
                0x0000000008010526                aci_l2cap_command_reject_event
 .text.aci_blue_initialized_event
                0x000000000801054e       0x16 ./Middlewares/BlueNRG-2/Wireless/BlueNRG-2/HCI_TL/Basic/bluenrg1_events_cb.o
                0x000000000801054e                aci_blue_initialized_event
 .text.aci_blue_events_lost_event
                0x0000000008010564       0x14 ./Middlewares/BlueNRG-2/Wireless/BlueNRG-2/HCI_TL/Basic/bluenrg1_events_cb.o
                0x0000000008010564                aci_blue_events_lost_event
 .text.aci_blue_crash_info_event
                0x0000000008010578       0x1c ./Middlewares/BlueNRG-2/Wireless/BlueNRG-2/HCI_TL/Basic/bluenrg1_events_cb.o
                0x0000000008010578                aci_blue_crash_info_event
 .text.aci_hal_end_of_radio_activity_event
                0x0000000008010594       0x1c ./Middlewares/BlueNRG-2/Wireless/BlueNRG-2/HCI_TL/Basic/bluenrg1_events_cb.o
                0x0000000008010594                aci_hal_end_of_radio_activity_event
 .text.aci_hal_scan_req_report_event
                0x00000000080105b0       0x1c ./Middlewares/BlueNRG-2/Wireless/BlueNRG-2/HCI_TL/Basic/bluenrg1_events_cb.o
                0x00000000080105b0                aci_hal_scan_req_report_event
 .text.aci_hal_fw_error_event
                0x00000000080105cc       0x1c ./Middlewares/BlueNRG-2/Wireless/BlueNRG-2/HCI_TL/Basic/bluenrg1_events_cb.o
                0x00000000080105cc                aci_hal_fw_error_event
 .text.hci_reset
                0x00000000080105e8       0x52 ./Middlewares/BlueNRG-2/Wireless/BlueNRG-2/HCI_TL/Basic/bluenrg1_hci_le.o
                0x00000000080105e8                hci_reset
 .text.hci_read_local_version_information
                0x000000000801063a       0x8c ./Middlewares/BlueNRG-2/Wireless/BlueNRG-2/HCI_TL/Basic/bluenrg1_hci_le.o
                0x000000000801063a                hci_read_local_version_information
 .text.hci_le_set_scan_response_data
                0x00000000080106c6       0xf2 ./Middlewares/BlueNRG-2/Wireless/BlueNRG-2/HCI_TL/Basic/bluenrg1_hci_le.o
                0x00000000080106c6                hci_le_set_scan_response_data
 .text.verify_packet
                0x00000000080107b8       0x40 ./Middlewares/BlueNRG-2/Wireless/BlueNRG-2/HCI_TL/Basic/hci_tl.o
 .text.send_cmd
                0x00000000080107f8       0x80 ./Middlewares/BlueNRG-2/Wireless/BlueNRG-2/HCI_TL/Basic/hci_tl.o
 .text.move_list
                0x0000000008010878       0x38 ./Middlewares/BlueNRG-2/Wireless/BlueNRG-2/HCI_TL/Basic/hci_tl.o
 .text.free_event_list
                0x00000000080108b0       0x3c ./Middlewares/BlueNRG-2/Wireless/BlueNRG-2/HCI_TL/Basic/hci_tl.o
 .text.hci_init
                0x00000000080108ec       0x84 ./Middlewares/BlueNRG-2/Wireless/BlueNRG-2/HCI_TL/Basic/hci_tl.o
                0x00000000080108ec                hci_init
 .text.hci_register_io_bus
                0x0000000008010970       0x40 ./Middlewares/BlueNRG-2/Wireless/BlueNRG-2/HCI_TL/Basic/hci_tl.o
                0x0000000008010970                hci_register_io_bus
 .text.hci_send_req
                0x00000000080109b0      0x230 ./Middlewares/BlueNRG-2/Wireless/BlueNRG-2/HCI_TL/Basic/hci_tl.o
                0x00000000080109b0                hci_send_req
 .text.hci_user_evt_proc
                0x0000000008010be0       0x58 ./Middlewares/BlueNRG-2/Wireless/BlueNRG-2/HCI_TL/Basic/hci_tl.o
                0x0000000008010be0                hci_user_evt_proc
 .text.hci_notify_asynch_evt
                0x0000000008010c38       0x9c ./Middlewares/BlueNRG-2/Wireless/BlueNRG-2/HCI_TL/Basic/hci_tl.o
                0x0000000008010c38                hci_notify_asynch_evt
 .text.list_init_head
                0x0000000008010cd4       0x20 ./Middlewares/BlueNRG-2/Wireless/BlueNRG-2/Utils/ble_list.o
                0x0000000008010cd4                list_init_head
 .text.list_is_empty
                0x0000000008010cf4       0x44 ./Middlewares/BlueNRG-2/Wireless/BlueNRG-2/Utils/ble_list.o
                0x0000000008010cf4                list_is_empty
 .text.list_insert_head
                0x0000000008010d38       0x4c ./Middlewares/BlueNRG-2/Wireless/BlueNRG-2/Utils/ble_list.o
                0x0000000008010d38                list_insert_head
 .text.list_insert_tail
                0x0000000008010d84       0x4c ./Middlewares/BlueNRG-2/Wireless/BlueNRG-2/Utils/ble_list.o
                0x0000000008010d84                list_insert_tail
 .text.list_remove_node
                0x0000000008010dd0       0x42 ./Middlewares/BlueNRG-2/Wireless/BlueNRG-2/Utils/ble_list.o
                0x0000000008010dd0                list_remove_node
 .text.list_remove_head
                0x0000000008010e12       0x4e ./Middlewares/BlueNRG-2/Wireless/BlueNRG-2/Utils/ble_list.o
                0x0000000008010e12                list_remove_head
 .text.list_remove_tail
                0x0000000008010e60       0x4e ./Middlewares/BlueNRG-2/Wireless/BlueNRG-2/Utils/ble_list.o
                0x0000000008010e60                list_remove_tail
 .text.list_get_size
                0x0000000008010eae       0x50 ./Middlewares/BlueNRG-2/Wireless/BlueNRG-2/Utils/ble_list.o
                0x0000000008010eae                list_get_size
 .text.atoi     0x0000000008010efe        0x8 E:/STM32CubeIDE_1.13.1/STM32CubeIDE/plugins/com.st.stm32cube.ide.mcu.externaltools.gnu-tools-for-stm32.11.3.rel1.win32_1.1.0.202305231506/tools/bin/../lib/gcc/arm-none-eabi/11.3.1/../../../../arm-none-eabi/lib/thumb/v7e-m+fp/hard\libc_nano.a(libc_a-atoi.o)
                0x0000000008010efe                atoi
 *fill*         0x0000000008010f06        0x2 
 .text.srand    0x0000000008010f08       0x5c E:/STM32CubeIDE_1.13.1/STM32CubeIDE/plugins/com.st.stm32cube.ide.mcu.externaltools.gnu-tools-for-stm32.11.3.rel1.win32_1.1.0.202305231506/tools/bin/../lib/gcc/arm-none-eabi/11.3.1/../../../../arm-none-eabi/lib/thumb/v7e-m+fp/hard\libc_nano.a(libc_a-rand.o)
                0x0000000008010f08                srand
 .text.rand     0x0000000008010f64       0x7c E:/STM32CubeIDE_1.13.1/STM32CubeIDE/plugins/com.st.stm32cube.ide.mcu.externaltools.gnu-tools-for-stm32.11.3.rel1.win32_1.1.0.202305231506/tools/bin/../lib/gcc/arm-none-eabi/11.3.1/../../../../arm-none-eabi/lib/thumb/v7e-m+fp/hard\libc_nano.a(libc_a-rand.o)
                0x0000000008010f64                rand
 .text._strtol_l.constprop.0
                0x0000000008010fe0      0x104 E:/STM32CubeIDE_1.13.1/STM32CubeIDE/plugins/com.st.stm32cube.ide.mcu.externaltools.gnu-tools-for-stm32.11.3.rel1.win32_1.1.0.202305231506/tools/bin/../lib/gcc/arm-none-eabi/11.3.1/../../../../arm-none-eabi/lib/thumb/v7e-m+fp/hard\libc_nano.a(libc_a-strtol.o)
 .text.strtol   0x00000000080110e4       0x14 E:/STM32CubeIDE_1.13.1/STM32CubeIDE/plugins/com.st.stm32cube.ide.mcu.externaltools.gnu-tools-for-stm32.11.3.rel1.win32_1.1.0.202305231506/tools/bin/../lib/gcc/arm-none-eabi/11.3.1/../../../../arm-none-eabi/lib/thumb/v7e-m+fp/hard\libc_nano.a(libc_a-strtol.o)
                0x00000000080110e4                strtol
 .text.std      0x00000000080110f8       0x48 E:/STM32CubeIDE_1.13.1/STM32CubeIDE/plugins/com.st.stm32cube.ide.mcu.externaltools.gnu-tools-for-stm32.11.3.rel1.win32_1.1.0.202305231506/tools/bin/../lib/gcc/arm-none-eabi/11.3.1/../../../../arm-none-eabi/lib/thumb/v7e-m+fp/hard\libc_nano.a(libc_a-findfp.o)
 .text.stdio_exit_handler
                0x0000000008011140       0x18 E:/STM32CubeIDE_1.13.1/STM32CubeIDE/plugins/com.st.stm32cube.ide.mcu.externaltools.gnu-tools-for-stm32.11.3.rel1.win32_1.1.0.202305231506/tools/bin/../lib/gcc/arm-none-eabi/11.3.1/../../../../arm-none-eabi/lib/thumb/v7e-m+fp/hard\libc_nano.a(libc_a-findfp.o)
 .text.cleanup_stdio
                0x0000000008011158       0x40 E:/STM32CubeIDE_1.13.1/STM32CubeIDE/plugins/com.st.stm32cube.ide.mcu.externaltools.gnu-tools-for-stm32.11.3.rel1.win32_1.1.0.202305231506/tools/bin/../lib/gcc/arm-none-eabi/11.3.1/../../../../arm-none-eabi/lib/thumb/v7e-m+fp/hard\libc_nano.a(libc_a-findfp.o)
 .text.global_stdio_init.part.0
                0x0000000008011198       0x3c E:/STM32CubeIDE_1.13.1/STM32CubeIDE/plugins/com.st.stm32cube.ide.mcu.externaltools.gnu-tools-for-stm32.11.3.rel1.win32_1.1.0.202305231506/tools/bin/../lib/gcc/arm-none-eabi/11.3.1/../../../../arm-none-eabi/lib/thumb/v7e-m+fp/hard\libc_nano.a(libc_a-findfp.o)
 .text.__sfp_lock_acquire
                0x00000000080111d4        0xc E:/STM32CubeIDE_1.13.1/STM32CubeIDE/plugins/com.st.stm32cube.ide.mcu.externaltools.gnu-tools-for-stm32.11.3.rel1.win32_1.1.0.202305231506/tools/bin/../lib/gcc/arm-none-eabi/11.3.1/../../../../arm-none-eabi/lib/thumb/v7e-m+fp/hard\libc_nano.a(libc_a-findfp.o)
                0x00000000080111d4                __sfp_lock_acquire
 .text.__sfp_lock_release
                0x00000000080111e0        0xc E:/STM32CubeIDE_1.13.1/STM32CubeIDE/plugins/com.st.stm32cube.ide.mcu.externaltools.gnu-tools-for-stm32.11.3.rel1.win32_1.1.0.202305231506/tools/bin/../lib/gcc/arm-none-eabi/11.3.1/../../../../arm-none-eabi/lib/thumb/v7e-m+fp/hard\libc_nano.a(libc_a-findfp.o)
                0x00000000080111e0                __sfp_lock_release
 .text.__sinit  0x00000000080111ec       0x30 E:/STM32CubeIDE_1.13.1/STM32CubeIDE/plugins/com.st.stm32cube.ide.mcu.externaltools.gnu-tools-for-stm32.11.3.rel1.win32_1.1.0.202305231506/tools/bin/../lib/gcc/arm-none-eabi/11.3.1/../../../../arm-none-eabi/lib/thumb/v7e-m+fp/hard\libc_nano.a(libc_a-findfp.o)
                0x00000000080111ec                __sinit
 .text._fwalk_sglue
                0x000000000801121c       0x3c E:/STM32CubeIDE_1.13.1/STM32CubeIDE/plugins/com.st.stm32cube.ide.mcu.externaltools.gnu-tools-for-stm32.11.3.rel1.win32_1.1.0.202305231506/tools/bin/../lib/gcc/arm-none-eabi/11.3.1/../../../../arm-none-eabi/lib/thumb/v7e-m+fp/hard\libc_nano.a(libc_a-fwalk.o)
                0x000000000801121c                _fwalk_sglue
 .text.printf   0x0000000008011258       0x24 E:/STM32CubeIDE_1.13.1/STM32CubeIDE/plugins/com.st.stm32cube.ide.mcu.externaltools.gnu-tools-for-stm32.11.3.rel1.win32_1.1.0.202305231506/tools/bin/../lib/gcc/arm-none-eabi/11.3.1/../../../../arm-none-eabi/lib/thumb/v7e-m+fp/hard\libc_nano.a(libc_a-printf.o)
                0x0000000008011258                iprintf
                0x0000000008011258                printf
 .text._puts_r  0x000000000801127c       0xa8 E:/STM32CubeIDE_1.13.1/STM32CubeIDE/plugins/com.st.stm32cube.ide.mcu.externaltools.gnu-tools-for-stm32.11.3.rel1.win32_1.1.0.202305231506/tools/bin/../lib/gcc/arm-none-eabi/11.3.1/../../../../arm-none-eabi/lib/thumb/v7e-m+fp/hard\libc_nano.a(libc_a-puts.o)
                0x000000000801127c                _puts_r
 .text.puts     0x0000000008011324       0x10 E:/STM32CubeIDE_1.13.1/STM32CubeIDE/plugins/com.st.stm32cube.ide.mcu.externaltools.gnu-tools-for-stm32.11.3.rel1.win32_1.1.0.202305231506/tools/bin/../lib/gcc/arm-none-eabi/11.3.1/../../../../arm-none-eabi/lib/thumb/v7e-m+fp/hard\libc_nano.a(libc_a-puts.o)
                0x0000000008011324                puts
 .text.sprintf  0x0000000008011334       0x40 E:/STM32CubeIDE_1.13.1/STM32CubeIDE/plugins/com.st.stm32cube.ide.mcu.externaltools.gnu-tools-for-stm32.11.3.rel1.win32_1.1.0.202305231506/tools/bin/../lib/gcc/arm-none-eabi/11.3.1/../../../../arm-none-eabi/lib/thumb/v7e-m+fp/hard\libc_nano.a(libc_a-sprintf.o)
                0x0000000008011334                siprintf
                0x0000000008011334                sprintf
 .text.__sread  0x0000000008011374       0x22 E:/STM32CubeIDE_1.13.1/STM32CubeIDE/plugins/com.st.stm32cube.ide.mcu.externaltools.gnu-tools-for-stm32.11.3.rel1.win32_1.1.0.202305231506/tools/bin/../lib/gcc/arm-none-eabi/11.3.1/../../../../arm-none-eabi/lib/thumb/v7e-m+fp/hard\libc_nano.a(libc_a-stdio.o)
                0x0000000008011374                __sread
 .text.__swrite
                0x0000000008011396       0x38 E:/STM32CubeIDE_1.13.1/STM32CubeIDE/plugins/com.st.stm32cube.ide.mcu.externaltools.gnu-tools-for-stm32.11.3.rel1.win32_1.1.0.202305231506/tools/bin/../lib/gcc/arm-none-eabi/11.3.1/../../../../arm-none-eabi/lib/thumb/v7e-m+fp/hard\libc_nano.a(libc_a-stdio.o)
                0x0000000008011396                __swrite
 .text.__sseek  0x00000000080113ce       0x24 E:/STM32CubeIDE_1.13.1/STM32CubeIDE/plugins/com.st.stm32cube.ide.mcu.externaltools.gnu-tools-for-stm32.11.3.rel1.win32_1.1.0.202305231506/tools/bin/../lib/gcc/arm-none-eabi/11.3.1/../../../../arm-none-eabi/lib/thumb/v7e-m+fp/hard\libc_nano.a(libc_a-stdio.o)
                0x00000000080113ce                __sseek
 .text.__sclose
                0x00000000080113f2        0x8 E:/STM32CubeIDE_1.13.1/STM32CubeIDE/plugins/com.st.stm32cube.ide.mcu.externaltools.gnu-tools-for-stm32.11.3.rel1.win32_1.1.0.202305231506/tools/bin/../lib/gcc/arm-none-eabi/11.3.1/../../../../arm-none-eabi/lib/thumb/v7e-m+fp/hard\libc_nano.a(libc_a-stdio.o)
                0x00000000080113f2                __sclose
 .text.__swbuf_r