D:/STM32CubeIDE_Workspace/SensorDemo_BLESensor-App/Drivers/BSP/STM32L4xx_Nucleo/stm32l4xx_nucleo.c:94:9:BSP_GetVersion	4	static
D:/STM32CubeIDE_Workspace/SensorDemo_BLESensor-App/Drivers/BSP/STM32L4xx_Nucleo/stm32l4xx_nucleo.c:106:9:BSP_LED_Init	16	static
D:/STM32CubeIDE_Workspace/SensorDemo_BLESensor-App/Drivers/BSP/STM32L4xx_Nucleo/stm32l4xx_nucleo.c:121:9:BSP_LED_DeInit	40	static
D:/STM32CubeIDE_Workspace/SensorDemo_BLESensor-App/Drivers/BSP/STM32L4xx_Nucleo/stm32l4xx_nucleo.c:144:9:BSP_LED_On	16	static
D:/STM32CubeIDE_Workspace/SensorDemo_BLESensor-App/Drivers/BSP/STM32L4xx_Nucleo/stm32l4xx_nucleo.c:161:9:BSP_LED_Off	16	static
D:/STM32CubeIDE_Workspace/SensorDemo_BLESensor-App/Drivers/BSP/STM32L4xx_Nucleo/stm32l4xx_nucleo.c:178:9:BSP_LED_Toggle	16	static
D:/STM32CubeIDE_Workspace/SensorDemo_BLESensor-App/Drivers/BSP/STM32L4xx_Nucleo/stm32l4xx_nucleo.c:195:9:BSP_LED_GetState	16	static
D:/STM32CubeIDE_Workspace/SensorDemo_BLESensor-App/Drivers/BSP/STM32L4xx_Nucleo/stm32l4xx_nucleo.c:203:13:LED_USER_GPIO_Init	40	static
D:/STM32CubeIDE_Workspace/SensorDemo_BLESensor-App/Drivers/BSP/STM32L4xx_Nucleo/stm32l4xx_nucleo.c:237:9:BSP_PB_Init	24	static
D:/STM32CubeIDE_Workspace/SensorDemo_BLESensor-App/Drivers/BSP/STM32L4xx_Nucleo/stm32l4xx_nucleo.c:277:9:BSP_PB_DeInit	40	static
D:/STM32CubeIDE_Workspace/SensorDemo_BLESensor-App/Drivers/BSP/STM32L4xx_Nucleo/stm32l4xx_nucleo.c:295:9:BSP_PB_GetState	16	static
D:/STM32CubeIDE_Workspace/SensorDemo_BLESensor-App/Drivers/BSP/STM32L4xx_Nucleo/stm32l4xx_nucleo.c:304:6:BSP_PB_IRQHandler	16	static
D:/STM32CubeIDE_Workspace/SensorDemo_BLESensor-App/Drivers/BSP/STM32L4xx_Nucleo/stm32l4xx_nucleo.c:314:13:BSP_PB_Callback	16	static
D:/STM32CubeIDE_Workspace/SensorDemo_BLESensor-App/Drivers/BSP/STM32L4xx_Nucleo/stm32l4xx_nucleo.c:327:13:BUTTON_USER_EXTI_Callback	8	static
D:/STM32CubeIDE_Workspace/SensorDemo_BLESensor-App/Drivers/BSP/STM32L4xx_Nucleo/stm32l4xx_nucleo.c:336:13:BUTTON_USER_GPIO_Init	40	static
D:/STM32CubeIDE_Workspace/SensorDemo_BLESensor-App/Drivers/BSP/STM32L4xx_Nucleo/stm32l4xx_nucleo.c:363:9:BSP_COM_Init	24	static
D:/STM32CubeIDE_Workspace/SensorDemo_BLESensor-App/Drivers/BSP/STM32L4xx_Nucleo/stm32l4xx_nucleo.c:401:9:BSP_COM_DeInit	24	static
D:/STM32CubeIDE_Workspace/SensorDemo_BLESensor-App/Drivers/BSP/STM32L4xx_Nucleo/stm32l4xx_nucleo.c:438:26:MX_USART2_UART_Init	24	static
D:/STM32CubeIDE_Workspace/SensorDemo_BLESensor-App/Drivers/BSP/STM32L4xx_Nucleo/stm32l4xx_nucleo.c:542:9:BSP_COM_SelectLogPort	16	static
D:/STM32CubeIDE_Workspace/SensorDemo_BLESensor-App/Drivers/BSP/STM32L4xx_Nucleo/stm32l4xx_nucleo.c:588:5:__io_putchar	16	static
D:/STM32CubeIDE_Workspace/SensorDemo_BLESensor-App/Drivers/BSP/STM32L4xx_Nucleo/stm32l4xx_nucleo.c:601:13:USART2_MspInit	184	static
D:/STM32CubeIDE_Workspace/SensorDemo_BLESensor-App/Drivers/BSP/STM32L4xx_Nucleo/stm32l4xx_nucleo.c:642:13:USART2_MspDeInit	16	static
