D:/STM32CubeIDE_Workspace/SensorDemo_BLESensor-App/Src/main.c:75:5:main	8	static
D:/STM32CubeIDE_Workspace/SensorDemo_BLESensor-App/Src/main.c:144:6:SystemClock_Config	96	static
D:/STM32CubeIDE_Workspace/SensorDemo_BLESensor-App/Src/main.c:193:6:PeriphCommonClock_Config	144	static
D:/STM32CubeIDE_Workspace/SensorDemo_BLESensor-App/Src/main.c:219:13:MX_ADC1_Init	48	static
D:/STM32CubeIDE_Workspace/SensorDemo_BLESensor-App/Src/main.c:286:13:MX_ADC2_Init	32	static
D:/STM32CubeIDE_Workspace/SensorDemo_BLESensor-App/Src/main.c:344:13:MX_CRC_Init	8	static
D:/STM32CubeIDE_Workspace/SensorDemo_BLESensor-App/Src/main.c:375:13:MX_GPIO_Init	48	static
D:/STM32CubeIDE_Workspace/SensorDemo_BLESensor-App/Src/main.c:422:6:Error_Handler	4	static,ignoring_inline_asm
