D:/STM32CubeIDE_Workspace/SensorDemo_BLESensor-App/Src/main.c:76:5:main	8	static
D:/STM32CubeIDE_Workspace/SensorDemo_BLESensor-App/Src/main.c:164:6:SystemClock_Config	96	static
D:/STM32CubeIDE_Workspace/SensorDemo_BLESensor-App/Src/main.c:213:6:PeriphCommonClock_Config	144	static
D:/STM32CubeIDE_Workspace/SensorDemo_BLESensor-App/Src/main.c:239:13:MX_ADC1_Init	48	static
D:/STM32CubeIDE_Workspace/SensorDemo_BLESensor-App/Src/main.c:306:13:MX_ADC2_Init	32	static
D:/STM32CubeIDE_Workspace/SensorDemo_BLESensor-App/Src/main.c:364:13:MX_CRC_Init	8	static
D:/STM32CubeIDE_Workspace/SensorDemo_BLESensor-App/Src/main.c:395:13:MX_GPIO_Init	48	static
D:/STM32CubeIDE_Workspace/SensorDemo_BLESensor-App/Src/main.c:452:6:Error_Handler	4	static,ignoring_inline_asm
