D:/STM32CubeIDE_Workspace/SensorDemo_BLESensor-App/Src/main.c:75:5:main	5
D:/STM32CubeIDE_Workspace/SensorDemo_BLESensor-App/Src/main.c:144:6:SystemClock_Config	4
D:/STM32CubeIDE_Workspace/SensorDemo_BLESensor-App/Src/main.c:193:6:PeriphCommonClock_Config	2
D:/STM32CubeIDE_Workspace/SensorDemo_BLESensor-App/Src/main.c:219:13:MX_ADC1_Init	4
D:/STM32CubeIDE_Workspace/SensorDemo_BLESensor-App/Src/main.c:286:13:MX_ADC2_Init	3
D:/STM32CubeIDE_Workspace/SensorDemo_BLESensor-App/Src/main.c:344:13:MX_CRC_Init	2
D:/STM32CubeIDE_Workspace/SensorDemo_BLESensor-App/Src/main.c:375:13:MX_GPIO_Init	1
D:/STM32CubeIDE_Workspace/SensorDemo_BLESensor-App/Src/main.c:422:6:Error_Handler	1
