D:/STM32CubeIDE_Workspace/SensorDemo_BLESensor-App/Src/main.c:76:5:main	7
D:/STM32CubeIDE_Workspace/SensorDemo_BLESensor-App/Src/main.c:164:6:SystemClock_Config	4
D:/STM32CubeIDE_Workspace/SensorDemo_BLESensor-App/Src/main.c:213:6:PeriphCommonClock_Config	2
D:/STM32CubeIDE_Workspace/SensorDemo_BLESensor-App/Src/main.c:239:13:MX_ADC1_Init	4
D:/STM32CubeIDE_Workspace/SensorDemo_BLESensor-App/Src/main.c:306:13:MX_ADC2_Init	3
D:/STM32CubeIDE_Workspace/SensorDemo_BLESensor-App/Src/main.c:364:13:MX_CRC_Init	2
D:/STM32CubeIDE_Workspace/SensorDemo_BLESensor-App/Src/main.c:395:13:MX_GPIO_Init	1
D:/STM32CubeIDE_Workspace/SensorDemo_BLESensor-App/Src/main.c:452:6:Error_Handler	1
