D:/STM32CubeIDE_Workspace/SensorDemo_BLESensor-App/Src/stm32l4xx_nucleo_bus.c:89:9:BSP_SPI1_Init	16	static
D:/STM32CubeIDE_Workspace/SensorDemo_BLESensor-App/Src/stm32l4xx_nucleo_bus.c:130:9:BSP_SPI1_DeInit	16	static
D:/STM32CubeIDE_Workspace/SensorDemo_BLESensor-App/Src/stm32l4xx_nucleo_bus.c:156:9:BSP_SPI1_Send	24	static
D:/STM32CubeIDE_Workspace/SensorDemo_BLESensor-App/Src/stm32l4xx_nucleo_bus.c:173:10:BSP_SPI1_Recv	24	static
D:/STM32CubeIDE_Workspace/SensorDemo_BLESensor-App/Src/stm32l4xx_nucleo_bus.c:190:9:BSP_SPI1_SendRecv	40	static
D:/STM32CubeIDE_Workspace/SensorDemo_BLESensor-App/Src/stm32l4xx_nucleo_bus.c:259:9:BSP_GetTick	8	static
D:/STM32CubeIDE_Workspace/SensorDemo_BLESensor-App/Src/stm32l4xx_nucleo_bus.c:265:26:MX_SPI1_Init	24	static
D:/STM32CubeIDE_Workspace/SensorDemo_BLESensor-App/Src/stm32l4xx_nucleo_bus.c:291:13:SPI1_MspInit	48	static
D:/STM32CubeIDE_Workspace/SensorDemo_BLESensor-App/Src/stm32l4xx_nucleo_bus.c:333:13:SPI1_MspDeInit	16	static
